<?xml version="1.0" encoding="utf-8"?>
<TestRun id="cd7882c9-9078-450f-a597-1e693606b554" name="@991ca70644d4 2026-09-01 10:54:14" xmlns="http://microsoft.com/schemas/VisualStudio/TeamTest/2010">
  <Times creation="2026-09-01T10:54:14.7173444+02:00" queuing="2026-09-01T10:54:14.7173444+02:00" start="2026-09-01T10:54:13.0446009+02:00" finish="2026-09-01T10:54:14.9053963+02:00" />
  <TestSettings name="default" id="7f8b68b4-b1e0-45de-a12f-9b038f3998b7">
    <Deployment runDeploymentRoot="_991ca70644d4_2026-09-01_10_54_14" />
  </TestSettings>
  <Results>
    <UnitTestResult executionId="dc1e56c9-84ed-4e9b-a7f7-771e1a4ebb4c" testId="640933d9-1003-f5c9-1fd3-9af8a6fe0e6b" testName="FS.GG.Coordination.GitHubIntakeTests.validation is pure canonical and permits only five initialization families" computerName="991ca70644d4" duration="00:00:00.0014714" startTime="2026-09-01T10:54:13.4226190+02:00" endTime="2026-09-01T10:54:13.4240429+02:00" testType="13cdc9d9-ddb5-4fa4-a97d-d965ccfc6d4b" outcome="Passed" testListId="8c84fa94-04c1-424b-9868-57a2d4851a1d" relativeResultsDirectory="dc1e56c9-84ed-4e9b-a7f7-771e1a4ebb4c" />
    <UnitTestResult executionId="183d1891-d56b-43c9-b698-1b95ac2f0c63" testId="81547f3b-04b6-bdd3-2565-4664ab85014b" testName="FS.GG.Coordination.GitHubIntakeTests.sealed plan has stable operation identities dependencies and exact contracts" computerName="991ca70644d4" duration="00:00:00.0509383" startTime="2026-09-01T10:54:13.3530041+02:00" endTime="2026-09-01T10:54:13.4062751+02:00" testType="13cdc9d9-ddb5-4fa4-a97d-d965ccfc6d4b" outcome="Passed" testListId="8c84fa94-04c1-424b-9868-57a2d4851a1d" relativeResultsDirectory="183d1891-d56b-43c9-b698-1b95ac2f0c63" />
    <UnitTestResult executionId="4d37d4ca-c189-4b56-ae72-036fcd553e69" testId="0616598c-afe3-151e-377b-805ca91a78cd" testName="FS.GG.Coordination.GitHubIntakeArchitectureTests.intake fixture inventory is canonical and independently owned" computerName="991ca70644d4" duration="00:00:00.0029905" startTime="2026-09-01T10:54:13.3538091+02:00" endTime="2026-09-01T10:54:13.3595914+02:00" testType="13cdc9d9-ddb5-4fa4-a97d-d965ccfc6d4b" outcome="Passed" testListId="8c84fa94-04c1-424b-9868-57a2d4851a1d" relativeResultsDirectory="4d37d4ca-c189-4b56-ae72-036fcd553e69" />
    <UnitTestResult executionId="af83bd8e-db31-4aa4-9255-b50867af12f0" testId="bf319a7d-9805-3b1d-0e76-85cdcb48f07e" testName="FS.GG.Coordination.GitHubIntakeArchitectureTests.registered intake gate runs cold and offline" computerName="991ca70644d4" duration="00:00:01.5080985" startTime="2026-09-01T10:54:13.3653987+02:00" endTime="2026-09-01T10:54:14.8677772+02:00" testType="13cdc9d9-ddb5-4fa4-a97d-d965ccfc6d4b" outcome="Passed" testListId="8c84fa94-04c1-424b-9868-57a2d4851a1d" relativeResultsDirectory="af83bd8e-db31-4aa4-9255-b50867af12f0" />
    <UnitTestResult executionId="113067bd-6504-4e64-96ef-96e17c6acc5f" testId="279e8ecc-71ee-e38b-ab32-965e7fda4732" testName="FS.GG.Coordination.GitHubIntakeArchitectureTests.intake boundary is signature first and contains no production transport" computerName="991ca70644d4" duration="00:00:00.0003415" startTime="2026-09-01T10:54:14.8680880+02:00" endTime="2026-09-01T10:54:14.8681335+02:00" testType="13cdc9d9-ddb5-4fa4-a97d-d965ccfc6d4b" outcome="Passed" testListId="8c84fa94-04c1-424b-9868-57a2d4851a1d" relativeResultsDirectory="113067bd-6504-4e64-96ef-96e17c6acc5f" />
    <UnitTestResult executionId="9d85046f-7a34-4f8f-9046-a503ab73f976" testId="fa026685-e353-c15d-bdda-719e239b56bb" testName="FS.GG.Coordination.GitHubIntakeTests.intake qualification inventory is independently exact" computerName="991ca70644d4" duration="00:00:00.0011199" startTime="2026-09-01T10:54:13.4262839+02:00" endTime="2026-09-01T10:54:13.4273358+02:00" testType="13cdc9d9-ddb5-4fa4-a97d-d965ccfc6d4b" outcome="Passed" testListId="8c84fa94-04c1-424b-9868-57a2d4851a1d" relativeResultsDirectory="9d85046f-7a34-4f8f-9046-a503ab73f976" />
    <UnitTestResult executionId="2bb67dca-7f3b-40bd-94d9-5bc3f1316a8f" testId="3ed5b3b0-2d02-1caa-2e55-d7778df890e7" testName="FS.GG.Coordination.GitHubIntakeTests.planning preserves every typed refusal family and repository scope" computerName="991ca70644d4" duration="00:00:00.0062002" startTime="2026-09-01T10:54:13.4066435+02:00" endTime="2026-09-01T10:54:13.4125199+02:00" testType="13cdc9d9-ddb5-4fa4-a97d-d965ccfc6d4b" outcome="Passed" testListId="8c84fa94-04c1-424b-9868-57a2d4851a1d" relativeResultsDirectory="2bb67dca-7f3b-40bd-94d9-5bc3f1316a8f" />
    <UnitTestResult executionId="e16a6e7b-d611-496b-8dd3-958251b73880" testId="98ab9d6e-2939-5d09-564f-364964345e66" testName="FS.GG.Coordination.GitHubIntakeTests.replay resume roll forward and reverse compensation require durable correspondence" computerName="991ca70644d4" duration="00:00:00.0072257" startTime="2026-09-01T10:54:13.4153389+02:00" endTime="2026-09-01T10:54:13.4225424+02:00" testType="13cdc9d9-ddb5-4fa4-a97d-d965ccfc6d4b" outcome="Passed" testListId="8c84fa94-04c1-424b-9868-57a2d4851a1d" relativeResultsDirectory="e16a6e7b-d611-496b-8dd3-958251b73880" />
    <UnitTestResult executionId="6037d3ee-7c8c-4c47-87a5-74a3dbb41d19" testId="4a25f034-05c4-485a-22da-9f654c8e04d4" testName="FS.GG.Coordination.GitHubIntakeTests.inspection proves pages cursors completeness and typed failure outcomes" computerName="991ca70644d4" duration="00:00:00.0027133" startTime="2026-09-01T10:54:13.4125923+02:00" endTime="2026-09-01T10:54:13.4152705+02:00" testType="13cdc9d9-ddb5-4fa4-a97d-d965ccfc6d4b" outcome="Passed" testListId="8c84fa94-04c1-424b-9868-57a2d4851a1d" relativeResultsDirectory="6037d3ee-7c8c-4c47-87a5-74a3dbb41d19" />
    <UnitTestResult executionId="77785aaf-e95e-41e3-a021-4f5bb9b9704b" testId="24613992-4bbf-0dd5-f343-db38bfef594f" testName="FS.GG.Coordination.GitHubIntakeTests.controlled apply fences order post state and partial failures" computerName="991ca70644d4" duration="00:00:00.0021105" startTime="2026-09-01T10:54:13.4241018+02:00" endTime="2026-09-01T10:54:13.4261959+02:00" testType="13cdc9d9-ddb5-4fa4-a97d-d965ccfc6d4b" outcome="Passed" testListId="8c84fa94-04c1-424b-9868-57a2d4851a1d" relativeResultsDirectory="77785aaf-e95e-41e3-a021-4f5bb9b9704b" />
  </Results>
  <TestDefinitions>
    <UnitTest name="FS.GG.Coordination.GitHubIntakeTests.inspection proves pages cursors completeness and typed failure outcomes" storage="/home/developer/projects/fs.gg.coordination-196/tests/fs.gg.coordination.architecturetests/bin/debug/net10.0/fs.gg.coordination.architecturetests.dll" id="4a25f034-05c4-485a-22da-9f654c8e04d4">
      <Execution id="6037d3ee-7c8c-4c47-87a5-74a3dbb41d19" />
      <TestMethod codeBase="/home/developer/projects/FS.GG.Coordination-196/tests/FS.GG.Coordination.ArchitectureTests/bin/Debug/net10.0/FS.GG.Coordination.ArchitectureTests.dll" adapterTypeName="executor://xunit/VsTestRunner3/netcore/" className="FS.GG.Coordination.GitHubIntakeTests" name="inspection proves pages cursors completeness and typed failure outcomes" />
    </UnitTest>
    <UnitTest name="FS.GG.Coordination.GitHubIntakeTests.planning preserves every typed refusal family and repository scope" storage="/home/developer/projects/fs.gg.coordination-196/tests/fs.gg.coordination.architecturetests/bin/debug/net10.0/fs.gg.coordination.architecturetests.dll" id="3ed5b3b0-2d02-1caa-2e55-d7778df890e7">
      <Execution id="2bb67dca-7f3b-40bd-94d9-5bc3f1316a8f" />
      <TestMethod codeBase="/home/developer/projects/FS.GG.Coordination-196/tests/FS.GG.Coordination.ArchitectureTests/bin/Debug/net10.0/FS.GG.Coordination.ArchitectureTests.dll" adapterTypeName="executor://xunit/VsTestRunner3/netcore/" className="FS.GG.Coordination.GitHubIntakeTests" name="planning preserves every typed refusal family and repository scope" />
    </UnitTest>
    <UnitTest name="FS.GG.Coordination.GitHubIntakeTests.controlled apply fences order post state and partial failures" storage="/home/developer/projects/fs.gg.coordination-196/tests/fs.gg.coordination.architecturetests/bin/debug/net10.0/fs.gg.coordination.architecturetests.dll" id="24613992-4bbf-0dd5-f343-db38bfef594f">
      <Execution id="77785aaf-e95e-41e3-a021-4f5bb9b9704b" />
      <TestMethod codeBase="/home/developer/projects/FS.GG.Coordination-196/tests/FS.GG.Coordination.ArchitectureTests/bin/Debug/net10.0/FS.GG.Coordination.ArchitectureTests.dll" adapterTypeName="executor://xunit/VsTestRunner3/netcore/" className="FS.GG.Coordination.GitHubIntakeTests" name="controlled apply fences order post state and partial failures" />
    </UnitTest>
    <UnitTest name="FS.GG.Coordination.GitHubIntakeTests.replay resume roll forward and reverse compensation require durable correspondence" storage="/home/developer/projects/fs.gg.coordination-196/tests/fs.gg.coordination.architecturetests/bin/debug/net10.0/fs.gg.coordination.architecturetests.dll" id="98ab9d6e-2939-5d09-564f-364964345e66">
      <Execution id="e16a6e7b-d611-496b-8dd3-958251b73880" />
      <TestMethod codeBase="/home/developer/projects/FS.GG.Coordination-196/tests/FS.GG.Coordination.ArchitectureTests/bin/Debug/net10.0/FS.GG.Coordination.ArchitectureTests.dll" adapterTypeName="executor://xunit/VsTestRunner3/netcore/" className="FS.GG.Coordination.GitHubIntakeTests" name="replay resume roll forward and reverse compensation require durable correspondence" />
    </UnitTest>
    <UnitTest name="FS.GG.Coordination.GitHubIntakeTests.intake qualification inventory is independently exact" storage="/home/developer/projects/fs.gg.coordination-196/tests/fs.gg.coordination.architecturetests/bin/debug/net10.0/fs.gg.coordination.architecturetests.dll" id="fa026685-e353-c15d-bdda-719e239b56bb">
      <Execution id="9d85046f-7a34-4f8f-9046-a503ab73f976" />
      <TestMethod codeBase="/home/developer/projects/FS.GG.Coordination-196/tests/FS.GG.Coordination.ArchitectureTests/bin/Debug/net10.0/FS.GG.Coordination.ArchitectureTests.dll" adapterTypeName="executor://xunit/VsTestRunner3/netcore/" className="FS.GG.Coordination.GitHubIntakeTests" name="intake qualification inventory is independently exact" />
    </UnitTest>
    <UnitTest name="FS.GG.Coordination.GitHubIntakeTests.sealed plan has stable operation identities dependencies and exact contracts" storage="/home/developer/projects/fs.gg.coordination-196/tests/fs.gg.coordination.architecturetests/bin/debug/net10.0/fs.gg.coordination.architecturetests.dll" id="81547f3b-04b6-bdd3-2565-4664ab85014b">
      <Execution id="183d1891-d56b-43c9-b698-1b95ac2f0c63" />
      <TestMethod codeBase="/home/developer/projects/FS.GG.Coordination-196/tests/FS.GG.Coordination.ArchitectureTests/bin/Debug/net10.0/FS.GG.Coordination.ArchitectureTests.dll" adapterTypeName="executor://xunit/VsTestRunner3/netcore/" className="FS.GG.Coordination.GitHubIntakeTests" name="sealed plan has stable operation identities dependencies and exact contracts" />
    </UnitTest>
    <UnitTest name="FS.GG.Coordination.GitHubIntakeTests.validation is pure canonical and permits only five initialization families" storage="/home/developer/projects/fs.gg.coordination-196/tests/fs.gg.coordination.architecturetests/bin/debug/net10.0/fs.gg.coordination.architecturetests.dll" id="640933d9-1003-f5c9-1fd3-9af8a6fe0e6b">
      <Execution id="dc1e56c9-84ed-4e9b-a7f7-771e1a4ebb4c" />
      <TestMethod codeBase="/home/developer/projects/FS.GG.Coordination-196/tests/FS.GG.Coordination.ArchitectureTests/bin/Debug/net10.0/FS.GG.Coordination.ArchitectureTests.dll" adapterTypeName="executor://xunit/VsTestRunner3/netcore/" className="FS.GG.Coordination.GitHubIntakeTests" name="validation is pure canonical and permits only five initialization families" />
    </UnitTest>
    <UnitTest name="FS.GG.Coordination.GitHubIntakeArchitectureTests.registered intake gate runs cold and offline" storage="/home/developer/projects/fs.gg.coordination-196/tests/fs.gg.coordination.architecturetests/bin/debug/net10.0/fs.gg.coordination.architecturetests.dll" id="bf319a7d-9805-3b1d-0e76-85cdcb48f07e">
      <Execution id="af83bd8e-db31-4aa4-9255-b50867af12f0" />
      <TestMethod codeBase="/home/developer/projects/FS.GG.Coordination-196/tests/FS.GG.Coordination.ArchitectureTests/bin/Debug/net10.0/FS.GG.Coordination.ArchitectureTests.dll" adapterTypeName="executor://xunit/VsTestRunner3/netcore/" className="FS.GG.Coordination.GitHubIntakeArchitectureTests" name="registered intake gate runs cold and offline" />
    </UnitTest>
    <UnitTest name="FS.GG.Coordination.GitHubIntakeArchitectureTests.intake fixture inventory is canonical and independently owned" storage="/home/developer/projects/fs.gg.coordination-196/tests/fs.gg.coordination.architecturetests/bin/debug/net10.0/fs.gg.coordination.architecturetests.dll" id="0616598c-afe3-151e-377b-805ca91a78cd">
      <Execution id="4d37d4ca-c189-4b56-ae72-036fcd553e69" />
      <TestMethod codeBase="/home/developer/projects/FS.GG.Coordination-196/tests/FS.GG.Coordination.ArchitectureTests/bin/Debug/net10.0/FS.GG.Coordination.ArchitectureTests.dll" adapterTypeName="executor://xunit/VsTestRunner3/netcore/" className="FS.GG.Coordination.GitHubIntakeArchitectureTests" name="intake fixture inventory is canonical and independently owned" />
    </UnitTest>
    <UnitTest name="FS.GG.Coordination.GitHubIntakeArchitectureTests.intake boundary is signature first and contains no production transport" storage="/home/developer/projects/fs.gg.coordination-196/tests/fs.gg.coordination.architecturetests/bin/debug/net10.0/fs.gg.coordination.architecturetests.dll" id="279e8ecc-71ee-e38b-ab32-965e7fda4732">
      <Execution id="113067bd-6504-4e64-96ef-96e17c6acc5f" />
      <TestMethod codeBase="/home/developer/projects/FS.GG.Coordination-196/tests/FS.GG.Coordination.ArchitectureTests/bin/Debug/net10.0/FS.GG.Coordination.ArchitectureTests.dll" adapterTypeName="executor://xunit/VsTestRunner3/netcore/" className="FS.GG.Coordination.GitHubIntakeArchitectureTests" name="intake boundary is signature first and contains no production transport" />
    </UnitTest>
  </TestDefinitions>
  <TestEntries>
    <TestEntry testId="640933d9-1003-f5c9-1fd3-9af8a6fe0e6b" executionId="dc1e56c9-84ed-4e9b-a7f7-771e1a4ebb4c" testListId="8c84fa94-04c1-424b-9868-57a2d4851a1d" />
    <TestEntry testId="81547f3b-04b6-bdd3-2565-4664ab85014b" executionId="183d1891-d56b-43c9-b698-1b95ac2f0c63" testListId="8c84fa94-04c1-424b-9868-57a2d4851a1d" />
    <TestEntry testId="0616598c-afe3-151e-377b-805ca91a78cd" executionId="4d37d4ca-c189-4b56-ae72-036fcd553e69" testListId="8c84fa94-04c1-424b-9868-57a2d4851a1d" />
    <TestEntry testId="bf319a7d-9805-3b1d-0e76-85cdcb48f07e" executionId="af83bd8e-db31-4aa4-9255-b50867af12f0" testListId="8c84fa94-04c1-424b-9868-57a2d4851a1d" />
    <TestEntry testId="279e8ecc-71ee-e38b-ab32-965e7fda4732" executionId="113067bd-6504-4e64-96ef-96e17c6acc5f" testListId="8c84fa94-04c1-424b-9868-57a2d4851a1d" />
    <TestEntry testId="fa026685-e353-c15d-bdda-719e239b56bb" executionId="9d85046f-7a34-4f8f-9046-a503ab73f976" testListId="8c84fa94-04c1-424b-9868-57a2d4851a1d" />
    <TestEntry testId="3ed5b3b0-2d02-1caa-2e55-d7778df890e7" executionId="2bb67dca-7f3b-40bd-94d9-5bc3f1316a8f" testListId="8c84fa94-04c1-424b-9868-57a2d4851a1d" />
    <TestEntry testId="98ab9d6e-2939-5d09-564f-364964345e66" executionId="e16a6e7b-d611-496b-8dd3-958251b73880" testListId="8c84fa94-04c1-424b-9868-57a2d4851a1d" />
    <TestEntry testId="4a25f034-05c4-485a-22da-9f654c8e04d4" executionId="6037d3ee-7c8c-4c47-87a5-74a3dbb41d19" testListId="8c84fa94-04c1-424b-9868-57a2d4851a1d" />
    <TestEntry testId="24613992-4bbf-0dd5-f343-db38bfef594f" executionId="77785aaf-e95e-41e3-a021-4f5bb9b9704b" testListId="8c84fa94-04c1-424b-9868-57a2d4851a1d" />
  </TestEntries>
  <TestLists>
    <TestList name="Results Not in a List" id="8c84fa94-04c1-424b-9868-57a2d4851a1d" />
    <TestList name="All Loaded Results" id="19431567-8539-422a-85d7-44ee4e166bda" />
  </TestLists>
  <ResultSummary outcome="Completed">
    <Counters total="10" executed="10" passed="10" failed="0" error="0" timeout="0" aborted="0" inconclusive="0" passedButRunAborted="0" notRunnable="0" notExecuted="0" disconnected="0" warning="0" completed="0" inProgress="0" pending="0" />
    <Output>
      <StdOut>[xUnit.net 00:00:00.00] xUnit.net VSTest Adapter v3.1.5+1b188a7b0a (64-bit .NET 10.0.11)
[xUnit.net 00:00:00.05]   Discovering: FS.GG.Coordination.ArchitectureTests
[xUnit.net 00:00:00.10]   Discovered:  FS.GG.Coordination.ArchitectureTests
[xUnit.net 00:00:00.11]   Starting:    FS.GG.Coordination.ArchitectureTests
[xUnit.net 00:00:01.64]   Finished:    FS.GG.Coordination.ArchitectureTests
</StdOut>
    </Output>
  </ResultSummary>
</TestRun>