<?xml version="1.0" encoding="utf-8"?>
<TestRun id="11423d45-2ec0-4937-930f-2ce3f9cb6b18" name="@0e1d0e6659b7 2026-08-31 17:24:40" xmlns="http://microsoft.com/schemas/VisualStudio/TeamTest/2010">
  <Times creation="2026-08-31T17:24:40.1297502+02:00" queuing="2026-08-31T17:24:40.1297503+02:00" start="2026-08-31T17:24:39.4134926+02:00" finish="2026-08-31T17:24:43.9991577+02:00" />
  <TestSettings name="default" id="2dafae9e-b677-4752-8e51-ab45196cf09b">
    <Deployment runDeploymentRoot="_0e1d0e6659b7_2026-08-31_17_24_40" />
  </TestSettings>
  <Results>
    <UnitTestResult executionId="20b68eae-489c-4904-8be6-098cd999f2a7" testId="1fc10ba4-a9e8-57e3-0c0b-ac7d7d1311d8" testName="FS.GG.Coordination.GitHubProjectAdapterTests.Project qualification inventory is exact and every mutation must turn red" computerName="0e1d0e6659b7" duration="00:00:00.0043753" startTime="2026-08-31T17:24:40.0777620+02:00" endTime="2026-08-31T17:24:40.0820237+02:00" testType="13cdc9d9-ddb5-4fa4-a97d-d965ccfc6d4b" outcome="Passed" testListId="8c84fa94-04c1-424b-9868-57a2d4851a1d" relativeResultsDirectory="20b68eae-489c-4904-8be6-098cd999f2a7" />
    <UnitTestResult executionId="563e20c2-a7e0-442e-b469-884b17a0781c" testId="5642435e-b5b7-65da-84c5-070f59cfd732" testName="FS.GG.Coordination.GitHubProjectAdapterArchitectureTests.registered Project adapter validator is offline uses two producers and passes" computerName="0e1d0e6659b7" duration="00:00:03.9206543" startTime="2026-08-31T17:24:40.0216158+02:00" endTime="2026-08-31T17:24:43.9322821+02:00" testType="13cdc9d9-ddb5-4fa4-a97d-d965ccfc6d4b" outcome="Passed" testListId="8c84fa94-04c1-424b-9868-57a2d4851a1d" relativeResultsDirectory="563e20c2-a7e0-442e-b469-884b17a0781c" />
    <UnitTestResult executionId="9c533a52-8c2d-46ca-8cab-c2d82fe02d28" testId="6ef38b38-dd70-0485-e5ed-bd315666401b" testName="FS.GG.Coordination.GitHubProjectAdapterTests.Status reread and post-state verification require exact projection delta and advanced revision" computerName="0e1d0e6659b7" duration="00:00:00.0232377" startTime="2026-08-31T17:24:40.0421007+02:00" endTime="2026-08-31T17:24:40.0646854+02:00" testType="13cdc9d9-ddb5-4fa4-a97d-d965ccfc6d4b" outcome="Passed" testListId="8c84fa94-04c1-424b-9868-57a2d4851a1d" relativeResultsDirectory="9c533a52-8c2d-46ca-8cab-c2d82fe02d28" />
    <UnitTestResult executionId="17cdfbef-3d2f-4b2c-afc8-3942d3cb6190" testId="dff1904f-6989-4ed1-0758-6f588704aa49" testName="FS.GG.Coordination.GitHubProjectAdapterArchitectureTests.Project adapter public and qualification signatures precede implementations" computerName="0e1d0e6659b7" duration="00:00:00.0042350" startTime="2026-08-31T17:24:40.0011247+02:00" endTime="2026-08-31T17:24:40.0115417+02:00" testType="13cdc9d9-ddb5-4fa4-a97d-d965ccfc6d4b" outcome="Passed" testListId="8c84fa94-04c1-424b-9868-57a2d4851a1d" relativeResultsDirectory="17cdfbef-3d2f-4b2c-afc8-3942d3cb6190" />
    <UnitTestResult executionId="a5de0f3c-9f5a-4231-a0fd-2eb9b5e2a319" testId="e1da26ac-f6d7-475d-3ca4-6fcd449b6654" testName="FS.GG.Coordination.GitHubProjectAdapterArchitectureTests.Project adapter fixture is canonical synthetic offline and closed" computerName="0e1d0e6659b7" duration="00:00:00.0040887" startTime="2026-08-31T17:24:43.9328664+02:00" endTime="2026-08-31T17:24:43.9364962+02:00" testType="13cdc9d9-ddb5-4fa4-a97d-d965ccfc6d4b" outcome="Passed" testListId="8c84fa94-04c1-424b-9868-57a2d4851a1d" relativeResultsDirectory="a5de0f3c-9f5a-4231-a0fd-2eb9b5e2a319" />
    <UnitTestResult executionId="0914aeca-0a91-43a8-91da-10f57e96e880" testId="f9cf34d8-494c-8309-66e0-03060f1d1301" testName="FS.GG.Coordination.GitHubProjectAdapterTests.Status planning validates options and produces mutation-free no-ops" computerName="0e1d0e6659b7" duration="00:00:00.0037114" startTime="2026-08-31T17:24:40.0649191+02:00" endTime="2026-08-31T17:24:40.0684984+02:00" testType="13cdc9d9-ddb5-4fa4-a97d-d965ccfc6d4b" outcome="Passed" testListId="8c84fa94-04c1-424b-9868-57a2d4851a1d" relativeResultsDirectory="0914aeca-0a91-43a8-91da-10f57e96e880" />
    <UnitTestResult executionId="0ed5abda-316c-4de8-ab9f-c781b932a48f" testId="3c1349d9-d681-76a2-1bcb-13b3d6624a8f" testName="FS.GG.Coordination.GitHubProjectAdapterTests.membership planning is deterministic idempotent typed for no-ops and blocks archived items" computerName="0e1d0e6659b7" duration="00:00:00.0027982" startTime="2026-08-31T17:24:40.0748142+02:00" endTime="2026-08-31T17:24:40.0775551+02:00" testType="13cdc9d9-ddb5-4fa4-a97d-d965ccfc6d4b" outcome="Passed" testListId="8c84fa94-04c1-424b-9868-57a2d4851a1d" relativeResultsDirectory="0ed5abda-316c-4de8-ab9f-c781b932a48f" />
    <UnitTestResult executionId="3a5c1a84-073b-41ae-8e03-04fc11b571b7" testId="593e9924-e20c-7a98-2814-fd7b7b3f3357" testName="FS.GG.Coordination.GitHubProjectAdapterTests.membership preserves archived external draft redacted unknown missing and unreadable outcomes" computerName="0e1d0e6659b7" duration="00:00:00.0032375" startTime="2026-08-31T17:24:40.0687239+02:00" endTime="2026-08-31T17:24:40.0718769+02:00" testType="13cdc9d9-ddb5-4fa4-a97d-d965ccfc6d4b" outcome="Passed" testListId="8c84fa94-04c1-424b-9868-57a2d4851a1d" relativeResultsDirectory="3a5c1a84-073b-41ae-8e03-04fc11b571b7" />
    <UnitTestResult executionId="0769293a-5184-4280-bbc9-ac7c01fdde58" testId="962b8dbe-baf8-4297-f973-2e6fc491d018" testName="FS.GG.Coordination.GitHubProjectAdapterTests.Project reads require terminal pagination and reject duplicate item and content identities" computerName="0e1d0e6659b7" duration="00:00:00.0363552" startTime="2026-08-31T17:24:40.0023906+02:00" endTime="2026-08-31T17:24:40.0413617+02:00" testType="13cdc9d9-ddb5-4fa4-a97d-d965ccfc6d4b" outcome="Passed" testListId="8c84fa94-04c1-424b-9868-57a2d4851a1d" relativeResultsDirectory="0769293a-5184-4280-bbc9-ac7c01fdde58" />
    <UnitTestResult executionId="5e852be2-2c2b-40bc-8d90-bc27dd71b0d2" testId="b01b0094-30a3-d703-d1e0-3ce969f87c84" testName="FS.GG.Coordination.GitHubProjectAdapterTests.mandatory rereads and exact post-state checks reject stale and concurrent changes" computerName="0e1d0e6659b7" duration="00:00:00.0032872" startTime="2026-08-31T17:24:40.0902453+02:00" endTime="2026-08-31T17:24:40.0902858+02:00" testType="13cdc9d9-ddb5-4fa4-a97d-d965ccfc6d4b" outcome="Passed" testListId="8c84fa94-04c1-424b-9868-57a2d4851a1d" relativeResultsDirectory="5e852be2-2c2b-40bc-8d90-bc27dd71b0d2" />
    <UnitTestResult executionId="5209cd69-b5a8-4a67-bba8-d6c83b5d72b2" testId="188a3259-5a53-112b-56f0-17ee5fb7bfa1" testName="FS.GG.Coordination.GitHubProjectAdapterTests.Status reads are explicitly projection-only complete and duplicate-safe" computerName="0e1d0e6659b7" duration="00:00:00.0026611" startTime="2026-08-31T17:24:40.0721008+02:00" endTime="2026-08-31T17:24:40.0746211+02:00" testType="13cdc9d9-ddb5-4fa4-a97d-d965ccfc6d4b" outcome="Passed" testListId="8c84fa94-04c1-424b-9868-57a2d4851a1d" relativeResultsDirectory="5209cd69-b5a8-4a67-bba8-d6c83b5d72b2" />
  </Results>
  <TestDefinitions>
    <UnitTest name="FS.GG.Coordination.GitHubProjectAdapterTests.Project reads require terminal pagination and reject duplicate item and content identities" storage="/home/developer/projects/fs.gg.coordination-item-143/tests/fs.gg.coordination.architecturetests/bin/release/net10.0/fs.gg.coordination.architecturetests.dll" id="962b8dbe-baf8-4297-f973-2e6fc491d018">
      <Execution id="0769293a-5184-4280-bbc9-ac7c01fdde58" />
      <TestMethod codeBase="/home/developer/projects/FS.GG.Coordination-item-143/tests/FS.GG.Coordination.ArchitectureTests/bin/Release/net10.0/FS.GG.Coordination.ArchitectureTests.dll" adapterTypeName="executor://xunit/VsTestRunner3/netcore/" className="FS.GG.Coordination.GitHubProjectAdapterTests" name="Project reads require terminal pagination and reject duplicate item and content identities" />
    </UnitTest>
    <UnitTest name="FS.GG.Coordination.GitHubProjectAdapterTests.membership preserves archived external draft redacted unknown missing and unreadable outcomes" storage="/home/developer/projects/fs.gg.coordination-item-143/tests/fs.gg.coordination.architecturetests/bin/release/net10.0/fs.gg.coordination.architecturetests.dll" id="593e9924-e20c-7a98-2814-fd7b7b3f3357">
      <Execution id="3a5c1a84-073b-41ae-8e03-04fc11b571b7" />
      <TestMethod codeBase="/home/developer/projects/FS.GG.Coordination-item-143/tests/FS.GG.Coordination.ArchitectureTests/bin/Release/net10.0/FS.GG.Coordination.ArchitectureTests.dll" adapterTypeName="executor://xunit/VsTestRunner3/netcore/" className="FS.GG.Coordination.GitHubProjectAdapterTests" name="membership preserves archived external draft redacted unknown missing and unreadable outcomes" />
    </UnitTest>
    <UnitTest name="FS.GG.Coordination.GitHubProjectAdapterArchitectureTests.Project adapter fixture is canonical synthetic offline and closed" storage="/home/developer/projects/fs.gg.coordination-item-143/tests/fs.gg.coordination.architecturetests/bin/release/net10.0/fs.gg.coordination.architecturetests.dll" id="e1da26ac-f6d7-475d-3ca4-6fcd449b6654">
      <Execution id="a5de0f3c-9f5a-4231-a0fd-2eb9b5e2a319" />
      <TestMethod codeBase="/home/developer/projects/FS.GG.Coordination-item-143/tests/FS.GG.Coordination.ArchitectureTests/bin/Release/net10.0/FS.GG.Coordination.ArchitectureTests.dll" adapterTypeName="executor://xunit/VsTestRunner3/netcore/" className="FS.GG.Coordination.GitHubProjectAdapterArchitectureTests" name="Project adapter fixture is canonical synthetic offline and closed" />
    </UnitTest>
    <UnitTest name="FS.GG.Coordination.GitHubProjectAdapterArchitectureTests.registered Project adapter validator is offline uses two producers and passes" storage="/home/developer/projects/fs.gg.coordination-item-143/tests/fs.gg.coordination.architecturetests/bin/release/net10.0/fs.gg.coordination.architecturetests.dll" id="5642435e-b5b7-65da-84c5-070f59cfd732">
      <Execution id="563e20c2-a7e0-442e-b469-884b17a0781c" />
      <TestMethod codeBase="/home/developer/projects/FS.GG.Coordination-item-143/tests/FS.GG.Coordination.ArchitectureTests/bin/Release/net10.0/FS.GG.Coordination.ArchitectureTests.dll" adapterTypeName="executor://xunit/VsTestRunner3/netcore/" className="FS.GG.Coordination.GitHubProjectAdapterArchitectureTests" name="registered Project adapter validator is offline uses two producers and passes" />
    </UnitTest>
    <UnitTest name="FS.GG.Coordination.GitHubProjectAdapterTests.Project qualification inventory is exact and every mutation must turn red" storage="/home/developer/projects/fs.gg.coordination-item-143/tests/fs.gg.coordination.architecturetests/bin/release/net10.0/fs.gg.coordination.architecturetests.dll" id="1fc10ba4-a9e8-57e3-0c0b-ac7d7d1311d8">
      <Execution id="20b68eae-489c-4904-8be6-098cd999f2a7" />
      <TestMethod codeBase="/home/developer/projects/FS.GG.Coordination-item-143/tests/FS.GG.Coordination.ArchitectureTests/bin/Release/net10.0/FS.GG.Coordination.ArchitectureTests.dll" adapterTypeName="executor://xunit/VsTestRunner3/netcore/" className="FS.GG.Coordination.GitHubProjectAdapterTests" name="Project qualification inventory is exact and every mutation must turn red" />
    </UnitTest>
    <UnitTest name="FS.GG.Coordination.GitHubProjectAdapterTests.Status planning validates options and produces mutation-free no-ops" storage="/home/developer/projects/fs.gg.coordination-item-143/tests/fs.gg.coordination.architecturetests/bin/release/net10.0/fs.gg.coordination.architecturetests.dll" id="f9cf34d8-494c-8309-66e0-03060f1d1301">
      <Execution id="0914aeca-0a91-43a8-91da-10f57e96e880" />
      <TestMethod codeBase="/home/developer/projects/FS.GG.Coordination-item-143/tests/FS.GG.Coordination.ArchitectureTests/bin/Release/net10.0/FS.GG.Coordination.ArchitectureTests.dll" adapterTypeName="executor://xunit/VsTestRunner3/netcore/" className="FS.GG.Coordination.GitHubProjectAdapterTests" name="Status planning validates options and produces mutation-free no-ops" />
    </UnitTest>
    <UnitTest name="FS.GG.Coordination.GitHubProjectAdapterTests.Status reads are explicitly projection-only complete and duplicate-safe" storage="/home/developer/projects/fs.gg.coordination-item-143/tests/fs.gg.coordination.architecturetests/bin/release/net10.0/fs.gg.coordination.architecturetests.dll" id="188a3259-5a53-112b-56f0-17ee5fb7bfa1">
      <Execution id="5209cd69-b5a8-4a67-bba8-d6c83b5d72b2" />
      <TestMethod codeBase="/home/developer/projects/FS.GG.Coordination-item-143/tests/FS.GG.Coordination.ArchitectureTests/bin/Release/net10.0/FS.GG.Coordination.ArchitectureTests.dll" adapterTypeName="executor://xunit/VsTestRunner3/netcore/" className="FS.GG.Coordination.GitHubProjectAdapterTests" name="Status reads are explicitly projection-only complete and duplicate-safe" />
    </UnitTest>
    <UnitTest name="FS.GG.Coordination.GitHubProjectAdapterTests.mandatory rereads and exact post-state checks reject stale and concurrent changes" storage="/home/developer/projects/fs.gg.coordination-item-143/tests/fs.gg.coordination.architecturetests/bin/release/net10.0/fs.gg.coordination.architecturetests.dll" id="b01b0094-30a3-d703-d1e0-3ce969f87c84">
      <Execution id="5e852be2-2c2b-40bc-8d90-bc27dd71b0d2" />
      <TestMethod codeBase="/home/developer/projects/FS.GG.Coordination-item-143/tests/FS.GG.Coordination.ArchitectureTests/bin/Release/net10.0/FS.GG.Coordination.ArchitectureTests.dll" adapterTypeName="executor://xunit/VsTestRunner3/netcore/" className="FS.GG.Coordination.GitHubProjectAdapterTests" name="mandatory rereads and exact post-state checks reject stale and concurrent changes" />
    </UnitTest>
    <UnitTest name="FS.GG.Coordination.GitHubProjectAdapterArchitectureTests.Project adapter public and qualification signatures precede implementations" storage="/home/developer/projects/fs.gg.coordination-item-143/tests/fs.gg.coordination.architecturetests/bin/release/net10.0/fs.gg.coordination.architecturetests.dll" id="dff1904f-6989-4ed1-0758-6f588704aa49">
      <Execution id="17cdfbef-3d2f-4b2c-afc8-3942d3cb6190" />
      <TestMethod codeBase="/home/developer/projects/FS.GG.Coordination-item-143/tests/FS.GG.Coordination.ArchitectureTests/bin/Release/net10.0/FS.GG.Coordination.ArchitectureTests.dll" adapterTypeName="executor://xunit/VsTestRunner3/netcore/" className="FS.GG.Coordination.GitHubProjectAdapterArchitectureTests" name="Project adapter public and qualification signatures precede implementations" />
    </UnitTest>
    <UnitTest name="FS.GG.Coordination.GitHubProjectAdapterTests.membership planning is deterministic idempotent typed for no-ops and blocks archived items" storage="/home/developer/projects/fs.gg.coordination-item-143/tests/fs.gg.coordination.architecturetests/bin/release/net10.0/fs.gg.coordination.architecturetests.dll" id="3c1349d9-d681-76a2-1bcb-13b3d6624a8f">
      <Execution id="0ed5abda-316c-4de8-ab9f-c781b932a48f" />
      <TestMethod codeBase="/home/developer/projects/FS.GG.Coordination-item-143/tests/FS.GG.Coordination.ArchitectureTests/bin/Release/net10.0/FS.GG.Coordination.ArchitectureTests.dll" adapterTypeName="executor://xunit/VsTestRunner3/netcore/" className="FS.GG.Coordination.GitHubProjectAdapterTests" name="membership planning is deterministic idempotent typed for no-ops and blocks archived items" />
    </UnitTest>
    <UnitTest name="FS.GG.Coordination.GitHubProjectAdapterTests.Status reread and post-state verification require exact projection delta and advanced revision" storage="/home/developer/projects/fs.gg.coordination-item-143/tests/fs.gg.coordination.architecturetests/bin/release/net10.0/fs.gg.coordination.architecturetests.dll" id="6ef38b38-dd70-0485-e5ed-bd315666401b">
      <Execution id="9c533a52-8c2d-46ca-8cab-c2d82fe02d28" />
      <TestMethod codeBase="/home/developer/projects/FS.GG.Coordination-item-143/tests/FS.GG.Coordination.ArchitectureTests/bin/Release/net10.0/FS.GG.Coordination.ArchitectureTests.dll" adapterTypeName="executor://xunit/VsTestRunner3/netcore/" className="FS.GG.Coordination.GitHubProjectAdapterTests" name="Status reread and post-state verification require exact projection delta and advanced revision" />
    </UnitTest>
  </TestDefinitions>
  <TestEntries>
    <TestEntry testId="1fc10ba4-a9e8-57e3-0c0b-ac7d7d1311d8" executionId="20b68eae-489c-4904-8be6-098cd999f2a7" testListId="8c84fa94-04c1-424b-9868-57a2d4851a1d" />
    <TestEntry testId="5642435e-b5b7-65da-84c5-070f59cfd732" executionId="563e20c2-a7e0-442e-b469-884b17a0781c" testListId="8c84fa94-04c1-424b-9868-57a2d4851a1d" />
    <TestEntry testId="6ef38b38-dd70-0485-e5ed-bd315666401b" executionId="9c533a52-8c2d-46ca-8cab-c2d82fe02d28" testListId="8c84fa94-04c1-424b-9868-57a2d4851a1d" />
    <TestEntry testId="dff1904f-6989-4ed1-0758-6f588704aa49" executionId="17cdfbef-3d2f-4b2c-afc8-3942d3cb6190" testListId="8c84fa94-04c1-424b-9868-57a2d4851a1d" />
    <TestEntry testId="e1da26ac-f6d7-475d-3ca4-6fcd449b6654" executionId="a5de0f3c-9f5a-4231-a0fd-2eb9b5e2a319" testListId="8c84fa94-04c1-424b-9868-57a2d4851a1d" />
    <TestEntry testId="f9cf34d8-494c-8309-66e0-03060f1d1301" executionId="0914aeca-0a91-43a8-91da-10f57e96e880" testListId="8c84fa94-04c1-424b-9868-57a2d4851a1d" />
    <TestEntry testId="3c1349d9-d681-76a2-1bcb-13b3d6624a8f" executionId="0ed5abda-316c-4de8-ab9f-c781b932a48f" testListId="8c84fa94-04c1-424b-9868-57a2d4851a1d" />
    <TestEntry testId="593e9924-e20c-7a98-2814-fd7b7b3f3357" executionId="3a5c1a84-073b-41ae-8e03-04fc11b571b7" testListId="8c84fa94-04c1-424b-9868-57a2d4851a1d" />
    <TestEntry testId="962b8dbe-baf8-4297-f973-2e6fc491d018" executionId="0769293a-5184-4280-bbc9-ac7c01fdde58" testListId="8c84fa94-04c1-424b-9868-57a2d4851a1d" />
    <TestEntry testId="b01b0094-30a3-d703-d1e0-3ce969f87c84" executionId="5e852be2-2c2b-40bc-8d90-bc27dd71b0d2" testListId="8c84fa94-04c1-424b-9868-57a2d4851a1d" />
    <TestEntry testId="188a3259-5a53-112b-56f0-17ee5fb7bfa1" executionId="5209cd69-b5a8-4a67-bba8-d6c83b5d72b2" testListId="8c84fa94-04c1-424b-9868-57a2d4851a1d" />
  </TestEntries>
  <TestLists>
    <TestList name="Results Not in a List" id="8c84fa94-04c1-424b-9868-57a2d4851a1d" />
    <TestList name="All Loaded Results" id="19431567-8539-422a-85d7-44ee4e166bda" />
  </TestLists>
  <ResultSummary outcome="Completed">
    <Counters total="11" executed="11" passed="11" failed="0" error="0" timeout="0" aborted="0" inconclusive="0" passedButRunAborted="0" notRunnable="0" notExecuted="0" disconnected="0" warning="0" completed="0" inProgress="0" pending="0" />
    <Output>
      <StdOut>[xUnit.net 00:00:00.00] xUnit.net VSTest Adapter v3.1.5+1b188a7b0a (64-bit .NET 10.0.11)
[xUnit.net 00:00:00.10]   Discovering: FS.GG.Coordination.ArchitectureTests
[xUnit.net 00:00:00.18]   Discovered:  FS.GG.Coordination.ArchitectureTests
[xUnit.net 00:00:00.21]   Starting:    FS.GG.Coordination.ArchitectureTests
[xUnit.net 00:00:04.17]   Finished:    FS.GG.Coordination.ArchitectureTests
</StdOut>
    </Output>
  </ResultSummary>
</TestRun>