<?xml version="1.0" encoding="utf-8"?>
<TestRun id="f1700be2-1966-4259-96a2-cf70a0e927a4" name="@8b082ee11b3f 2026-09-01 22:30:17" xmlns="http://microsoft.com/schemas/VisualStudio/TeamTest/2010">
  <Times creation="2026-09-01T22:30:17.0344651+02:00" queuing="2026-09-01T22:30:17.0344652+02:00" start="2026-09-01T22:30:16.6525352+02:00" finish="2026-09-01T22:30:17.0573261+02:00" />
  <TestSettings name="default" id="2bdedbcb-08ed-4c12-a8e6-3241dbe35758">
    <Deployment runDeploymentRoot="_8b082ee11b3f_2026-09-01_22_30_17" />
  </TestSettings>
  <Results>
    <UnitTestResult executionId="9549ee03-c1b0-4251-b718-ff66665c0684" testId="dacd8005-0755-c376-0b76-88678659cc29" testName="FS.GG.Coordination.GitHubClaimTouchSetArchitectureTests.canonical Quint protocol source remains byte-identical" computerName="8b082ee11b3f" duration="00:00:00.0008272" startTime="2026-09-01T22:30:16.9846706+02:00" endTime="2026-09-01T22:30:16.9846875+02:00" testType="13cdc9d9-ddb5-4fa4-a97d-d965ccfc6d4b" outcome="Passed" testListId="8c84fa94-04c1-424b-9868-57a2d4851a1d" relativeResultsDirectory="9549ee03-c1b0-4251-b718-ff66665c0684" />
    <UnitTestResult executionId="da818253-9b18-4b71-a5fe-9354ddbdd730" testId="edbeefad-7108-55e2-65ed-d46ad0b7d6cc" testName="FS.GG.Coordination.GitHubClaimTouchSetTests.expiry grants successor eligibility but never changes current authority" computerName="8b082ee11b3f" duration="00:00:00.0025970" startTime="2026-09-01T22:30:17.0066883+02:00" endTime="2026-09-01T22:30:17.0091248+02:00" testType="13cdc9d9-ddb5-4fa4-a97d-d965ccfc6d4b" outcome="Passed" testListId="8c84fa94-04c1-424b-9868-57a2d4851a1d" relativeResultsDirectory="da818253-9b18-4b71-a5fe-9354ddbdd730" />
    <UnitTestResult executionId="e674bb31-0827-4800-be5c-46598cce972e" testId="08719bd5-7b84-8ebb-a406-71d7ca54ff1c" testName="FS.GG.Coordination.GitHubClaimTouchSetArchitectureTests.GS2-05-5 registration binds accepted predecessor and exact gate" computerName="8b082ee11b3f" duration="00:00:00.0026414" startTime="2026-09-01T22:30:16.9850505+02:00" endTime="2026-09-01T22:30:16.9864742+02:00" testType="13cdc9d9-ddb5-4fa4-a97d-d965ccfc6d4b" outcome="Passed" testListId="8c84fa94-04c1-424b-9868-57a2d4851a1d" relativeResultsDirectory="e674bb31-0827-4800-be5c-46598cce972e" />
    <UnitTestResult executionId="8656b89b-ec8e-4dd2-a27d-275ad1a471f2" testId="1510972d-47b1-5190-9688-8dd9e2a90931" testName="FS.GG.Coordination.GitHubClaimTouchSetArchitectureTests.claim qualification evidence has independent closed controls" computerName="8b082ee11b3f" duration="00:00:00.0052854" startTime="2026-09-01T22:30:16.9849840+02:00" endTime="2026-09-01T22:30:16.9849947+02:00" testType="13cdc9d9-ddb5-4fa4-a97d-d965ccfc6d4b" outcome="Passed" testListId="8c84fa94-04c1-424b-9868-57a2d4851a1d" relativeResultsDirectory="8656b89b-ec8e-4dd2-a27d-275ad1a471f2" />
    <UnitTestResult executionId="a518bd30-eecb-4466-b9be-accda684f152" testId="889e358b-9e00-212f-ec94-810226e0023b" testName="FS.GG.Coordination.GitHubClaimTouchSetTests.multi-touch plan persists the full ordered acquisition and compensates in reverse" computerName="8b082ee11b3f" duration="00:00:00.0026287" startTime="2026-09-01T22:30:17.0162422+02:00" endTime="2026-09-01T22:30:17.0171129+02:00" testType="13cdc9d9-ddb5-4fa4-a97d-d965ccfc6d4b" outcome="Passed" testListId="8c84fa94-04c1-424b-9868-57a2d4851a1d" relativeResultsDirectory="a518bd30-eecb-4466-b9be-accda684f152" />
    <UnitTestResult executionId="8db5cc76-1055-4b96-8594-61d845675420" testId="6893fe6b-5d6c-691e-59c1-168a76c213ae" testName="FS.GG.Coordination.GitHubClaimTouchSetArchitectureTests.claim authority and projection hints are structurally separate" computerName="8b082ee11b3f" duration="00:00:00.0001700" startTime="2026-09-01T22:30:16.9865704+02:00" endTime="2026-09-01T22:30:16.9866656+02:00" testType="13cdc9d9-ddb5-4fa4-a97d-d965ccfc6d4b" outcome="Passed" testListId="8c84fa94-04c1-424b-9868-57a2d4851a1d" relativeResultsDirectory="8db5cc76-1055-4b96-8594-61d845675420" />
    <UnitTestResult executionId="36abafd3-628a-4fc1-94ed-08f33ce7e5f5" testId="ca9a4281-5aa4-2106-35ae-b0651451296b" testName="FS.GG.Coordination.GitHubClaimTouchSetTests.active foreign lease blocks proposal even when projections claim otherwise" computerName="8b082ee11b3f" duration="00:00:00.0011883" startTime="2026-09-01T22:30:17.0092010+02:00" endTime="2026-09-01T22:30:17.0103315+02:00" testType="13cdc9d9-ddb5-4fa4-a97d-d965ccfc6d4b" outcome="Passed" testListId="8c84fa94-04c1-424b-9868-57a2d4851a1d" relativeResultsDirectory="36abafd3-628a-4fc1-94ed-08f33ce7e5f5" />
    <UnitTestResult executionId="60cd5101-3932-42b1-a9ea-c5f183d03240" testId="31de3c36-b2d9-f223-26ff-95b63ecc66ff" testName="FS.GG.Coordination.GitHubClaimTouchSetArchitectureTests.claim adapter is additive pure and composes canonical journal primitives" computerName="8b082ee11b3f" duration="00:00:00.0109654" startTime="2026-09-01T22:30:16.9634313+02:00" endTime="2026-09-01T22:30:16.9777634+02:00" testType="13cdc9d9-ddb5-4fa4-a97d-d965ccfc6d4b" outcome="Passed" testListId="8c84fa94-04c1-424b-9868-57a2d4851a1d" relativeResultsDirectory="60cd5101-3932-42b1-a9ea-c5f183d03240" />
    <UnitTestResult executionId="71dbcec1-9c82-4ff0-b11d-b074b5403207" testId="5b4e7c9b-0213-4f2e-4bda-aedfe38b3c7e" testName="FS.GG.Coordination.GitHubClaimTouchSetTests.multi-touch effects require every distinct persisted domain proof" computerName="8b082ee11b3f" duration="00:00:00.0409994" startTime="2026-09-01T22:30:16.9641488+02:00" endTime="2026-09-01T22:30:17.0065262+02:00" testType="13cdc9d9-ddb5-4fa4-a97d-d965ccfc6d4b" outcome="Passed" testListId="8c84fa94-04c1-424b-9868-57a2d4851a1d" relativeResultsDirectory="71dbcec1-9c82-4ff0-b11d-b074b5403207" />
    <UnitTestResult executionId="a751aa7d-bd21-4c03-a81b-93795dc89de7" testId="8b559bb8-f35f-1849-fbf1-9cae8e2ca9f1" testName="FS.GG.Coordination.GitHubClaimTouchSetTests.touches are canonical repository-scoped and ancestry conflicts" computerName="8b082ee11b3f" duration="00:00:00.0011681" startTime="2026-09-01T22:30:17.0104084+02:00" endTime="2026-09-01T22:30:17.0115213+02:00" testType="13cdc9d9-ddb5-4fa4-a97d-d965ccfc6d4b" outcome="Passed" testListId="8c84fa94-04c1-424b-9868-57a2d4851a1d" relativeResultsDirectory="a751aa7d-bd21-4c03-a81b-93795dc89de7" />
    <UnitTestResult executionId="97b7ad73-ede3-47eb-85c4-83d05f51ddbb" testId="3c1daa92-aded-5ab8-d2f9-32a7bc88c881" testName="FS.GG.Coordination.GitHubClaimTouchSetTests.claim qualification inventory is closed and every mutation must be red" computerName="8b082ee11b3f" duration="00:00:00.0012221" startTime="2026-09-01T22:30:17.0210923+02:00" endTime="2026-09-01T22:30:17.0222286+02:00" testType="13cdc9d9-ddb5-4fa4-a97d-d965ccfc6d4b" outcome="Passed" testListId="8c84fa94-04c1-424b-9868-57a2d4851a1d" relativeResultsDirectory="97b7ad73-ede3-47eb-85c4-83d05f51ddbb" />
    <UnitTestResult executionId="58a8e64f-5a95-4edf-9b94-9ff4bbf5c039" testId="6fad4a75-f472-c370-5db4-a48f22a0027e" testName="FS.GG.Coordination.GitHubClaimTouchSetTests.successor acquisition is expected-parent CAS with a new fencing generation" computerName="8b082ee11b3f" duration="00:00:00.0038692" startTime="2026-09-01T22:30:17.0171965+02:00" endTime="2026-09-01T22:30:17.0209944+02:00" testType="13cdc9d9-ddb5-4fa4-a97d-d965ccfc6d4b" outcome="Passed" testListId="8c84fa94-04c1-424b-9868-57a2d4851a1d" relativeResultsDirectory="58a8e64f-5a95-4edf-9b94-9ff4bbf5c039" />
    <UnitTestResult executionId="5b96cb5b-36ae-4a95-82ca-88bef33329e4" testId="fb706287-78ae-9f42-b7b2-1f4d9d814fe4" testName="FS.GG.Coordination.GitHubClaimTouchSetTests.multi-touch cost and seal ignore unrelated projection cardinality" computerName="8b082ee11b3f" duration="00:00:00.0028963" startTime="2026-09-01T22:30:17.0161125+02:00" endTime="2026-09-01T22:30:17.0161259+02:00" testType="13cdc9d9-ddb5-4fa4-a97d-d965ccfc6d4b" outcome="Passed" testListId="8c84fa94-04c1-424b-9868-57a2d4851a1d" relativeResultsDirectory="5b96cb5b-36ae-4a95-82ca-88bef33329e4" />
  </Results>
  <TestDefinitions>
    <UnitTest name="FS.GG.Coordination.GitHubClaimTouchSetTests.multi-touch cost and seal ignore unrelated projection cardinality" storage="/tmp/fsgg-coordination-208-akywnm/tests/fs.gg.coordination.architecturetests/bin/release/net10.0/fs.gg.coordination.architecturetests.dll" id="fb706287-78ae-9f42-b7b2-1f4d9d814fe4">
      <Execution id="5b96cb5b-36ae-4a95-82ca-88bef33329e4" />
      <TestMethod codeBase="/tmp/fsgg-coordination-208-AkyWNm/tests/FS.GG.Coordination.ArchitectureTests/bin/Release/net10.0/FS.GG.Coordination.ArchitectureTests.dll" adapterTypeName="executor://xunit/VsTestRunner3/netcore/" className="FS.GG.Coordination.GitHubClaimTouchSetTests" name="multi-touch cost and seal ignore unrelated projection cardinality" />
    </UnitTest>
    <UnitTest name="FS.GG.Coordination.GitHubClaimTouchSetArchitectureTests.claim adapter is additive pure and composes canonical journal primitives" storage="/tmp/fsgg-coordination-208-akywnm/tests/fs.gg.coordination.architecturetests/bin/release/net10.0/fs.gg.coordination.architecturetests.dll" id="31de3c36-b2d9-f223-26ff-95b63ecc66ff">
      <Execution id="60cd5101-3932-42b1-a9ea-c5f183d03240" />
      <TestMethod codeBase="/tmp/fsgg-coordination-208-AkyWNm/tests/FS.GG.Coordination.ArchitectureTests/bin/Release/net10.0/FS.GG.Coordination.ArchitectureTests.dll" adapterTypeName="executor://xunit/VsTestRunner3/netcore/" className="FS.GG.Coordination.GitHubClaimTouchSetArchitectureTests" name="claim adapter is additive pure and composes canonical journal primitives" />
    </UnitTest>
    <UnitTest name="FS.GG.Coordination.GitHubClaimTouchSetArchitectureTests.claim authority and projection hints are structurally separate" storage="/tmp/fsgg-coordination-208-akywnm/tests/fs.gg.coordination.architecturetests/bin/release/net10.0/fs.gg.coordination.architecturetests.dll" id="6893fe6b-5d6c-691e-59c1-168a76c213ae">
      <Execution id="8db5cc76-1055-4b96-8594-61d845675420" />
      <TestMethod codeBase="/tmp/fsgg-coordination-208-AkyWNm/tests/FS.GG.Coordination.ArchitectureTests/bin/Release/net10.0/FS.GG.Coordination.ArchitectureTests.dll" adapterTypeName="executor://xunit/VsTestRunner3/netcore/" className="FS.GG.Coordination.GitHubClaimTouchSetArchitectureTests" name="claim authority and projection hints are structurally separate" />
    </UnitTest>
    <UnitTest name="FS.GG.Coordination.GitHubClaimTouchSetArchitectureTests.claim qualification evidence has independent closed controls" storage="/tmp/fsgg-coordination-208-akywnm/tests/fs.gg.coordination.architecturetests/bin/release/net10.0/fs.gg.coordination.architecturetests.dll" id="1510972d-47b1-5190-9688-8dd9e2a90931">
      <Execution id="8656b89b-ec8e-4dd2-a27d-275ad1a471f2" />
      <TestMethod codeBase="/tmp/fsgg-coordination-208-AkyWNm/tests/FS.GG.Coordination.ArchitectureTests/bin/Release/net10.0/FS.GG.Coordination.ArchitectureTests.dll" adapterTypeName="executor://xunit/VsTestRunner3/netcore/" className="FS.GG.Coordination.GitHubClaimTouchSetArchitectureTests" name="claim qualification evidence has independent closed controls" />
    </UnitTest>
    <UnitTest name="FS.GG.Coordination.GitHubClaimTouchSetTests.claim qualification inventory is closed and every mutation must be red" storage="/tmp/fsgg-coordination-208-akywnm/tests/fs.gg.coordination.architecturetests/bin/release/net10.0/fs.gg.coordination.architecturetests.dll" id="3c1daa92-aded-5ab8-d2f9-32a7bc88c881">
      <Execution id="97b7ad73-ede3-47eb-85c4-83d05f51ddbb" />
      <TestMethod codeBase="/tmp/fsgg-coordination-208-AkyWNm/tests/FS.GG.Coordination.ArchitectureTests/bin/Release/net10.0/FS.GG.Coordination.ArchitectureTests.dll" adapterTypeName="executor://xunit/VsTestRunner3/netcore/" className="FS.GG.Coordination.GitHubClaimTouchSetTests" name="claim qualification inventory is closed and every mutation must be red" />
    </UnitTest>
    <UnitTest name="FS.GG.Coordination.GitHubClaimTouchSetTests.touches are canonical repository-scoped and ancestry conflicts" storage="/tmp/fsgg-coordination-208-akywnm/tests/fs.gg.coordination.architecturetests/bin/release/net10.0/fs.gg.coordination.architecturetests.dll" id="8b559bb8-f35f-1849-fbf1-9cae8e2ca9f1">
      <Execution id="a751aa7d-bd21-4c03-a81b-93795dc89de7" />
      <TestMethod codeBase="/tmp/fsgg-coordination-208-AkyWNm/tests/FS.GG.Coordination.ArchitectureTests/bin/Release/net10.0/FS.GG.Coordination.ArchitectureTests.dll" adapterTypeName="executor://xunit/VsTestRunner3/netcore/" className="FS.GG.Coordination.GitHubClaimTouchSetTests" name="touches are canonical repository-scoped and ancestry conflicts" />
    </UnitTest>
    <UnitTest name="FS.GG.Coordination.GitHubClaimTouchSetTests.active foreign lease blocks proposal even when projections claim otherwise" storage="/tmp/fsgg-coordination-208-akywnm/tests/fs.gg.coordination.architecturetests/bin/release/net10.0/fs.gg.coordination.architecturetests.dll" id="ca9a4281-5aa4-2106-35ae-b0651451296b">
      <Execution id="36abafd3-628a-4fc1-94ed-08f33ce7e5f5" />
      <TestMethod codeBase="/tmp/fsgg-coordination-208-AkyWNm/tests/FS.GG.Coordination.ArchitectureTests/bin/Release/net10.0/FS.GG.Coordination.ArchitectureTests.dll" adapterTypeName="executor://xunit/VsTestRunner3/netcore/" className="FS.GG.Coordination.GitHubClaimTouchSetTests" name="active foreign lease blocks proposal even when projections claim otherwise" />
    </UnitTest>
    <UnitTest name="FS.GG.Coordination.GitHubClaimTouchSetTests.successor acquisition is expected-parent CAS with a new fencing generation" storage="/tmp/fsgg-coordination-208-akywnm/tests/fs.gg.coordination.architecturetests/bin/release/net10.0/fs.gg.coordination.architecturetests.dll" id="6fad4a75-f472-c370-5db4-a48f22a0027e">
      <Execution id="58a8e64f-5a95-4edf-9b94-9ff4bbf5c039" />
      <TestMethod codeBase="/tmp/fsgg-coordination-208-AkyWNm/tests/FS.GG.Coordination.ArchitectureTests/bin/Release/net10.0/FS.GG.Coordination.ArchitectureTests.dll" adapterTypeName="executor://xunit/VsTestRunner3/netcore/" className="FS.GG.Coordination.GitHubClaimTouchSetTests" name="successor acquisition is expected-parent CAS with a new fencing generation" />
    </UnitTest>
    <UnitTest name="FS.GG.Coordination.GitHubClaimTouchSetTests.expiry grants successor eligibility but never changes current authority" storage="/tmp/fsgg-coordination-208-akywnm/tests/fs.gg.coordination.architecturetests/bin/release/net10.0/fs.gg.coordination.architecturetests.dll" id="edbeefad-7108-55e2-65ed-d46ad0b7d6cc">
      <Execution id="da818253-9b18-4b71-a5fe-9354ddbdd730" />
      <TestMethod codeBase="/tmp/fsgg-coordination-208-AkyWNm/tests/FS.GG.Coordination.ArchitectureTests/bin/Release/net10.0/FS.GG.Coordination.ArchitectureTests.dll" adapterTypeName="executor://xunit/VsTestRunner3/netcore/" className="FS.GG.Coordination.GitHubClaimTouchSetTests" name="expiry grants successor eligibility but never changes current authority" />
    </UnitTest>
    <UnitTest name="FS.GG.Coordination.GitHubClaimTouchSetArchitectureTests.GS2-05-5 registration binds accepted predecessor and exact gate" storage="/tmp/fsgg-coordination-208-akywnm/tests/fs.gg.coordination.architecturetests/bin/release/net10.0/fs.gg.coordination.architecturetests.dll" id="08719bd5-7b84-8ebb-a406-71d7ca54ff1c">
      <Execution id="e674bb31-0827-4800-be5c-46598cce972e" />
      <TestMethod codeBase="/tmp/fsgg-coordination-208-AkyWNm/tests/FS.GG.Coordination.ArchitectureTests/bin/Release/net10.0/FS.GG.Coordination.ArchitectureTests.dll" adapterTypeName="executor://xunit/VsTestRunner3/netcore/" className="FS.GG.Coordination.GitHubClaimTouchSetArchitectureTests" name="GS2-05-5 registration binds accepted predecessor and exact gate" />
    </UnitTest>
    <UnitTest name="FS.GG.Coordination.GitHubClaimTouchSetTests.multi-touch plan persists the full ordered acquisition and compensates in reverse" storage="/tmp/fsgg-coordination-208-akywnm/tests/fs.gg.coordination.architecturetests/bin/release/net10.0/fs.gg.coordination.architecturetests.dll" id="889e358b-9e00-212f-ec94-810226e0023b">
      <Execution id="a518bd30-eecb-4466-b9be-accda684f152" />
      <TestMethod codeBase="/tmp/fsgg-coordination-208-AkyWNm/tests/FS.GG.Coordination.ArchitectureTests/bin/Release/net10.0/FS.GG.Coordination.ArchitectureTests.dll" adapterTypeName="executor://xunit/VsTestRunner3/netcore/" className="FS.GG.Coordination.GitHubClaimTouchSetTests" name="multi-touch plan persists the full ordered acquisition and compensates in reverse" />
    </UnitTest>
    <UnitTest name="FS.GG.Coordination.GitHubClaimTouchSetTests.multi-touch effects require every distinct persisted domain proof" storage="/tmp/fsgg-coordination-208-akywnm/tests/fs.gg.coordination.architecturetests/bin/release/net10.0/fs.gg.coordination.architecturetests.dll" id="5b4e7c9b-0213-4f2e-4bda-aedfe38b3c7e">
      <Execution id="71dbcec1-9c82-4ff0-b11d-b074b5403207" />
      <TestMethod codeBase="/tmp/fsgg-coordination-208-AkyWNm/tests/FS.GG.Coordination.ArchitectureTests/bin/Release/net10.0/FS.GG.Coordination.ArchitectureTests.dll" adapterTypeName="executor://xunit/VsTestRunner3/netcore/" className="FS.GG.Coordination.GitHubClaimTouchSetTests" name="multi-touch effects require every distinct persisted domain proof" />
    </UnitTest>
    <UnitTest name="FS.GG.Coordination.GitHubClaimTouchSetArchitectureTests.canonical Quint protocol source remains byte-identical" storage="/tmp/fsgg-coordination-208-akywnm/tests/fs.gg.coordination.architecturetests/bin/release/net10.0/fs.gg.coordination.architecturetests.dll" id="dacd8005-0755-c376-0b76-88678659cc29">
      <Execution id="9549ee03-c1b0-4251-b718-ff66665c0684" />
      <TestMethod codeBase="/tmp/fsgg-coordination-208-AkyWNm/tests/FS.GG.Coordination.ArchitectureTests/bin/Release/net10.0/FS.GG.Coordination.ArchitectureTests.dll" adapterTypeName="executor://xunit/VsTestRunner3/netcore/" className="FS.GG.Coordination.GitHubClaimTouchSetArchitectureTests" name="canonical Quint protocol source remains byte-identical" />
    </UnitTest>
  </TestDefinitions>
  <TestEntries>
    <TestEntry testId="dacd8005-0755-c376-0b76-88678659cc29" executionId="9549ee03-c1b0-4251-b718-ff66665c0684" testListId="8c84fa94-04c1-424b-9868-57a2d4851a1d" />
    <TestEntry testId="edbeefad-7108-55e2-65ed-d46ad0b7d6cc" executionId="da818253-9b18-4b71-a5fe-9354ddbdd730" testListId="8c84fa94-04c1-424b-9868-57a2d4851a1d" />
    <TestEntry testId="08719bd5-7b84-8ebb-a406-71d7ca54ff1c" executionId="e674bb31-0827-4800-be5c-46598cce972e" testListId="8c84fa94-04c1-424b-9868-57a2d4851a1d" />
    <TestEntry testId="1510972d-47b1-5190-9688-8dd9e2a90931" executionId="8656b89b-ec8e-4dd2-a27d-275ad1a471f2" testListId="8c84fa94-04c1-424b-9868-57a2d4851a1d" />
    <TestEntry testId="889e358b-9e00-212f-ec94-810226e0023b" executionId="a518bd30-eecb-4466-b9be-accda684f152" testListId="8c84fa94-04c1-424b-9868-57a2d4851a1d" />
    <TestEntry testId="6893fe6b-5d6c-691e-59c1-168a76c213ae" executionId="8db5cc76-1055-4b96-8594-61d845675420" testListId="8c84fa94-04c1-424b-9868-57a2d4851a1d" />
    <TestEntry testId="ca9a4281-5aa4-2106-35ae-b0651451296b" executionId="36abafd3-628a-4fc1-94ed-08f33ce7e5f5" testListId="8c84fa94-04c1-424b-9868-57a2d4851a1d" />
    <TestEntry testId="31de3c36-b2d9-f223-26ff-95b63ecc66ff" executionId="60cd5101-3932-42b1-a9ea-c5f183d03240" testListId="8c84fa94-04c1-424b-9868-57a2d4851a1d" />
    <TestEntry testId="5b4e7c9b-0213-4f2e-4bda-aedfe38b3c7e" executionId="71dbcec1-9c82-4ff0-b11d-b074b5403207" testListId="8c84fa94-04c1-424b-9868-57a2d4851a1d" />
    <TestEntry testId="8b559bb8-f35f-1849-fbf1-9cae8e2ca9f1" executionId="a751aa7d-bd21-4c03-a81b-93795dc89de7" testListId="8c84fa94-04c1-424b-9868-57a2d4851a1d" />
    <TestEntry testId="3c1daa92-aded-5ab8-d2f9-32a7bc88c881" executionId="97b7ad73-ede3-47eb-85c4-83d05f51ddbb" testListId="8c84fa94-04c1-424b-9868-57a2d4851a1d" />
    <TestEntry testId="6fad4a75-f472-c370-5db4-a48f22a0027e" executionId="58a8e64f-5a95-4edf-9b94-9ff4bbf5c039" testListId="8c84fa94-04c1-424b-9868-57a2d4851a1d" />
    <TestEntry testId="fb706287-78ae-9f42-b7b2-1f4d9d814fe4" executionId="5b96cb5b-36ae-4a95-82ca-88bef33329e4" testListId="8c84fa94-04c1-424b-9868-57a2d4851a1d" />
  </TestEntries>
  <TestLists>
    <TestList name="Results Not in a List" id="8c84fa94-04c1-424b-9868-57a2d4851a1d" />
    <TestList name="All Loaded Results" id="19431567-8539-422a-85d7-44ee4e166bda" />
  </TestLists>
  <ResultSummary outcome="Completed">
    <Counters total="13" executed="13" passed="13" failed="0" error="0" timeout="0" aborted="0" inconclusive="0" passedButRunAborted="0" notRunnable="0" notExecuted="0" disconnected="0" warning="0" completed="0" inProgress="0" pending="0" />
    <Output>
      <StdOut>[xUnit.net 00:00:00.00] xUnit.net VSTest Adapter v3.1.5+1b188a7b0a (64-bit .NET 10.0.11)
[xUnit.net 00:00:00.05]   Discovering: FS.GG.Coordination.ArchitectureTests
[xUnit.net 00:00:00.10]   Discovered:  FS.GG.Coordination.ArchitectureTests
[xUnit.net 00:00:00.11]   Starting:    FS.GG.Coordination.ArchitectureTests
[xUnit.net 00:00:00.19]   Finished:    FS.GG.Coordination.ArchitectureTests
</StdOut>
    </Output>
  </ResultSummary>
</TestRun>