<?xml version="1.0" encoding="utf-8"?>
<TestRun id="5f6fbf09-73cb-4cfd-9b2b-beac642751c7" name="@780ae460ce3c 2026-08-31 06:26:23" xmlns="http://microsoft.com/schemas/VisualStudio/TeamTest/2010">
  <Times creation="2026-08-31T06:26:23.4191500+02:00" queuing="2026-08-31T06:26:23.4191501+02:00" start="2026-08-31T06:26:23.0872639+02:00" finish="2026-08-31T06:26:23.6065488+02:00" />
  <TestSettings name="default" id="5ee5ec94-0216-44b6-ba5f-d83ec980d489">
    <Deployment runDeploymentRoot="_780ae460ce3c_2026-08-31_06_26_23" />
  </TestSettings>
  <Results>
    <UnitTestResult executionId="c4034765-92fe-468f-9746-cb6ec8bf676a" testId="ac94a4d8-9280-1838-b939-0d6ee340b32f" testName="FS.GG.Coordination.GitHubTransportTests.revision and rate state preserve unknown stale and exhausted meaning" computerName="780ae460ce3c" duration="00:00:00.0014368" startTime="2026-08-31T06:26:23.3978969+02:00" endTime="2026-08-31T06:26:23.3979265+02:00" testType="13cdc9d9-ddb5-4fa4-a97d-d965ccfc6d4b" outcome="Passed" testListId="8c84fa94-04c1-424b-9868-57a2d4851a1d" relativeResultsDirectory="c4034765-92fe-468f-9746-cb6ec8bf676a" />
    <UnitTestResult executionId="353e7300-a75f-480d-8ac5-bc9cd1d31b82" testId="60aa9a0b-42df-bd98-cb91-770ba8a1d572" testName="FS.GG.Coordination.QualificationManifestTests.harness mutation proof derives all controls and negative observations" computerName="780ae460ce3c" duration="00:00:00.1213266" startTime="2026-08-31T06:26:23.4404875+02:00" endTime="2026-08-31T06:26:23.5617496+02:00" testType="13cdc9d9-ddb5-4fa4-a97d-d965ccfc6d4b" outcome="Passed" testListId="8c84fa94-04c1-424b-9868-57a2d4851a1d" relativeResultsDirectory="353e7300-a75f-480d-8ac5-bc9cd1d31b82" />
    <UnitTestResult executionId="46e12598-ac29-45db-861f-ecd581ddc47c" testId="0096c3b1-7ef2-465b-b28a-62bfbf61f789" testName="FS.GG.Coordination.CritiqueEvidenceTests.five perspectives generate one canonical derived green rollup" computerName="780ae460ce3c" duration="00:00:00.0026040" startTime="2026-08-31T06:26:23.3983074+02:00" endTime="2026-08-31T06:26:23.4001342+02:00" testType="13cdc9d9-ddb5-4fa4-a97d-d965ccfc6d4b" outcome="Passed" testListId="8c84fa94-04c1-424b-9868-57a2d4851a1d" relativeResultsDirectory="46e12598-ac29-45db-861f-ecd581ddc47c" />
    <UnitTestResult executionId="b04ac5e2-b957-4a0f-aced-0f1c62d213fe" testId="55045b65-427f-d4f9-98ee-3bd2668df296" testName="FS.GG.Coordination.UnitTests.generated protocol contract exposes stable profile-2 identities" computerName="780ae460ce3c" duration="00:00:00.0493051" startTime="2026-08-31T06:26:23.3918722+02:00" endTime="2026-08-31T06:26:23.4369021+02:00" testType="13cdc9d9-ddb5-4fa4-a97d-d965ccfc6d4b" outcome="Passed" testListId="8c84fa94-04c1-424b-9868-57a2d4851a1d" relativeResultsDirectory="b04ac5e2-b957-4a0f-aced-0f1c62d213fe" />
    <UnitTestResult executionId="5f1ced76-e05b-4380-b625-b5dd736435b6" testId="2747ae7f-aa47-9fb1-a156-779aabc305e5" testName="FS.GG.Coordination.UnitTests.app boundary is inert" computerName="780ae460ce3c" duration="00:00:00.0002238" startTime="2026-08-31T06:26:23.4374646+02:00" endTime="2026-08-31T06:26:23.4376496+02:00" testType="13cdc9d9-ddb5-4fa4-a97d-d965ccfc6d4b" outcome="Passed" testListId="8c84fa94-04c1-424b-9868-57a2d4851a1d" relativeResultsDirectory="5f1ced76-e05b-4380-b625-b5dd736435b6" />
    <UnitTestResult executionId="1cdff98d-4678-4209-b580-7e1ef4a77c3f" testId="6db2c0c3-3f05-10d4-3ea3-c5102bdce5db" testName="FS.GG.Coordination.QualificationManifestTests.complete qualification manifest is canonical deterministic and self bound" computerName="780ae460ce3c" duration="00:00:00.0074002" startTime="2026-08-31T06:26:23.4221515+02:00" endTime="2026-08-31T06:26:23.4294444+02:00" testType="13cdc9d9-ddb5-4fa4-a97d-d965ccfc6d4b" outcome="Passed" testListId="8c84fa94-04c1-424b-9868-57a2d4851a1d" relativeResultsDirectory="1cdff98d-4678-4209-b580-7e1ef4a77c3f" />
    <UnitTestResult executionId="13730b4b-4203-42a6-b2f8-15ef1d835f16" testId="4c695d88-2485-dbd5-4d1d-815a2487fa74" testName="FS.GG.Coordination.UnitTests.pure core declares only allowed inward dependencies" computerName="780ae460ce3c" duration="00:00:00.0007461" startTime="2026-08-31T06:26:23.4389323+02:00" endTime="2026-08-31T06:26:23.4395999+02:00" testType="13cdc9d9-ddb5-4fa4-a97d-d965ccfc6d4b" outcome="Passed" testListId="8c84fa94-04c1-424b-9868-57a2d4851a1d" relativeResultsDirectory="13730b4b-4203-42a6-b2f8-15ef1d835f16" />
    <UnitTestResult executionId="9a9cd61a-b96d-4f6e-94c6-e0368742c0d1" testId="495add0d-b1de-9680-8b6c-0653c6468de1" testName="FS.GG.Coordination.RoadmapWorkTests.candidate manifest is deterministic and never claims acceptance" computerName="780ae460ce3c" duration="00:00:00.0013722" startTime="2026-08-31T06:26:23.4311450+02:00" endTime="2026-08-31T06:26:23.4324492+02:00" testType="13cdc9d9-ddb5-4fa4-a97d-d965ccfc6d4b" outcome="Passed" testListId="8c84fa94-04c1-424b-9868-57a2d4851a1d" relativeResultsDirectory="9a9cd61a-b96d-4f6e-94c6-e0368742c0d1" />
    <UnitTestResult executionId="b900619d-c9e9-442f-aec4-7ed41d4aad42" testId="61bed709-d51c-4546-1e19-d28244e22284" testName="FS.GG.Coordination.UnitTests.malformed published Quint kernel manifest is refused" computerName="780ae460ce3c" duration="00:00:00.0004857" startTime="2026-08-31T06:26:23.4369787+02:00" endTime="2026-08-31T06:26:23.4374026+02:00" testType="13cdc9d9-ddb5-4fa4-a97d-d965ccfc6d4b" outcome="Passed" testListId="8c84fa94-04c1-424b-9868-57a2d4851a1d" relativeResultsDirectory="b900619d-c9e9-442f-aec4-7ed41d4aad42" />
    <UnitTestResult executionId="542bb5bb-3461-45d0-86a9-a122351fb2b0" testId="1ac10b01-5cd9-0000-5a9f-1624aa5a8838" testName="FS.GG.Coordination.GitHubTransportTests.API version and replay authority fail closed" computerName="780ae460ce3c" duration="00:00:00.0048865" startTime="2026-08-31T06:26:23.3917842+02:00" endTime="2026-08-31T06:26:23.3919668+02:00" testType="13cdc9d9-ddb5-4fa4-a97d-d965ccfc6d4b" outcome="Passed" testListId="8c84fa94-04c1-424b-9868-57a2d4851a1d" relativeResultsDirectory="542bb5bb-3461-45d0-86a9-a122351fb2b0" />
    <UnitTestResult executionId="d0686bae-4a02-4e49-8946-3c33323b44b3" testId="32efae01-4715-95f5-9ff2-199cc469668a" testName="FS.GG.Coordination.RoadmapWorkTests.manifest creation requires one canonical UTC instant form" computerName="780ae460ce3c" duration="00:00:00.0027437" startTime="2026-08-31T06:26:23.4127612+02:00" endTime="2026-08-31T06:26:23.4151877+02:00" testType="13cdc9d9-ddb5-4fa4-a97d-d965ccfc6d4b" outcome="Passed" testListId="8c84fa94-04c1-424b-9868-57a2d4851a1d" relativeResultsDirectory="d0686bae-4a02-4e49-8946-3c33323b44b3" />
    <UnitTestResult executionId="7b801a9c-e17d-4487-bdd5-70a4fbf80bce" testId="00e743bc-27bd-66df-6e4f-3908d69690e5" testName="FS.GG.Coordination.GitHubTransportTests.fixture projection is stable allow-listed and leak rejecting" computerName="780ae460ce3c" duration="00:00:00.0032722" startTime="2026-08-31T06:26:23.4029358+02:00" endTime="2026-08-31T06:26:23.4060384+02:00" testType="13cdc9d9-ddb5-4fa4-a97d-d965ccfc6d4b" outcome="Passed" testListId="8c84fa94-04c1-424b-9868-57a2d4851a1d" relativeResultsDirectory="7b801a9c-e17d-4487-bdd5-70a4fbf80bce" />
    <UnitTestResult executionId="8525367a-13cc-4ac7-a087-6f5ea1c00cec" testId="8f7fbbcb-cdcc-919c-10cc-b06d39ba99ae" testName="FS.GG.Coordination.QualificationManifestTests.qualification manifest omissions substitutions and independence failures are red" computerName="780ae460ce3c" duration="00:00:00.0469928" startTime="2026-08-31T06:26:23.3726092+02:00" endTime="2026-08-31T06:26:23.4220400+02:00" testType="13cdc9d9-ddb5-4fa4-a97d-d965ccfc6d4b" outcome="Passed" testListId="8c84fa94-04c1-424b-9868-57a2d4851a1d" relativeResultsDirectory="8525367a-13cc-4ac7-a087-6f5ea1c00cec" />
    <UnitTestResult executionId="cb5b79ab-4cea-4ccf-a20a-d7465dbacd47" testId="d3cd4303-01d6-7feb-d596-2e241121b5d7" testName="FS.GG.Coordination.UnitTests.protocol boundary has a stable initial identity" computerName="780ae460ce3c" duration="00:00:00.0011160" startTime="2026-08-31T06:26:23.4377028+02:00" endTime="2026-08-31T06:26:23.4388031+02:00" testType="13cdc9d9-ddb5-4fa4-a97d-d965ccfc6d4b" outcome="Passed" testListId="8c84fa94-04c1-424b-9868-57a2d4851a1d" relativeResultsDirectory="cb5b79ab-4cea-4ccf-a20a-d7465dbacd47" />
    <UnitTestResult executionId="48a2c6cc-f24e-45e3-90eb-856e7cfac7af" testId="ad8f6f68-90d6-6cad-38f7-1f7be53d4f24" testName="FS.GG.Coordination.QualificationManifestTests.generated producers cannot be the sole evidence for another gate class" computerName="780ae460ce3c" duration="00:00:00.0064227" startTime="2026-08-31T06:26:23.5619362+02:00" endTime="2026-08-31T06:26:23.5681474+02:00" testType="13cdc9d9-ddb5-4fa4-a97d-d965ccfc6d4b" outcome="Passed" testListId="8c84fa94-04c1-424b-9868-57a2d4851a1d" relativeResultsDirectory="48a2c6cc-f24e-45e3-90eb-856e7cfac7af" />
    <UnitTestResult executionId="4712d7d3-3bab-418b-baed-4f420bb6012e" testId="96d0a3f6-0243-2c4d-0d2d-6e36cb59bca9" testName="FS.GG.Coordination.QualificationManifestTests.resealed truncation of every closed inventory remains red" computerName="780ae460ce3c" duration="00:00:00.0108073" startTime="2026-08-31T06:26:23.4297134+02:00" endTime="2026-08-31T06:26:23.4402841+02:00" testType="13cdc9d9-ddb5-4fa4-a97d-d965ccfc6d4b" outcome="Passed" testListId="8c84fa94-04c1-424b-9868-57a2d4851a1d" relativeResultsDirectory="4712d7d3-3bab-418b-baed-4f420bb6012e" />
    <UnitTestResult executionId="cd084f09-c744-4e6d-84ee-37793f742ad0" testId="af634480-f99a-44a3-5b8d-9cf3e90e0b48" testName="FS.GG.Coordination.UnitTests.altered published Quint kernel manifest is refused by digest and identity" computerName="780ae460ce3c" duration="00:00:00.0042053" startTime="2026-08-31T06:26:23.3908091+02:00" endTime="2026-08-31T06:26:23.3917964+02:00" testType="13cdc9d9-ddb5-4fa4-a97d-d965ccfc6d4b" outcome="Passed" testListId="8c84fa94-04c1-424b-9868-57a2d4851a1d" relativeResultsDirectory="cd084f09-c744-4e6d-84ee-37793f742ad0" />
    <UnitTestResult executionId="f0a77f48-0299-4baa-850b-42b51ba21d0d" testId="0892fb94-202a-b0d4-2d11-72086f4774eb" testName="FS.GG.Coordination.RoadmapWorkTests.accepted exact prerequisite is ready" computerName="780ae460ce3c" duration="00:00:00.0010278" startTime="2026-08-31T06:26:23.4198193+02:00" endTime="2026-08-31T06:26:23.4207698+02:00" testType="13cdc9d9-ddb5-4fa4-a97d-d965ccfc6d4b" outcome="Passed" testListId="8c84fa94-04c1-424b-9868-57a2d4851a1d" relativeResultsDirectory="f0a77f48-0299-4baa-850b-42b51ba21d0d" />
    <UnitTestResult executionId="3c912522-a285-4ca1-988c-d69eeaee06cb" testId="d7872e2d-f53e-d344-3042-f7681a4789db" testName="FS.GG.Coordination.UnitTests.qualification contracts carry a typed result" computerName="780ae460ce3c" duration="00:00:00.0000276" startTime="2026-08-31T06:26:23.4388737+02:00" endTime="2026-08-31T06:26:23.4388820+02:00" testType="13cdc9d9-ddb5-4fa4-a97d-d965ccfc6d4b" outcome="Passed" testListId="8c84fa94-04c1-424b-9868-57a2d4851a1d" relativeResultsDirectory="3c912522-a285-4ca1-988c-d69eeaee06cb" />
    <UnitTestResult executionId="7c47d556-77f3-4d6c-a7e4-9f0885932c2c" testId="e180d8b1-d8f6-fe9c-2380-5cabfb589e47" testName="FS.GG.Coordination.RoadmapWorkTests.unknown qualification gate and JSON members are refused" computerName="780ae460ce3c" duration="00:00:00.0002575" startTime="2026-08-31T06:26:23.4195823+02:00" endTime="2026-08-31T06:26:23.4197217+02:00" testType="13cdc9d9-ddb5-4fa4-a97d-d965ccfc6d4b" outcome="Passed" testListId="8c84fa94-04c1-424b-9868-57a2d4851a1d" relativeResultsDirectory="7c47d556-77f3-4d6c-a7e4-9f0885932c2c" />
    <UnitTestResult executionId="3f9de37a-eec5-423b-a977-ab977b873979" testId="deaef829-c3c1-63ef-1128-94114bfe098f" testName="FS.GG.Coordination.CritiqueEvidenceTests.changes required remains valid evidence but cannot derive green" computerName="780ae460ce3c" duration="00:00:00.0005957" startTime="2026-08-31T06:26:23.4015085+02:00" endTime="2026-08-31T06:26:23.4019920+02:00" testType="13cdc9d9-ddb5-4fa4-a97d-d965ccfc6d4b" outcome="Passed" testListId="8c84fa94-04c1-424b-9868-57a2d4851a1d" relativeResultsDirectory="3f9de37a-eec5-423b-a977-ab977b873979" />
    <UnitTestResult executionId="4ab6f0bc-8479-4b93-9ad5-397ed608d7d0" testId="da9c3699-c19d-05c4-6b5c-57570b41b5db" testName="FS.GG.Coordination.RoadmapWorkTests.missing duplicate rejected stale and tampered receipts fail closed" computerName="780ae460ce3c" duration="00:00:00.0042131" startTime="2026-08-31T06:26:23.4154138+02:00" endTime="2026-08-31T06:26:23.4194434+02:00" testType="13cdc9d9-ddb5-4fa4-a97d-d965ccfc6d4b" outcome="Passed" testListId="8c84fa94-04c1-424b-9868-57a2d4851a1d" relativeResultsDirectory="4ab6f0bc-8479-4b93-9ad5-397ed608d7d0" />
    <UnitTestResult executionId="207ecc9e-2166-4362-a989-999374ed8952" testId="f3529ae4-e62a-83e3-8fb6-1b6d60f162bd" testName="FS.GG.Coordination.RoadmapWorkTests.changed roadmap and unknown unit are refused distinctly" computerName="780ae460ce3c" duration="00:00:00.0373384" startTime="2026-08-31T06:26:23.3736592+02:00" endTime="2026-08-31T06:26:23.4123775+02:00" testType="13cdc9d9-ddb5-4fa4-a97d-d965ccfc6d4b" outcome="Passed" testListId="8c84fa94-04c1-424b-9868-57a2d4851a1d" relativeResultsDirectory="207ecc9e-2166-4362-a989-999374ed8952" />
    <UnitTestResult executionId="edec2152-e8a9-43a1-bfc1-07a65f625ccd" testId="b998af87-0cf0-728f-702d-6bbf6e3903c0" testName="FS.GG.Coordination.CritiqueEvidenceTests.absent stale duplicate forged truncated and prose only bundles are red" computerName="780ae460ce3c" duration="00:00:00.0084802" startTime="2026-08-31T06:26:23.3919574+02:00" endTime="2026-08-31T06:26:23.3981818+02:00" testType="13cdc9d9-ddb5-4fa4-a97d-d965ccfc6d4b" outcome="Passed" testListId="8c84fa94-04c1-424b-9868-57a2d4851a1d" relativeResultsDirectory="edec2152-e8a9-43a1-bfc1-07a65f625ccd" />
    <UnitTestResult executionId="d81cc051-0a75-4355-80f3-c681601deda6" testId="dba848b9-fd6f-8cd1-9530-478b4c0d4aa7" testName="FS.GG.Coordination.QualificationManifestTests.semantic input changes manifest identity" computerName="780ae460ce3c" duration="00:00:00.0024970" startTime="2026-08-31T06:26:23.5682392+02:00" endTime="2026-08-31T06:26:23.5706791+02:00" testType="13cdc9d9-ddb5-4fa4-a97d-d965ccfc6d4b" outcome="Passed" testListId="8c84fa94-04c1-424b-9868-57a2d4851a1d" relativeResultsDirectory="d81cc051-0a75-4355-80f3-c681601deda6" />
    <UnitTestResult executionId="2420a914-e5cb-472d-9cd2-42fec3742e6d" testId="fe12808d-0506-6eab-eb05-77bd2e02ec15" testName="FS.GG.Coordination.GitHubTransportTests.qualification rejects producer gaps and accepts two closed inventories" computerName="780ae460ce3c" duration="00:00:00.0022358" startTime="2026-08-31T06:26:23.4061393+02:00" endTime="2026-08-31T06:26:23.4083165+02:00" testType="13cdc9d9-ddb5-4fa4-a97d-d965ccfc6d4b" outcome="Passed" testListId="8c84fa94-04c1-424b-9868-57a2d4851a1d" relativeResultsDirectory="2420a914-e5cb-472d-9cd2-42fec3742e6d" />
    <UnitTestResult executionId="c0547364-1d04-4639-961f-38c43a069f12" testId="25ab73f2-c36a-624e-368c-e3eb6ac9fcf4" testName="FS.GG.Coordination.UnitTests.published Quint kernel manifest has the accepted identity and bundle digest" computerName="780ae460ce3c" duration="00:00:00.0065604" startTime="2026-08-31T06:26:23.3736886+02:00" endTime="2026-08-31T06:26:23.3834052+02:00" testType="13cdc9d9-ddb5-4fa4-a97d-d965ccfc6d4b" outcome="Passed" testListId="8c84fa94-04c1-424b-9868-57a2d4851a1d" relativeResultsDirectory="c0547364-1d04-4639-961f-38c43a069f12" />
    <UnitTestResult executionId="6ea91936-f3ab-4f25-bc2e-91f9439e1233" testId="f03df1bf-97b8-3b05-9eba-658137a2830c" testName="FS.GG.Coordination.RoadmapWorkTests.gate catalog arguments are pinned independently and list-only mutation is refused" computerName="780ae460ce3c" duration="00:00:00.0026162" startTime="2026-08-31T06:26:23.4284928+02:00" endTime="2026-08-31T06:26:23.4310686+02:00" testType="13cdc9d9-ddb5-4fa4-a97d-d965ccfc6d4b" outcome="Passed" testListId="8c84fa94-04c1-424b-9868-57a2d4851a1d" relativeResultsDirectory="6ea91936-f3ab-4f25-bc2e-91f9439e1233" />
    <UnitTestResult executionId="b71f539c-aaf5-41b8-bad6-8eaa98da8705" testId="453fd9e2-6016-3f5e-a73e-7c8f2b5cd39d" testName="FS.GG.Coordination.RoadmapWorkTests.known unit inspection is bound to exact roadmap bytes" computerName="780ae460ce3c" duration="00:00:00.0040943" startTime="2026-08-31T06:26:23.4282674+02:00" endTime="2026-08-31T06:26:23.4284061+02:00" testType="13cdc9d9-ddb5-4fa4-a97d-d965ccfc6d4b" outcome="Passed" testListId="8c84fa94-04c1-424b-9868-57a2d4851a1d" relativeResultsDirectory="b71f539c-aaf5-41b8-bad6-8eaa98da8705" />
    <UnitTestResult executionId="55f03138-51aa-4bb9-97fd-e252138e3a1a" testId="7d64b838-8c5c-7918-f40d-6e360ef36539" testName="FS.GG.Coordination.GitHubTransportTests.REST Link parsing preserves next relation and rejects ambiguous mapping" computerName="780ae460ce3c" duration="00:00:00.0108676" startTime="2026-08-31T06:26:23.3737049+02:00" endTime="2026-08-31T06:26:23.3913268+02:00" testType="13cdc9d9-ddb5-4fa4-a97d-d965ccfc6d4b" outcome="Passed" testListId="8c84fa94-04c1-424b-9868-57a2d4851a1d" relativeResultsDirectory="55f03138-51aa-4bb9-97fd-e252138e3a1a" />
    <UnitTestResult executionId="52c4f524-0689-4fb1-ab50-30b4a2e0ba98" testId="8708375f-c756-e690-ff37-4dd96ac5475a" testName="FS.GG.Coordination.GitHubTransportTests.REST and GraphQL traversal require terminal completeness" computerName="780ae460ce3c" duration="00:00:00.0104184" startTime="2026-08-31T06:26:23.3981671+02:00" endTime="2026-08-31T06:26:23.4027479+02:00" testType="13cdc9d9-ddb5-4fa4-a97d-d965ccfc6d4b" outcome="Passed" testListId="8c84fa94-04c1-424b-9868-57a2d4851a1d" relativeResultsDirectory="52c4f524-0689-4fb1-ab50-30b4a2e0ba98" />
    <UnitTestResult executionId="3c365e42-f465-47ce-841c-c8c243d0a83d" testId="3b1fc2e3-ee96-105f-ad0f-e9c11d9490be" testName="FS.GG.Coordination.CritiqueEvidenceTests.invalid authority inventory phase evidence and time are refused before rendering" computerName="780ae460ce3c" duration="00:00:00.0139433" startTime="2026-08-31T06:26:23.3737195+02:00" endTime="2026-08-31T06:26:23.3918827+02:00" testType="13cdc9d9-ddb5-4fa4-a97d-d965ccfc6d4b" outcome="Passed" testListId="8c84fa94-04c1-424b-9868-57a2d4851a1d" relativeResultsDirectory="3c365e42-f465-47ce-841c-c8c243d0a83d" />
    <UnitTestResult executionId="14c977d8-c2e8-4e8b-ae41-79a24a3eef57" testId="c9a7ceca-bc8a-248e-7214-f31cfe8112b4" testName="FS.GG.Coordination.CritiqueEvidenceTests.candidate evidence and finding content change bundle identity" computerName="780ae460ce3c" duration="00:00:00.0012201" startTime="2026-08-31T06:26:23.4002595+02:00" endTime="2026-08-31T06:26:23.4013820+02:00" testType="13cdc9d9-ddb5-4fa4-a97d-d965ccfc6d4b" outcome="Passed" testListId="8c84fa94-04c1-424b-9868-57a2d4851a1d" relativeResultsDirectory="14c977d8-c2e8-4e8b-ae41-79a24a3eef57" />
    <UnitTestResult executionId="99205497-0afc-4aba-9325-97e0bf88edac" testId="00f8f62d-e0f2-cfca-7df2-e276009f44c7" testName="FS.GG.Coordination.RoadmapWorkTests.manifest refuses traversal and validation refuses changed candidate" computerName="780ae460ce3c" duration="00:00:00.0034826" startTime="2026-08-31T06:26:23.4208486+02:00" endTime="2026-08-31T06:26:23.4243072+02:00" testType="13cdc9d9-ddb5-4fa4-a97d-d965ccfc6d4b" outcome="Passed" testListId="8c84fa94-04c1-424b-9868-57a2d4851a1d" relativeResultsDirectory="99205497-0afc-4aba-9325-97e0bf88edac" />
  </Results>
  <TestDefinitions>
    <UnitTest name="FS.GG.Coordination.CritiqueEvidenceTests.candidate evidence and finding content change bundle identity" storage="/tmp/fsgg-coordination-123/tests/fs.gg.coordination.unittests/bin/release/net10.0/fs.gg.coordination.unittests.dll" id="c9a7ceca-bc8a-248e-7214-f31cfe8112b4">
      <Execution id="14c977d8-c2e8-4e8b-ae41-79a24a3eef57" />
      <TestMethod codeBase="/tmp/fsgg-coordination-123/tests/FS.GG.Coordination.UnitTests/bin/Release/net10.0/FS.GG.Coordination.UnitTests.dll" adapterTypeName="executor://xunit/VsTestRunner3/netcore/" className="FS.GG.Coordination.CritiqueEvidenceTests" name="candidate evidence and finding content change bundle identity" />
    </UnitTest>
    <UnitTest name="FS.GG.Coordination.QualificationManifestTests.resealed truncation of every closed inventory remains red" storage="/tmp/fsgg-coordination-123/tests/fs.gg.coordination.unittests/bin/release/net10.0/fs.gg.coordination.unittests.dll" id="96d0a3f6-0243-2c4d-0d2d-6e36cb59bca9">
      <Execution id="4712d7d3-3bab-418b-baed-4f420bb6012e" />
      <TestMethod codeBase="/tmp/fsgg-coordination-123/tests/FS.GG.Coordination.UnitTests/bin/Release/net10.0/FS.GG.Coordination.UnitTests.dll" adapterTypeName="executor://xunit/VsTestRunner3/netcore/" className="FS.GG.Coordination.QualificationManifestTests" name="resealed truncation of every closed inventory remains red" />
    </UnitTest>
    <UnitTest name="FS.GG.Coordination.QualificationManifestTests.semantic input changes manifest identity" storage="/tmp/fsgg-coordination-123/tests/fs.gg.coordination.unittests/bin/release/net10.0/fs.gg.coordination.unittests.dll" id="dba848b9-fd6f-8cd1-9530-478b4c0d4aa7">
      <Execution id="d81cc051-0a75-4355-80f3-c681601deda6" />
      <TestMethod codeBase="/tmp/fsgg-coordination-123/tests/FS.GG.Coordination.UnitTests/bin/Release/net10.0/FS.GG.Coordination.UnitTests.dll" adapterTypeName="executor://xunit/VsTestRunner3/netcore/" className="FS.GG.Coordination.QualificationManifestTests" name="semantic input changes manifest identity" />
    </UnitTest>
    <UnitTest name="FS.GG.Coordination.RoadmapWorkTests.changed roadmap and unknown unit are refused distinctly" storage="/tmp/fsgg-coordination-123/tests/fs.gg.coordination.unittests/bin/release/net10.0/fs.gg.coordination.unittests.dll" id="f3529ae4-e62a-83e3-8fb6-1b6d60f162bd">
      <Execution id="207ecc9e-2166-4362-a989-999374ed8952" />
      <TestMethod codeBase="/tmp/fsgg-coordination-123/tests/FS.GG.Coordination.UnitTests/bin/Release/net10.0/FS.GG.Coordination.UnitTests.dll" adapterTypeName="executor://xunit/VsTestRunner3/netcore/" className="FS.GG.Coordination.RoadmapWorkTests" name="changed roadmap and unknown unit are refused distinctly" />
    </UnitTest>
    <UnitTest name="FS.GG.Coordination.RoadmapWorkTests.candidate manifest is deterministic and never claims acceptance" storage="/tmp/fsgg-coordination-123/tests/fs.gg.coordination.unittests/bin/release/net10.0/fs.gg.coordination.unittests.dll" id="495add0d-b1de-9680-8b6c-0653c6468de1">
      <Execution id="9a9cd61a-b96d-4f6e-94c6-e0368742c0d1" />
      <TestMethod codeBase="/tmp/fsgg-coordination-123/tests/FS.GG.Coordination.UnitTests/bin/Release/net10.0/FS.GG.Coordination.UnitTests.dll" adapterTypeName="executor://xunit/VsTestRunner3/netcore/" className="FS.GG.Coordination.RoadmapWorkTests" name="candidate manifest is deterministic and never claims acceptance" />
    </UnitTest>
    <UnitTest name="FS.GG.Coordination.UnitTests.app boundary is inert" storage="/tmp/fsgg-coordination-123/tests/fs.gg.coordination.unittests/bin/release/net10.0/fs.gg.coordination.unittests.dll" id="2747ae7f-aa47-9fb1-a156-779aabc305e5">
      <Execution id="5f1ced76-e05b-4380-b625-b5dd736435b6" />
      <TestMethod codeBase="/tmp/fsgg-coordination-123/tests/FS.GG.Coordination.UnitTests/bin/Release/net10.0/FS.GG.Coordination.UnitTests.dll" adapterTypeName="executor://xunit/VsTestRunner3/netcore/" className="FS.GG.Coordination.UnitTests" name="app boundary is inert" />
    </UnitTest>
    <UnitTest name="FS.GG.Coordination.QualificationManifestTests.harness mutation proof derives all controls and negative observations" storage="/tmp/fsgg-coordination-123/tests/fs.gg.coordination.unittests/bin/release/net10.0/fs.gg.coordination.unittests.dll" id="60aa9a0b-42df-bd98-cb91-770ba8a1d572">
      <Execution id="353e7300-a75f-480d-8ac5-bc9cd1d31b82" />
      <TestMethod codeBase="/tmp/fsgg-coordination-123/tests/FS.GG.Coordination.UnitTests/bin/Release/net10.0/FS.GG.Coordination.UnitTests.dll" adapterTypeName="executor://xunit/VsTestRunner3/netcore/" className="FS.GG.Coordination.QualificationManifestTests" name="harness mutation proof derives all controls and negative observations" />
    </UnitTest>
    <UnitTest name="FS.GG.Coordination.QualificationManifestTests.complete qualification manifest is canonical deterministic and self bound" storage="/tmp/fsgg-coordination-123/tests/fs.gg.coordination.unittests/bin/release/net10.0/fs.gg.coordination.unittests.dll" id="6db2c0c3-3f05-10d4-3ea3-c5102bdce5db">
      <Execution id="1cdff98d-4678-4209-b580-7e1ef4a77c3f" />
      <TestMethod codeBase="/tmp/fsgg-coordination-123/tests/FS.GG.Coordination.UnitTests/bin/Release/net10.0/FS.GG.Coordination.UnitTests.dll" adapterTypeName="executor://xunit/VsTestRunner3/netcore/" className="FS.GG.Coordination.QualificationManifestTests" name="complete qualification manifest is canonical deterministic and self bound" />
    </UnitTest>
    <UnitTest name="FS.GG.Coordination.GitHubTransportTests.revision and rate state preserve unknown stale and exhausted meaning" storage="/tmp/fsgg-coordination-123/tests/fs.gg.coordination.unittests/bin/release/net10.0/fs.gg.coordination.unittests.dll" id="ac94a4d8-9280-1838-b939-0d6ee340b32f">
      <Execution id="c4034765-92fe-468f-9746-cb6ec8bf676a" />
      <TestMethod codeBase="/tmp/fsgg-coordination-123/tests/FS.GG.Coordination.UnitTests/bin/Release/net10.0/FS.GG.Coordination.UnitTests.dll" adapterTypeName="executor://xunit/VsTestRunner3/netcore/" className="FS.GG.Coordination.GitHubTransportTests" name="revision and rate state preserve unknown stale and exhausted meaning" />
    </UnitTest>
    <UnitTest name="FS.GG.Coordination.UnitTests.altered published Quint kernel manifest is refused by digest and identity" storage="/tmp/fsgg-coordination-123/tests/fs.gg.coordination.unittests/bin/release/net10.0/fs.gg.coordination.unittests.dll" id="af634480-f99a-44a3-5b8d-9cf3e90e0b48">
      <Execution id="cd084f09-c744-4e6d-84ee-37793f742ad0" />
      <TestMethod codeBase="/tmp/fsgg-coordination-123/tests/FS.GG.Coordination.UnitTests/bin/Release/net10.0/FS.GG.Coordination.UnitTests.dll" adapterTypeName="executor://xunit/VsTestRunner3/netcore/" className="FS.GG.Coordination.UnitTests" name="altered published Quint kernel manifest is refused by digest and identity" />
    </UnitTest>
    <UnitTest name="FS.GG.Coordination.CritiqueEvidenceTests.absent stale duplicate forged truncated and prose only bundles are red" storage="/tmp/fsgg-coordination-123/tests/fs.gg.coordination.unittests/bin/release/net10.0/fs.gg.coordination.unittests.dll" id="b998af87-0cf0-728f-702d-6bbf6e3903c0">
      <Execution id="edec2152-e8a9-43a1-bfc1-07a65f625ccd" />
      <TestMethod codeBase="/tmp/fsgg-coordination-123/tests/FS.GG.Coordination.UnitTests/bin/Release/net10.0/FS.GG.Coordination.UnitTests.dll" adapterTypeName="executor://xunit/VsTestRunner3/netcore/" className="FS.GG.Coordination.CritiqueEvidenceTests" name="absent stale duplicate forged truncated and prose only bundles are red" />
    </UnitTest>
    <UnitTest name="FS.GG.Coordination.QualificationManifestTests.qualification manifest omissions substitutions and independence failures are red" storage="/tmp/fsgg-coordination-123/tests/fs.gg.coordination.unittests/bin/release/net10.0/fs.gg.coordination.unittests.dll" id="8f7fbbcb-cdcc-919c-10cc-b06d39ba99ae">
      <Execution id="8525367a-13cc-4ac7-a087-6f5ea1c00cec" />
      <TestMethod codeBase="/tmp/fsgg-coordination-123/tests/FS.GG.Coordination.UnitTests/bin/Release/net10.0/FS.GG.Coordination.UnitTests.dll" adapterTypeName="executor://xunit/VsTestRunner3/netcore/" className="FS.GG.Coordination.QualificationManifestTests" name="qualification manifest omissions substitutions and independence failures are red" />
    </UnitTest>
    <UnitTest name="FS.GG.Coordination.UnitTests.pure core declares only allowed inward dependencies" storage="/tmp/fsgg-coordination-123/tests/fs.gg.coordination.unittests/bin/release/net10.0/fs.gg.coordination.unittests.dll" id="4c695d88-2485-dbd5-4d1d-815a2487fa74">
      <Execution id="13730b4b-4203-42a6-b2f8-15ef1d835f16" />
      <TestMethod codeBase="/tmp/fsgg-coordination-123/tests/FS.GG.Coordination.UnitTests/bin/Release/net10.0/FS.GG.Coordination.UnitTests.dll" adapterTypeName="executor://xunit/VsTestRunner3/netcore/" className="FS.GG.Coordination.UnitTests" name="pure core declares only allowed inward dependencies" />
    </UnitTest>
    <UnitTest name="FS.GG.Coordination.RoadmapWorkTests.missing duplicate rejected stale and tampered receipts fail closed" storage="/tmp/fsgg-coordination-123/tests/fs.gg.coordination.unittests/bin/release/net10.0/fs.gg.coordination.unittests.dll" id="da9c3699-c19d-05c4-6b5c-57570b41b5db">
      <Execution id="4ab6f0bc-8479-4b93-9ad5-397ed608d7d0" />
      <TestMethod codeBase="/tmp/fsgg-coordination-123/tests/FS.GG.Coordination.UnitTests/bin/Release/net10.0/FS.GG.Coordination.UnitTests.dll" adapterTypeName="executor://xunit/VsTestRunner3/netcore/" className="FS.GG.Coordination.RoadmapWorkTests" name="missing duplicate rejected stale and tampered receipts fail closed" />
    </UnitTest>
    <UnitTest name="FS.GG.Coordination.UnitTests.malformed published Quint kernel manifest is refused" storage="/tmp/fsgg-coordination-123/tests/fs.gg.coordination.unittests/bin/release/net10.0/fs.gg.coordination.unittests.dll" id="61bed709-d51c-4546-1e19-d28244e22284">
      <Execution id="b900619d-c9e9-442f-aec4-7ed41d4aad42" />
      <TestMethod codeBase="/tmp/fsgg-coordination-123/tests/FS.GG.Coordination.UnitTests/bin/Release/net10.0/FS.GG.Coordination.UnitTests.dll" adapterTypeName="executor://xunit/VsTestRunner3/netcore/" className="FS.GG.Coordination.UnitTests" name="malformed published Quint kernel manifest is refused" />
    </UnitTest>
    <UnitTest name="FS.GG.Coordination.UnitTests.generated protocol contract exposes stable profile-2 identities" storage="/tmp/fsgg-coordination-123/tests/fs.gg.coordination.unittests/bin/release/net10.0/fs.gg.coordination.unittests.dll" id="55045b65-427f-d4f9-98ee-3bd2668df296">
      <Execution id="b04ac5e2-b957-4a0f-aced-0f1c62d213fe" />
      <TestMethod codeBase="/tmp/fsgg-coordination-123/tests/FS.GG.Coordination.UnitTests/bin/Release/net10.0/FS.GG.Coordination.UnitTests.dll" adapterTypeName="executor://xunit/VsTestRunner3/netcore/" className="FS.GG.Coordination.UnitTests" name="generated protocol contract exposes stable profile-2 identities" />
    </UnitTest>
    <UnitTest name="FS.GG.Coordination.RoadmapWorkTests.manifest creation requires one canonical UTC instant form" storage="/tmp/fsgg-coordination-123/tests/fs.gg.coordination.unittests/bin/release/net10.0/fs.gg.coordination.unittests.dll" id="32efae01-4715-95f5-9ff2-199cc469668a">
      <Execution id="d0686bae-4a02-4e49-8946-3c33323b44b3" />
      <TestMethod codeBase="/tmp/fsgg-coordination-123/tests/FS.GG.Coordination.UnitTests/bin/Release/net10.0/FS.GG.Coordination.UnitTests.dll" adapterTypeName="executor://xunit/VsTestRunner3/netcore/" className="FS.GG.Coordination.RoadmapWorkTests" name="manifest creation requires one canonical UTC instant form" />
    </UnitTest>
    <UnitTest name="FS.GG.Coordination.RoadmapWorkTests.known unit inspection is bound to exact roadmap bytes" storage="/tmp/fsgg-coordination-123/tests/fs.gg.coordination.unittests/bin/release/net10.0/fs.gg.coordination.unittests.dll" id="453fd9e2-6016-3f5e-a73e-7c8f2b5cd39d">
      <Execution id="b71f539c-aaf5-41b8-bad6-8eaa98da8705" />
      <TestMethod codeBase="/tmp/fsgg-coordination-123/tests/FS.GG.Coordination.UnitTests/bin/Release/net10.0/FS.GG.Coordination.UnitTests.dll" adapterTypeName="executor://xunit/VsTestRunner3/netcore/" className="FS.GG.Coordination.RoadmapWorkTests" name="known unit inspection is bound to exact roadmap bytes" />
    </UnitTest>
    <UnitTest name="FS.GG.Coordination.GitHubTransportTests.REST and GraphQL traversal require terminal completeness" storage="/tmp/fsgg-coordination-123/tests/fs.gg.coordination.unittests/bin/release/net10.0/fs.gg.coordination.unittests.dll" id="8708375f-c756-e690-ff37-4dd96ac5475a">
      <Execution id="52c4f524-0689-4fb1-ab50-30b4a2e0ba98" />
      <TestMethod codeBase="/tmp/fsgg-coordination-123/tests/FS.GG.Coordination.UnitTests/bin/Release/net10.0/FS.GG.Coordination.UnitTests.dll" adapterTypeName="executor://xunit/VsTestRunner3/netcore/" className="FS.GG.Coordination.GitHubTransportTests" name="REST and GraphQL traversal require terminal completeness" />
    </UnitTest>
    <UnitTest name="FS.GG.Coordination.RoadmapWorkTests.gate catalog arguments are pinned independently and list-only mutation is refused" storage="/tmp/fsgg-coordination-123/tests/fs.gg.coordination.unittests/bin/release/net10.0/fs.gg.coordination.unittests.dll" id="f03df1bf-97b8-3b05-9eba-658137a2830c">
      <Execution id="6ea91936-f3ab-4f25-bc2e-91f9439e1233" />
      <TestMethod codeBase="/tmp/fsgg-coordination-123/tests/FS.GG.Coordination.UnitTests/bin/Release/net10.0/FS.GG.Coordination.UnitTests.dll" adapterTypeName="executor://xunit/VsTestRunner3/netcore/" className="FS.GG.Coordination.RoadmapWorkTests" name="gate catalog arguments are pinned independently and list-only mutation is refused" />
    </UnitTest>
    <UnitTest name="FS.GG.Coordination.UnitTests.protocol boundary has a stable initial identity" storage="/tmp/fsgg-coordination-123/tests/fs.gg.coordination.unittests/bin/release/net10.0/fs.gg.coordination.unittests.dll" id="d3cd4303-01d6-7feb-d596-2e241121b5d7">
      <Execution id="cb5b79ab-4cea-4ccf-a20a-d7465dbacd47" />
      <TestMethod codeBase="/tmp/fsgg-coordination-123/tests/FS.GG.Coordination.UnitTests/bin/Release/net10.0/FS.GG.Coordination.UnitTests.dll" adapterTypeName="executor://xunit/VsTestRunner3/netcore/" className="FS.GG.Coordination.UnitTests" name="protocol boundary has a stable initial identity" />
    </UnitTest>
    <UnitTest name="FS.GG.Coordination.RoadmapWorkTests.unknown qualification gate and JSON members are refused" storage="/tmp/fsgg-coordination-123/tests/fs.gg.coordination.unittests/bin/release/net10.0/fs.gg.coordination.unittests.dll" id="e180d8b1-d8f6-fe9c-2380-5cabfb589e47">
      <Execution id="7c47d556-77f3-4d6c-a7e4-9f0885932c2c" />
      <TestMethod codeBase="/tmp/fsgg-coordination-123/tests/FS.GG.Coordination.UnitTests/bin/Release/net10.0/FS.GG.Coordination.UnitTests.dll" adapterTypeName="executor://xunit/VsTestRunner3/netcore/" className="FS.GG.Coordination.RoadmapWorkTests" name="unknown qualification gate and JSON members are refused" />
    </UnitTest>
    <UnitTest name="FS.GG.Coordination.CritiqueEvidenceTests.invalid authority inventory phase evidence and time are refused before rendering" storage="/tmp/fsgg-coordination-123/tests/fs.gg.coordination.unittests/bin/release/net10.0/fs.gg.coordination.unittests.dll" id="3b1fc2e3-ee96-105f-ad0f-e9c11d9490be">
      <Execution id="3c365e42-f465-47ce-841c-c8c243d0a83d" />
      <TestMethod codeBase="/tmp/fsgg-coordination-123/tests/FS.GG.Coordination.UnitTests/bin/Release/net10.0/FS.GG.Coordination.UnitTests.dll" adapterTypeName="executor://xunit/VsTestRunner3/netcore/" className="FS.GG.Coordination.CritiqueEvidenceTests" name="invalid authority inventory phase evidence and time are refused before rendering" />
    </UnitTest>
    <UnitTest name="FS.GG.Coordination.GitHubTransportTests.API version and replay authority fail closed" storage="/tmp/fsgg-coordination-123/tests/fs.gg.coordination.unittests/bin/release/net10.0/fs.gg.coordination.unittests.dll" id="1ac10b01-5cd9-0000-5a9f-1624aa5a8838">
      <Execution id="542bb5bb-3461-45d0-86a9-a122351fb2b0" />
      <TestMethod codeBase="/tmp/fsgg-coordination-123/tests/FS.GG.Coordination.UnitTests/bin/Release/net10.0/FS.GG.Coordination.UnitTests.dll" adapterTypeName="executor://xunit/VsTestRunner3/netcore/" className="FS.GG.Coordination.GitHubTransportTests" name="API version and replay authority fail closed" />
    </UnitTest>
    <UnitTest name="FS.GG.Coordination.UnitTests.published Quint kernel manifest has the accepted identity and bundle digest" storage="/tmp/fsgg-coordination-123/tests/fs.gg.coordination.unittests/bin/release/net10.0/fs.gg.coordination.unittests.dll" id="25ab73f2-c36a-624e-368c-e3eb6ac9fcf4">
      <Execution id="c0547364-1d04-4639-961f-38c43a069f12" />
      <TestMethod codeBase="/tmp/fsgg-coordination-123/tests/FS.GG.Coordination.UnitTests/bin/Release/net10.0/FS.GG.Coordination.UnitTests.dll" adapterTypeName="executor://xunit/VsTestRunner3/netcore/" className="FS.GG.Coordination.UnitTests" name="published Quint kernel manifest has the accepted identity and bundle digest" />
    </UnitTest>
    <UnitTest name="FS.GG.Coordination.GitHubTransportTests.fixture projection is stable allow-listed and leak rejecting" storage="/tmp/fsgg-coordination-123/tests/fs.gg.coordination.unittests/bin/release/net10.0/fs.gg.coordination.unittests.dll" id="00e743bc-27bd-66df-6e4f-3908d69690e5">
      <Execution id="7b801a9c-e17d-4487-bdd5-70a4fbf80bce" />
      <TestMethod codeBase="/tmp/fsgg-coordination-123/tests/FS.GG.Coordination.UnitTests/bin/Release/net10.0/FS.GG.Coordination.UnitTests.dll" adapterTypeName="executor://xunit/VsTestRunner3/netcore/" className="FS.GG.Coordination.GitHubTransportTests" name="fixture projection is stable allow-listed and leak rejecting" />
    </UnitTest>
    <UnitTest name="FS.GG.Coordination.CritiqueEvidenceTests.five perspectives generate one canonical derived green rollup" storage="/tmp/fsgg-coordination-123/tests/fs.gg.coordination.unittests/bin/release/net10.0/fs.gg.coordination.unittests.dll" id="0096c3b1-7ef2-465b-b28a-62bfbf61f789">
      <Execution id="46e12598-ac29-45db-861f-ecd581ddc47c" />
      <TestMethod codeBase="/tmp/fsgg-coordination-123/tests/FS.GG.Coordination.UnitTests/bin/Release/net10.0/FS.GG.Coordination.UnitTests.dll" adapterTypeName="executor://xunit/VsTestRunner3/netcore/" className="FS.GG.Coordination.CritiqueEvidenceTests" name="five perspectives generate one canonical derived green rollup" />
    </UnitTest>
    <UnitTest name="FS.GG.Coordination.RoadmapWorkTests.accepted exact prerequisite is ready" storage="/tmp/fsgg-coordination-123/tests/fs.gg.coordination.unittests/bin/release/net10.0/fs.gg.coordination.unittests.dll" id="0892fb94-202a-b0d4-2d11-72086f4774eb">
      <Execution id="f0a77f48-0299-4baa-850b-42b51ba21d0d" />
      <TestMethod codeBase="/tmp/fsgg-coordination-123/tests/FS.GG.Coordination.UnitTests/bin/Release/net10.0/FS.GG.Coordination.UnitTests.dll" adapterTypeName="executor://xunit/VsTestRunner3/netcore/" className="FS.GG.Coordination.RoadmapWorkTests" name="accepted exact prerequisite is ready" />
    </UnitTest>
    <UnitTest name="FS.GG.Coordination.GitHubTransportTests.REST Link parsing preserves next relation and rejects ambiguous mapping" storage="/tmp/fsgg-coordination-123/tests/fs.gg.coordination.unittests/bin/release/net10.0/fs.gg.coordination.unittests.dll" id="7d64b838-8c5c-7918-f40d-6e360ef36539">
      <Execution id="55f03138-51aa-4bb9-97fd-e252138e3a1a" />
      <TestMethod codeBase="/tmp/fsgg-coordination-123/tests/FS.GG.Coordination.UnitTests/bin/Release/net10.0/FS.GG.Coordination.UnitTests.dll" adapterTypeName="executor://xunit/VsTestRunner3/netcore/" className="FS.GG.Coordination.GitHubTransportTests" name="REST Link parsing preserves next relation and rejects ambiguous mapping" />
    </UnitTest>
    <UnitTest name="FS.GG.Coordination.CritiqueEvidenceTests.changes required remains valid evidence but cannot derive green" storage="/tmp/fsgg-coordination-123/tests/fs.gg.coordination.unittests/bin/release/net10.0/fs.gg.coordination.unittests.dll" id="deaef829-c3c1-63ef-1128-94114bfe098f">
      <Execution id="3f9de37a-eec5-423b-a977-ab977b873979" />
      <TestMethod codeBase="/tmp/fsgg-coordination-123/tests/FS.GG.Coordination.UnitTests/bin/Release/net10.0/FS.GG.Coordination.UnitTests.dll" adapterTypeName="executor://xunit/VsTestRunner3/netcore/" className="FS.GG.Coordination.CritiqueEvidenceTests" name="changes required remains valid evidence but cannot derive green" />
    </UnitTest>
    <UnitTest name="FS.GG.Coordination.UnitTests.qualification contracts carry a typed result" storage="/tmp/fsgg-coordination-123/tests/fs.gg.coordination.unittests/bin/release/net10.0/fs.gg.coordination.unittests.dll" id="d7872e2d-f53e-d344-3042-f7681a4789db">
      <Execution id="3c912522-a285-4ca1-988c-d69eeaee06cb" />
      <TestMethod codeBase="/tmp/fsgg-coordination-123/tests/FS.GG.Coordination.UnitTests/bin/Release/net10.0/FS.GG.Coordination.UnitTests.dll" adapterTypeName="executor://xunit/VsTestRunner3/netcore/" className="FS.GG.Coordination.UnitTests" name="qualification contracts carry a typed result" />
    </UnitTest>
    <UnitTest name="FS.GG.Coordination.GitHubTransportTests.qualification rejects producer gaps and accepts two closed inventories" storage="/tmp/fsgg-coordination-123/tests/fs.gg.coordination.unittests/bin/release/net10.0/fs.gg.coordination.unittests.dll" id="fe12808d-0506-6eab-eb05-77bd2e02ec15">
      <Execution id="2420a914-e5cb-472d-9cd2-42fec3742e6d" />
      <TestMethod codeBase="/tmp/fsgg-coordination-123/tests/FS.GG.Coordination.UnitTests/bin/Release/net10.0/FS.GG.Coordination.UnitTests.dll" adapterTypeName="executor://xunit/VsTestRunner3/netcore/" className="FS.GG.Coordination.GitHubTransportTests" name="qualification rejects producer gaps and accepts two closed inventories" />
    </UnitTest>
    <UnitTest name="FS.GG.Coordination.QualificationManifestTests.generated producers cannot be the sole evidence for another gate class" storage="/tmp/fsgg-coordination-123/tests/fs.gg.coordination.unittests/bin/release/net10.0/fs.gg.coordination.unittests.dll" id="ad8f6f68-90d6-6cad-38f7-1f7be53d4f24">
      <Execution id="48a2c6cc-f24e-45e3-90eb-856e7cfac7af" />
      <TestMethod codeBase="/tmp/fsgg-coordination-123/tests/FS.GG.Coordination.UnitTests/bin/Release/net10.0/FS.GG.Coordination.UnitTests.dll" adapterTypeName="executor://xunit/VsTestRunner3/netcore/" className="FS.GG.Coordination.QualificationManifestTests" name="generated producers cannot be the sole evidence for another gate class" />
    </UnitTest>
    <UnitTest name="FS.GG.Coordination.RoadmapWorkTests.manifest refuses traversal and validation refuses changed candidate" storage="/tmp/fsgg-coordination-123/tests/fs.gg.coordination.unittests/bin/release/net10.0/fs.gg.coordination.unittests.dll" id="00f8f62d-e0f2-cfca-7df2-e276009f44c7">
      <Execution id="99205497-0afc-4aba-9325-97e0bf88edac" />
      <TestMethod codeBase="/tmp/fsgg-coordination-123/tests/FS.GG.Coordination.UnitTests/bin/Release/net10.0/FS.GG.Coordination.UnitTests.dll" adapterTypeName="executor://xunit/VsTestRunner3/netcore/" className="FS.GG.Coordination.RoadmapWorkTests" name="manifest refuses traversal and validation refuses changed candidate" />
    </UnitTest>
  </TestDefinitions>
  <TestEntries>
    <TestEntry testId="ac94a4d8-9280-1838-b939-0d6ee340b32f" executionId="c4034765-92fe-468f-9746-cb6ec8bf676a" testListId="8c84fa94-04c1-424b-9868-57a2d4851a1d" />
    <TestEntry testId="60aa9a0b-42df-bd98-cb91-770ba8a1d572" executionId="353e7300-a75f-480d-8ac5-bc9cd1d31b82" testListId="8c84fa94-04c1-424b-9868-57a2d4851a1d" />
    <TestEntry testId="0096c3b1-7ef2-465b-b28a-62bfbf61f789" executionId="46e12598-ac29-45db-861f-ecd581ddc47c" testListId="8c84fa94-04c1-424b-9868-57a2d4851a1d" />
    <TestEntry testId="55045b65-427f-d4f9-98ee-3bd2668df296" executionId="b04ac5e2-b957-4a0f-aced-0f1c62d213fe" testListId="8c84fa94-04c1-424b-9868-57a2d4851a1d" />
    <TestEntry testId="2747ae7f-aa47-9fb1-a156-779aabc305e5" executionId="5f1ced76-e05b-4380-b625-b5dd736435b6" testListId="8c84fa94-04c1-424b-9868-57a2d4851a1d" />
    <TestEntry testId="6db2c0c3-3f05-10d4-3ea3-c5102bdce5db" executionId="1cdff98d-4678-4209-b580-7e1ef4a77c3f" testListId="8c84fa94-04c1-424b-9868-57a2d4851a1d" />
    <TestEntry testId="4c695d88-2485-dbd5-4d1d-815a2487fa74" executionId="13730b4b-4203-42a6-b2f8-15ef1d835f16" testListId="8c84fa94-04c1-424b-9868-57a2d4851a1d" />
    <TestEntry testId="495add0d-b1de-9680-8b6c-0653c6468de1" executionId="9a9cd61a-b96d-4f6e-94c6-e0368742c0d1" testListId="8c84fa94-04c1-424b-9868-57a2d4851a1d" />
    <TestEntry testId="61bed709-d51c-4546-1e19-d28244e22284" executionId="b900619d-c9e9-442f-aec4-7ed41d4aad42" testListId="8c84fa94-04c1-424b-9868-57a2d4851a1d" />
    <TestEntry testId="1ac10b01-5cd9-0000-5a9f-1624aa5a8838" executionId="542bb5bb-3461-45d0-86a9-a122351fb2b0" testListId="8c84fa94-04c1-424b-9868-57a2d4851a1d" />
    <TestEntry testId="32efae01-4715-95f5-9ff2-199cc469668a" executionId="d0686bae-4a02-4e49-8946-3c33323b44b3" testListId="8c84fa94-04c1-424b-9868-57a2d4851a1d" />
    <TestEntry testId="00e743bc-27bd-66df-6e4f-3908d69690e5" executionId="7b801a9c-e17d-4487-bdd5-70a4fbf80bce" testListId="8c84fa94-04c1-424b-9868-57a2d4851a1d" />
    <TestEntry testId="8f7fbbcb-cdcc-919c-10cc-b06d39ba99ae" executionId="8525367a-13cc-4ac7-a087-6f5ea1c00cec" testListId="8c84fa94-04c1-424b-9868-57a2d4851a1d" />
    <TestEntry testId="d3cd4303-01d6-7feb-d596-2e241121b5d7" executionId="cb5b79ab-4cea-4ccf-a20a-d7465dbacd47" testListId="8c84fa94-04c1-424b-9868-57a2d4851a1d" />
    <TestEntry testId="ad8f6f68-90d6-6cad-38f7-1f7be53d4f24" executionId="48a2c6cc-f24e-45e3-90eb-856e7cfac7af" testListId="8c84fa94-04c1-424b-9868-57a2d4851a1d" />
    <TestEntry testId="96d0a3f6-0243-2c4d-0d2d-6e36cb59bca9" executionId="4712d7d3-3bab-418b-baed-4f420bb6012e" testListId="8c84fa94-04c1-424b-9868-57a2d4851a1d" />
    <TestEntry testId="af634480-f99a-44a3-5b8d-9cf3e90e0b48" executionId="cd084f09-c744-4e6d-84ee-37793f742ad0" testListId="8c84fa94-04c1-424b-9868-57a2d4851a1d" />
    <TestEntry testId="0892fb94-202a-b0d4-2d11-72086f4774eb" executionId="f0a77f48-0299-4baa-850b-42b51ba21d0d" testListId="8c84fa94-04c1-424b-9868-57a2d4851a1d" />
    <TestEntry testId="d7872e2d-f53e-d344-3042-f7681a4789db" executionId="3c912522-a285-4ca1-988c-d69eeaee06cb" testListId="8c84fa94-04c1-424b-9868-57a2d4851a1d" />
    <TestEntry testId="e180d8b1-d8f6-fe9c-2380-5cabfb589e47" executionId="7c47d556-77f3-4d6c-a7e4-9f0885932c2c" testListId="8c84fa94-04c1-424b-9868-57a2d4851a1d" />
    <TestEntry testId="deaef829-c3c1-63ef-1128-94114bfe098f" executionId="3f9de37a-eec5-423b-a977-ab977b873979" testListId="8c84fa94-04c1-424b-9868-57a2d4851a1d" />
    <TestEntry testId="da9c3699-c19d-05c4-6b5c-57570b41b5db" executionId="4ab6f0bc-8479-4b93-9ad5-397ed608d7d0" testListId="8c84fa94-04c1-424b-9868-57a2d4851a1d" />
    <TestEntry testId="f3529ae4-e62a-83e3-8fb6-1b6d60f162bd" executionId="207ecc9e-2166-4362-a989-999374ed8952" testListId="8c84fa94-04c1-424b-9868-57a2d4851a1d" />
    <TestEntry testId="b998af87-0cf0-728f-702d-6bbf6e3903c0" executionId="edec2152-e8a9-43a1-bfc1-07a65f625ccd" testListId="8c84fa94-04c1-424b-9868-57a2d4851a1d" />
    <TestEntry testId="dba848b9-fd6f-8cd1-9530-478b4c0d4aa7" executionId="d81cc051-0a75-4355-80f3-c681601deda6" testListId="8c84fa94-04c1-424b-9868-57a2d4851a1d" />
    <TestEntry testId="fe12808d-0506-6eab-eb05-77bd2e02ec15" executionId="2420a914-e5cb-472d-9cd2-42fec3742e6d" testListId="8c84fa94-04c1-424b-9868-57a2d4851a1d" />
    <TestEntry testId="25ab73f2-c36a-624e-368c-e3eb6ac9fcf4" executionId="c0547364-1d04-4639-961f-38c43a069f12" testListId="8c84fa94-04c1-424b-9868-57a2d4851a1d" />
    <TestEntry testId="f03df1bf-97b8-3b05-9eba-658137a2830c" executionId="6ea91936-f3ab-4f25-bc2e-91f9439e1233" testListId="8c84fa94-04c1-424b-9868-57a2d4851a1d" />
    <TestEntry testId="453fd9e2-6016-3f5e-a73e-7c8f2b5cd39d" executionId="b71f539c-aaf5-41b8-bad6-8eaa98da8705" testListId="8c84fa94-04c1-424b-9868-57a2d4851a1d" />
    <TestEntry testId="7d64b838-8c5c-7918-f40d-6e360ef36539" executionId="55f03138-51aa-4bb9-97fd-e252138e3a1a" testListId="8c84fa94-04c1-424b-9868-57a2d4851a1d" />
    <TestEntry testId="8708375f-c756-e690-ff37-4dd96ac5475a" executionId="52c4f524-0689-4fb1-ab50-30b4a2e0ba98" testListId="8c84fa94-04c1-424b-9868-57a2d4851a1d" />
    <TestEntry testId="3b1fc2e3-ee96-105f-ad0f-e9c11d9490be" executionId="3c365e42-f465-47ce-841c-c8c243d0a83d" testListId="8c84fa94-04c1-424b-9868-57a2d4851a1d" />
    <TestEntry testId="c9a7ceca-bc8a-248e-7214-f31cfe8112b4" executionId="14c977d8-c2e8-4e8b-ae41-79a24a3eef57" testListId="8c84fa94-04c1-424b-9868-57a2d4851a1d" />
    <TestEntry testId="00f8f62d-e0f2-cfca-7df2-e276009f44c7" executionId="99205497-0afc-4aba-9325-97e0bf88edac" testListId="8c84fa94-04c1-424b-9868-57a2d4851a1d" />
  </TestEntries>
  <TestLists>
    <TestList name="Results Not in a List" id="8c84fa94-04c1-424b-9868-57a2d4851a1d" />
    <TestList name="All Loaded Results" id="19431567-8539-422a-85d7-44ee4e166bda" />
  </TestLists>
  <ResultSummary outcome="Completed">
    <Counters total="34" executed="34" passed="34" failed="0" error="0" timeout="0" aborted="0" inconclusive="0" passedButRunAborted="0" notRunnable="0" notExecuted="0" disconnected="0" warning="0" completed="0" inProgress="0" pending="0" />
    <Output>
      <StdOut>[xUnit.net 00:00:00.00] xUnit.net VSTest Adapter v3.1.5+1b188a7b0a (64-bit .NET 10.0.11)
[xUnit.net 00:00:00.05]   Discovering: FS.GG.Coordination.UnitTests
[xUnit.net 00:00:00.07]   Discovered:  FS.GG.Coordination.UnitTests
[xUnit.net 00:00:00.08]   Starting:    FS.GG.Coordination.UnitTests
[xUnit.net 00:00:00.30]   Finished:    FS.GG.Coordination.UnitTests
</StdOut>
    </Output>
  </ResultSummary>
</TestRun>