<?xml version="1.0" encoding="utf-8"?>
<TestRun id="1f467d9f-bc02-4e59-bc67-f8b73aba7b8e" name="@780ae460ce3c 2026-08-31 06:19:38" xmlns="http://microsoft.com/schemas/VisualStudio/TeamTest/2010">
  <Times creation="2026-08-31T06:19:38.0706602+02:00" queuing="2026-08-31T06:19:38.0706603+02:00" start="2026-08-31T06:19:37.7486632+02:00" finish="2026-08-31T06:19:38.2614927+02:00" />
  <TestSettings name="default" id="ca43a6ac-6fa7-4979-b46c-873a0b0e635d">
    <Deployment runDeploymentRoot="_780ae460ce3c_2026-08-31_06_19_38" />
  </TestSettings>
  <Results>
    <UnitTestResult executionId="cde6a77a-5dc2-4230-ba2b-7a6d77d70192" testId="d7872e2d-f53e-d344-3042-f7681a4789db" testName="FS.GG.Coordination.UnitTests.qualification contracts carry a typed result" computerName="780ae460ce3c" duration="00:00:00.0000239" startTime="2026-08-31T06:19:38.0899931+02:00" endTime="2026-08-31T06:19:38.0900020+02:00" testType="13cdc9d9-ddb5-4fa4-a97d-d965ccfc6d4b" outcome="Passed" testListId="8c84fa94-04c1-424b-9868-57a2d4851a1d" relativeResultsDirectory="cde6a77a-5dc2-4230-ba2b-7a6d77d70192" />
    <UnitTestResult executionId="ae9fd8b6-6096-4744-a56b-f3ef990203c2" testId="00e743bc-27bd-66df-6e4f-3908d69690e5" testName="FS.GG.Coordination.GitHubTransportTests.fixture projection is stable allow-listed and leak rejecting" computerName="780ae460ce3c" duration="00:00:00.0025575" startTime="2026-08-31T06:19:38.0530967+02:00" endTime="2026-08-31T06:19:38.0546466+02:00" testType="13cdc9d9-ddb5-4fa4-a97d-d965ccfc6d4b" outcome="Passed" testListId="8c84fa94-04c1-424b-9868-57a2d4851a1d" relativeResultsDirectory="ae9fd8b6-6096-4744-a56b-f3ef990203c2" />
    <UnitTestResult executionId="05b8285a-3104-468c-ab54-4b1af6d9fabf" testId="ac94a4d8-9280-1838-b939-0d6ee340b32f" testName="FS.GG.Coordination.GitHubTransportTests.revision and rate state preserve unknown stale and exhausted meaning" computerName="780ae460ce3c" duration="00:00:00.0010564" startTime="2026-08-31T06:19:38.0462548+02:00" endTime="2026-08-31T06:19:38.0527819+02:00" testType="13cdc9d9-ddb5-4fa4-a97d-d965ccfc6d4b" outcome="Passed" testListId="8c84fa94-04c1-424b-9868-57a2d4851a1d" relativeResultsDirectory="05b8285a-3104-468c-ab54-4b1af6d9fabf" />
    <UnitTestResult executionId="540dfef6-5879-463b-82c1-cd763abb5405" testId="32efae01-4715-95f5-9ff2-199cc469668a" testName="FS.GG.Coordination.RoadmapWorkTests.manifest creation requires one canonical UTC instant form" computerName="780ae460ce3c" duration="00:00:00.0018605" startTime="2026-08-31T06:19:38.0624918+02:00" endTime="2026-08-31T06:19:38.0639822+02:00" testType="13cdc9d9-ddb5-4fa4-a97d-d965ccfc6d4b" outcome="Passed" testListId="8c84fa94-04c1-424b-9868-57a2d4851a1d" relativeResultsDirectory="540dfef6-5879-463b-82c1-cd763abb5405" />
    <UnitTestResult executionId="66284079-b72f-4478-a729-775bdf41b182" testId="6db2c0c3-3f05-10d4-3ea3-c5102bdce5db" testName="FS.GG.Coordination.QualificationManifestTests.complete qualification manifest is canonical deterministic and self bound" computerName="780ae460ce3c" duration="00:00:00.0071846" startTime="2026-08-31T06:19:38.0744362+02:00" endTime="2026-08-31T06:19:38.0815613+02:00" testType="13cdc9d9-ddb5-4fa4-a97d-d965ccfc6d4b" outcome="Passed" testListId="8c84fa94-04c1-424b-9868-57a2d4851a1d" relativeResultsDirectory="66284079-b72f-4478-a729-775bdf41b182" />
    <UnitTestResult executionId="dc5a251a-5b3b-43e3-84d0-bc921bfba3d8" testId="3b1fc2e3-ee96-105f-ad0f-e9c11d9490be" testName="FS.GG.Coordination.CritiqueEvidenceTests.invalid authority inventory phase evidence and time are refused before rendering" computerName="780ae460ce3c" duration="00:00:00.0156682" startTime="2026-08-31T06:19:38.0259439+02:00" endTime="2026-08-31T06:19:38.0462722+02:00" testType="13cdc9d9-ddb5-4fa4-a97d-d965ccfc6d4b" outcome="Passed" testListId="8c84fa94-04c1-424b-9868-57a2d4851a1d" relativeResultsDirectory="dc5a251a-5b3b-43e3-84d0-bc921bfba3d8" />
    <UnitTestResult executionId="d4a644f6-bc6d-4583-87d6-35c38761e61b" testId="b998af87-0cf0-728f-702d-6bbf6e3903c0" testName="FS.GG.Coordination.CritiqueEvidenceTests.absent stale duplicate forged truncated and prose only bundles are red" computerName="780ae460ce3c" duration="00:00:00.0088564" startTime="2026-08-31T06:19:38.0527522+02:00" endTime="2026-08-31T06:19:38.0531083+02:00" testType="13cdc9d9-ddb5-4fa4-a97d-d965ccfc6d4b" outcome="Passed" testListId="8c84fa94-04c1-424b-9868-57a2d4851a1d" relativeResultsDirectory="d4a644f6-bc6d-4583-87d6-35c38761e61b" />
    <UnitTestResult executionId="fe87975c-ad9d-4804-949b-d3f62b15b524" testId="4c695d88-2485-dbd5-4d1d-815a2487fa74" testName="FS.GG.Coordination.UnitTests.pure core declares only allowed inward dependencies" computerName="780ae460ce3c" duration="00:00:00.0007212" startTime="2026-08-31T06:19:38.0900742+02:00" endTime="2026-08-31T06:19:38.0906853+02:00" testType="13cdc9d9-ddb5-4fa4-a97d-d965ccfc6d4b" outcome="Passed" testListId="8c84fa94-04c1-424b-9868-57a2d4851a1d" relativeResultsDirectory="fe87975c-ad9d-4804-949b-d3f62b15b524" />
    <UnitTestResult executionId="9718c155-0a22-4ab3-bb1c-010c7c98a528" testId="0096c3b1-7ef2-465b-b28a-62bfbf61f789" testName="FS.GG.Coordination.CritiqueEvidenceTests.five perspectives generate one canonical derived green rollup" computerName="780ae460ce3c" duration="00:00:00.0026842" startTime="2026-08-31T06:19:38.0531874+02:00" endTime="2026-08-31T06:19:38.0551369+02:00" testType="13cdc9d9-ddb5-4fa4-a97d-d965ccfc6d4b" outcome="Passed" testListId="8c84fa94-04c1-424b-9868-57a2d4851a1d" relativeResultsDirectory="9718c155-0a22-4ab3-bb1c-010c7c98a528" />
    <UnitTestResult executionId="e92220b9-058a-46b8-8d46-4b18dae18a48" testId="0892fb94-202a-b0d4-2d11-72086f4774eb" testName="FS.GG.Coordination.RoadmapWorkTests.accepted exact prerequisite is ready" computerName="780ae460ce3c" duration="00:00:00.0009441" startTime="2026-08-31T06:19:38.0687998+02:00" endTime="2026-08-31T06:19:38.0696458+02:00" testType="13cdc9d9-ddb5-4fa4-a97d-d965ccfc6d4b" outcome="Passed" testListId="8c84fa94-04c1-424b-9868-57a2d4851a1d" relativeResultsDirectory="e92220b9-058a-46b8-8d46-4b18dae18a48" />
    <UnitTestResult executionId="3ffa835b-3ee9-4601-b014-7b2788f52981" testId="f3529ae4-e62a-83e3-8fb6-1b6d60f162bd" testName="FS.GG.Coordination.RoadmapWorkTests.changed roadmap and unknown unit are refused distinctly" computerName="780ae460ce3c" duration="00:00:00.0341770" startTime="2026-08-31T06:19:38.0259320+02:00" endTime="2026-08-31T06:19:38.0620735+02:00" testType="13cdc9d9-ddb5-4fa4-a97d-d965ccfc6d4b" outcome="Passed" testListId="8c84fa94-04c1-424b-9868-57a2d4851a1d" relativeResultsDirectory="3ffa835b-3ee9-4601-b014-7b2788f52981" />
    <UnitTestResult executionId="59378328-312f-42c3-b476-6139e40e9e6d" testId="453fd9e2-6016-3f5e-a73e-7c8f2b5cd39d" testName="FS.GG.Coordination.RoadmapWorkTests.known unit inspection is bound to exact roadmap bytes" computerName="780ae460ce3c" duration="00:00:00.0002883" startTime="2026-08-31T06:19:38.0731977+02:00" endTime="2026-08-31T06:19:38.0734263+02:00" testType="13cdc9d9-ddb5-4fa4-a97d-d965ccfc6d4b" outcome="Passed" testListId="8c84fa94-04c1-424b-9868-57a2d4851a1d" relativeResultsDirectory="59378328-312f-42c3-b476-6139e40e9e6d" />
    <UnitTestResult executionId="2e9d3cd5-ee7b-411f-9b9e-3ca44b3c2609" testId="da9c3699-c19d-05c4-6b5c-57570b41b5db" testName="FS.GG.Coordination.RoadmapWorkTests.missing duplicate rejected stale and tampered receipts fail closed" computerName="780ae460ce3c" duration="00:00:00.0043406" startTime="2026-08-31T06:19:38.0640818+02:00" endTime="2026-08-31T06:19:38.0683700+02:00" testType="13cdc9d9-ddb5-4fa4-a97d-d965ccfc6d4b" outcome="Passed" testListId="8c84fa94-04c1-424b-9868-57a2d4851a1d" relativeResultsDirectory="2e9d3cd5-ee7b-411f-9b9e-3ca44b3c2609" />
    <UnitTestResult executionId="f4fe6071-64a9-48c6-accd-e05eadfb6420" testId="f03df1bf-97b8-3b05-9eba-658137a2830c" testName="FS.GG.Coordination.RoadmapWorkTests.gate catalog arguments are pinned independently and list-only mutation is refused" computerName="780ae460ce3c" duration="00:00:00.0022664" startTime="2026-08-31T06:19:38.0735590+02:00" endTime="2026-08-31T06:19:38.0757014+02:00" testType="13cdc9d9-ddb5-4fa4-a97d-d965ccfc6d4b" outcome="Passed" testListId="8c84fa94-04c1-424b-9868-57a2d4851a1d" relativeResultsDirectory="f4fe6071-64a9-48c6-accd-e05eadfb6420" />
    <UnitTestResult executionId="e5b94a99-26c2-45bb-84c5-b47aeb23fc4b" testId="55045b65-427f-d4f9-98ee-3bd2668df296" testName="FS.GG.Coordination.UnitTests.generated protocol contract exposes stable profile-2 identities" computerName="780ae460ce3c" duration="00:00:00.0461405" startTime="2026-08-31T06:19:38.0461160+02:00" endTime="2026-08-31T06:19:38.0880257+02:00" testType="13cdc9d9-ddb5-4fa4-a97d-d965ccfc6d4b" outcome="Passed" testListId="8c84fa94-04c1-424b-9868-57a2d4851a1d" relativeResultsDirectory="e5b94a99-26c2-45bb-84c5-b47aeb23fc4b" />
    <UnitTestResult executionId="e00b31de-7044-473a-be2d-3114d69e6917" testId="2747ae7f-aa47-9fb1-a156-779aabc305e5" testName="FS.GG.Coordination.UnitTests.app boundary is inert" computerName="780ae460ce3c" duration="00:00:00.0002145" startTime="2026-08-31T06:19:38.0886369+02:00" endTime="2026-08-31T06:19:38.0887962+02:00" testType="13cdc9d9-ddb5-4fa4-a97d-d965ccfc6d4b" outcome="Passed" testListId="8c84fa94-04c1-424b-9868-57a2d4851a1d" relativeResultsDirectory="e00b31de-7044-473a-be2d-3114d69e6917" />
    <UnitTestResult executionId="3da71642-89cd-4290-8c6d-a6070102322f" testId="8f7fbbcb-cdcc-919c-10cc-b06d39ba99ae" testName="FS.GG.Coordination.QualificationManifestTests.qualification manifest omissions substitutions and independence failures are red" computerName="780ae460ce3c" duration="00:00:00.0464500" startTime="2026-08-31T06:19:38.0258835+02:00" endTime="2026-08-31T06:19:38.0743240+02:00" testType="13cdc9d9-ddb5-4fa4-a97d-d965ccfc6d4b" outcome="Passed" testListId="8c84fa94-04c1-424b-9868-57a2d4851a1d" relativeResultsDirectory="3da71642-89cd-4290-8c6d-a6070102322f" />
    <UnitTestResult executionId="3bceb4a8-61f1-4583-8fb7-85cd54f6ce57" testId="c9a7ceca-bc8a-248e-7214-f31cfe8112b4" testName="FS.GG.Coordination.CritiqueEvidenceTests.candidate evidence and finding content change bundle identity" computerName="780ae460ce3c" duration="00:00:00.0012227" startTime="2026-08-31T06:19:38.0552141+02:00" endTime="2026-08-31T06:19:38.0563895+02:00" testType="13cdc9d9-ddb5-4fa4-a97d-d965ccfc6d4b" outcome="Passed" testListId="8c84fa94-04c1-424b-9868-57a2d4851a1d" relativeResultsDirectory="3bceb4a8-61f1-4583-8fb7-85cd54f6ce57" />
    <UnitTestResult executionId="a5305a05-f532-4e53-a577-4d6e3c7e893d" testId="dba848b9-fd6f-8cd1-9530-478b4c0d4aa7" testName="FS.GG.Coordination.QualificationManifestTests.semantic input changes manifest identity" computerName="780ae460ce3c" duration="00:00:00.0025814" startTime="2026-08-31T06:19:38.2219090+02:00" endTime="2026-08-31T06:19:38.2244566+02:00" testType="13cdc9d9-ddb5-4fa4-a97d-d965ccfc6d4b" outcome="Passed" testListId="8c84fa94-04c1-424b-9868-57a2d4851a1d" relativeResultsDirectory="a5305a05-f532-4e53-a577-4d6e3c7e893d" />
    <UnitTestResult executionId="81b90e34-d4b2-4c44-9ecd-082c0abe6004" testId="00f8f62d-e0f2-cfca-7df2-e276009f44c7" testName="FS.GG.Coordination.RoadmapWorkTests.manifest refuses traversal and validation refuses changed candidate" computerName="780ae460ce3c" duration="00:00:00.0034081" startTime="2026-08-31T06:19:38.0697329+02:00" endTime="2026-08-31T06:19:38.0730991+02:00" testType="13cdc9d9-ddb5-4fa4-a97d-d965ccfc6d4b" outcome="Passed" testListId="8c84fa94-04c1-424b-9868-57a2d4851a1d" relativeResultsDirectory="81b90e34-d4b2-4c44-9ecd-082c0abe6004" />
    <UnitTestResult executionId="0ceccc93-7098-4a8f-a3d9-f343003618a4" testId="af634480-f99a-44a3-5b8d-9cf3e90e0b48" testName="FS.GG.Coordination.UnitTests.altered published Quint kernel manifest is refused by digest and identity" computerName="780ae460ce3c" duration="00:00:00.0038078" startTime="2026-08-31T06:19:38.0453297+02:00" endTime="2026-08-31T06:19:38.0459770+02:00" testType="13cdc9d9-ddb5-4fa4-a97d-d965ccfc6d4b" outcome="Passed" testListId="8c84fa94-04c1-424b-9868-57a2d4851a1d" relativeResultsDirectory="0ceccc93-7098-4a8f-a3d9-f343003618a4" />
    <UnitTestResult executionId="8234197f-546a-487d-8e6a-56d1d84902be" testId="61bed709-d51c-4546-1e19-d28244e22284" testName="FS.GG.Coordination.UnitTests.malformed published Quint kernel manifest is refused" computerName="780ae460ce3c" duration="00:00:00.0004973" startTime="2026-08-31T06:19:38.0880973+02:00" endTime="2026-08-31T06:19:38.0885544+02:00" testType="13cdc9d9-ddb5-4fa4-a97d-d965ccfc6d4b" outcome="Passed" testListId="8c84fa94-04c1-424b-9868-57a2d4851a1d" relativeResultsDirectory="8234197f-546a-487d-8e6a-56d1d84902be" />
    <UnitTestResult executionId="ea3cb33e-f71b-422a-ba65-4ca633cf2463" testId="fe12808d-0506-6eab-eb05-77bd2e02ec15" testName="FS.GG.Coordination.GitHubTransportTests.qualification rejects producer gaps and accepts two closed inventories" computerName="780ae460ce3c" duration="00:00:00.0019874" startTime="2026-08-31T06:19:38.0547256+02:00" endTime="2026-08-31T06:19:38.0566673+02:00" testType="13cdc9d9-ddb5-4fa4-a97d-d965ccfc6d4b" outcome="Passed" testListId="8c84fa94-04c1-424b-9868-57a2d4851a1d" relativeResultsDirectory="ea3cb33e-f71b-422a-ba65-4ca633cf2463" />
    <UnitTestResult executionId="4d741d68-da31-4431-95aa-1ed1f77eaaa9" testId="d3cd4303-01d6-7feb-d596-2e241121b5d7" testName="FS.GG.Coordination.UnitTests.protocol boundary has a stable initial identity" computerName="780ae460ce3c" duration="00:00:00.0010831" startTime="2026-08-31T06:19:38.0888653+02:00" endTime="2026-08-31T06:19:38.0899001+02:00" testType="13cdc9d9-ddb5-4fa4-a97d-d965ccfc6d4b" outcome="Passed" testListId="8c84fa94-04c1-424b-9868-57a2d4851a1d" relativeResultsDirectory="4d741d68-da31-4431-95aa-1ed1f77eaaa9" />
    <UnitTestResult executionId="a7c8641e-89c7-4c9b-8f2f-9e1abddf73e1" testId="8708375f-c756-e690-ff37-4dd96ac5475a" testName="FS.GG.Coordination.GitHubTransportTests.REST and GraphQL traversal require terminal completeness" computerName="780ae460ce3c" duration="00:00:00.0080560" startTime="2026-08-31T06:19:38.0530046+02:00" endTime="2026-08-31T06:19:38.0530172+02:00" testType="13cdc9d9-ddb5-4fa4-a97d-d965ccfc6d4b" outcome="Passed" testListId="8c84fa94-04c1-424b-9868-57a2d4851a1d" relativeResultsDirectory="a7c8641e-89c7-4c9b-8f2f-9e1abddf73e1" />
    <UnitTestResult executionId="e7c5986b-0101-4a9d-8b28-454ed94f5c71" testId="ad8f6f68-90d6-6cad-38f7-1f7be53d4f24" testName="FS.GG.Coordination.QualificationManifestTests.generated producers cannot be the sole evidence for another gate class" computerName="780ae460ce3c" duration="00:00:00.0064801" startTime="2026-08-31T06:19:38.2155111+02:00" endTime="2026-08-31T06:19:38.2218430+02:00" testType="13cdc9d9-ddb5-4fa4-a97d-d965ccfc6d4b" outcome="Passed" testListId="8c84fa94-04c1-424b-9868-57a2d4851a1d" relativeResultsDirectory="e7c5986b-0101-4a9d-8b28-454ed94f5c71" />
    <UnitTestResult executionId="d1b2e72a-5e41-486a-9d4c-6e457b9f7f8c" testId="1ac10b01-5cd9-0000-5a9f-1624aa5a8838" testName="FS.GG.Coordination.GitHubTransportTests.API version and replay authority fail closed" computerName="780ae460ce3c" duration="00:00:00.0048881" startTime="2026-08-31T06:19:38.0453095+02:00" endTime="2026-08-31T06:19:38.0461343+02:00" testType="13cdc9d9-ddb5-4fa4-a97d-d965ccfc6d4b" outcome="Passed" testListId="8c84fa94-04c1-424b-9868-57a2d4851a1d" relativeResultsDirectory="d1b2e72a-5e41-486a-9d4c-6e457b9f7f8c" />
    <UnitTestResult executionId="1ef12366-29ba-4c09-a077-922e8707bfc2" testId="7d64b838-8c5c-7918-f40d-6e360ef36539" testName="FS.GG.Coordination.GitHubTransportTests.REST Link parsing preserves next relation and rejects ambiguous mapping" computerName="780ae460ce3c" duration="00:00:00.0098989" startTime="2026-08-31T06:19:38.0251468+02:00" endTime="2026-08-31T06:19:38.0443246+02:00" testType="13cdc9d9-ddb5-4fa4-a97d-d965ccfc6d4b" outcome="Passed" testListId="8c84fa94-04c1-424b-9868-57a2d4851a1d" relativeResultsDirectory="1ef12366-29ba-4c09-a077-922e8707bfc2" />
    <UnitTestResult executionId="a5a74007-4e5a-4bc6-b22d-d1590a549ed5" testId="96d0a3f6-0243-2c4d-0d2d-6e36cb59bca9" testName="FS.GG.Coordination.QualificationManifestTests.resealed truncation of every closed inventory remains red" computerName="780ae460ce3c" duration="00:00:00.0115923" startTime="2026-08-31T06:19:38.0816216+02:00" endTime="2026-08-31T06:19:38.0931569+02:00" testType="13cdc9d9-ddb5-4fa4-a97d-d965ccfc6d4b" outcome="Passed" testListId="8c84fa94-04c1-424b-9868-57a2d4851a1d" relativeResultsDirectory="a5a74007-4e5a-4bc6-b22d-d1590a549ed5" />
    <UnitTestResult executionId="27048778-2348-4cb5-895e-3471c79eb221" testId="deaef829-c3c1-63ef-1128-94114bfe098f" testName="FS.GG.Coordination.CritiqueEvidenceTests.changes required remains valid evidence but cannot derive green" computerName="780ae460ce3c" duration="00:00:00.0007138" startTime="2026-08-31T06:19:38.0564757+02:00" endTime="2026-08-31T06:19:38.0571343+02:00" testType="13cdc9d9-ddb5-4fa4-a97d-d965ccfc6d4b" outcome="Passed" testListId="8c84fa94-04c1-424b-9868-57a2d4851a1d" relativeResultsDirectory="27048778-2348-4cb5-895e-3471c79eb221" />
    <UnitTestResult executionId="e13905d1-3c0b-4f9c-9e99-cbf5707dcaae" testId="495add0d-b1de-9680-8b6c-0653c6468de1" testName="FS.GG.Coordination.RoadmapWorkTests.candidate manifest is deterministic and never claims acceptance" computerName="780ae460ce3c" duration="00:00:00.0057634" startTime="2026-08-31T06:19:38.0800379+02:00" endTime="2026-08-31T06:19:38.0814934+02:00" testType="13cdc9d9-ddb5-4fa4-a97d-d965ccfc6d4b" outcome="Passed" testListId="8c84fa94-04c1-424b-9868-57a2d4851a1d" relativeResultsDirectory="e13905d1-3c0b-4f9c-9e99-cbf5707dcaae" />
    <UnitTestResult executionId="ef1fc846-212f-4676-8ea2-d6b609992423" testId="e180d8b1-d8f6-fe9c-2380-5cabfb589e47" testName="FS.GG.Coordination.RoadmapWorkTests.unknown qualification gate and JSON members are refused" computerName="780ae460ce3c" duration="00:00:00.0002702" startTime="2026-08-31T06:19:38.0685639+02:00" endTime="2026-08-31T06:19:38.0686790+02:00" testType="13cdc9d9-ddb5-4fa4-a97d-d965ccfc6d4b" outcome="Passed" testListId="8c84fa94-04c1-424b-9868-57a2d4851a1d" relativeResultsDirectory="ef1fc846-212f-4676-8ea2-d6b609992423" />
    <UnitTestResult executionId="225b2426-9896-4899-a326-2471c0bbc8d0" testId="25ab73f2-c36a-624e-368c-e3eb6ac9fcf4" testName="FS.GG.Coordination.UnitTests.published Quint kernel manifest has the accepted identity and bundle digest" computerName="780ae460ce3c" duration="00:00:00.0078868" startTime="2026-08-31T06:19:38.0259170+02:00" endTime="2026-08-31T06:19:38.0375920+02:00" testType="13cdc9d9-ddb5-4fa4-a97d-d965ccfc6d4b" outcome="Passed" testListId="8c84fa94-04c1-424b-9868-57a2d4851a1d" relativeResultsDirectory="225b2426-9896-4899-a326-2471c0bbc8d0" />
    <UnitTestResult executionId="f0241c6f-fc4e-4901-b721-21f5cc5e140e" testId="60aa9a0b-42df-bd98-cb91-770ba8a1d572" testName="FS.GG.Coordination.QualificationManifestTests.harness mutation proof derives all controls and negative observations" computerName="780ae460ce3c" duration="00:00:00.1220991" startTime="2026-08-31T06:19:38.0934022+02:00" endTime="2026-08-31T06:19:38.2153542+02:00" testType="13cdc9d9-ddb5-4fa4-a97d-d965ccfc6d4b" outcome="Passed" testListId="8c84fa94-04c1-424b-9868-57a2d4851a1d" relativeResultsDirectory="f0241c6f-fc4e-4901-b721-21f5cc5e140e" />
  </Results>
  <TestDefinitions>
    <UnitTest name="FS.GG.Coordination.CritiqueEvidenceTests.candidate evidence and finding content change bundle identity" storage="/tmp/fsgg-coordination-123/tests/fs.gg.coordination.unittests/bin/release/net10.0/fs.gg.coordination.unittests.dll" id="c9a7ceca-bc8a-248e-7214-f31cfe8112b4">
      <Execution id="3bceb4a8-61f1-4583-8fb7-85cd54f6ce57" />
      <TestMethod codeBase="/tmp/fsgg-coordination-123/tests/FS.GG.Coordination.UnitTests/bin/Release/net10.0/FS.GG.Coordination.UnitTests.dll" adapterTypeName="executor://xunit/VsTestRunner3/netcore/" className="FS.GG.Coordination.CritiqueEvidenceTests" name="candidate evidence and finding content change bundle identity" />
    </UnitTest>
    <UnitTest name="FS.GG.Coordination.QualificationManifestTests.resealed truncation of every closed inventory remains red" storage="/tmp/fsgg-coordination-123/tests/fs.gg.coordination.unittests/bin/release/net10.0/fs.gg.coordination.unittests.dll" id="96d0a3f6-0243-2c4d-0d2d-6e36cb59bca9">
      <Execution id="a5a74007-4e5a-4bc6-b22d-d1590a549ed5" />
      <TestMethod codeBase="/tmp/fsgg-coordination-123/tests/FS.GG.Coordination.UnitTests/bin/Release/net10.0/FS.GG.Coordination.UnitTests.dll" adapterTypeName="executor://xunit/VsTestRunner3/netcore/" className="FS.GG.Coordination.QualificationManifestTests" name="resealed truncation of every closed inventory remains red" />
    </UnitTest>
    <UnitTest name="FS.GG.Coordination.QualificationManifestTests.semantic input changes manifest identity" storage="/tmp/fsgg-coordination-123/tests/fs.gg.coordination.unittests/bin/release/net10.0/fs.gg.coordination.unittests.dll" id="dba848b9-fd6f-8cd1-9530-478b4c0d4aa7">
      <Execution id="a5305a05-f532-4e53-a577-4d6e3c7e893d" />
      <TestMethod codeBase="/tmp/fsgg-coordination-123/tests/FS.GG.Coordination.UnitTests/bin/Release/net10.0/FS.GG.Coordination.UnitTests.dll" adapterTypeName="executor://xunit/VsTestRunner3/netcore/" className="FS.GG.Coordination.QualificationManifestTests" name="semantic input changes manifest identity" />
    </UnitTest>
    <UnitTest name="FS.GG.Coordination.RoadmapWorkTests.changed roadmap and unknown unit are refused distinctly" storage="/tmp/fsgg-coordination-123/tests/fs.gg.coordination.unittests/bin/release/net10.0/fs.gg.coordination.unittests.dll" id="f3529ae4-e62a-83e3-8fb6-1b6d60f162bd">
      <Execution id="3ffa835b-3ee9-4601-b014-7b2788f52981" />
      <TestMethod codeBase="/tmp/fsgg-coordination-123/tests/FS.GG.Coordination.UnitTests/bin/Release/net10.0/FS.GG.Coordination.UnitTests.dll" adapterTypeName="executor://xunit/VsTestRunner3/netcore/" className="FS.GG.Coordination.RoadmapWorkTests" name="changed roadmap and unknown unit are refused distinctly" />
    </UnitTest>
    <UnitTest name="FS.GG.Coordination.RoadmapWorkTests.candidate manifest is deterministic and never claims acceptance" storage="/tmp/fsgg-coordination-123/tests/fs.gg.coordination.unittests/bin/release/net10.0/fs.gg.coordination.unittests.dll" id="495add0d-b1de-9680-8b6c-0653c6468de1">
      <Execution id="e13905d1-3c0b-4f9c-9e99-cbf5707dcaae" />
      <TestMethod codeBase="/tmp/fsgg-coordination-123/tests/FS.GG.Coordination.UnitTests/bin/Release/net10.0/FS.GG.Coordination.UnitTests.dll" adapterTypeName="executor://xunit/VsTestRunner3/netcore/" className="FS.GG.Coordination.RoadmapWorkTests" name="candidate manifest is deterministic and never claims acceptance" />
    </UnitTest>
    <UnitTest name="FS.GG.Coordination.UnitTests.app boundary is inert" storage="/tmp/fsgg-coordination-123/tests/fs.gg.coordination.unittests/bin/release/net10.0/fs.gg.coordination.unittests.dll" id="2747ae7f-aa47-9fb1-a156-779aabc305e5">
      <Execution id="e00b31de-7044-473a-be2d-3114d69e6917" />
      <TestMethod codeBase="/tmp/fsgg-coordination-123/tests/FS.GG.Coordination.UnitTests/bin/Release/net10.0/FS.GG.Coordination.UnitTests.dll" adapterTypeName="executor://xunit/VsTestRunner3/netcore/" className="FS.GG.Coordination.UnitTests" name="app boundary is inert" />
    </UnitTest>
    <UnitTest name="FS.GG.Coordination.QualificationManifestTests.harness mutation proof derives all controls and negative observations" storage="/tmp/fsgg-coordination-123/tests/fs.gg.coordination.unittests/bin/release/net10.0/fs.gg.coordination.unittests.dll" id="60aa9a0b-42df-bd98-cb91-770ba8a1d572">
      <Execution id="f0241c6f-fc4e-4901-b721-21f5cc5e140e" />
      <TestMethod codeBase="/tmp/fsgg-coordination-123/tests/FS.GG.Coordination.UnitTests/bin/Release/net10.0/FS.GG.Coordination.UnitTests.dll" adapterTypeName="executor://xunit/VsTestRunner3/netcore/" className="FS.GG.Coordination.QualificationManifestTests" name="harness mutation proof derives all controls and negative observations" />
    </UnitTest>
    <UnitTest name="FS.GG.Coordination.QualificationManifestTests.complete qualification manifest is canonical deterministic and self bound" storage="/tmp/fsgg-coordination-123/tests/fs.gg.coordination.unittests/bin/release/net10.0/fs.gg.coordination.unittests.dll" id="6db2c0c3-3f05-10d4-3ea3-c5102bdce5db">
      <Execution id="66284079-b72f-4478-a729-775bdf41b182" />
      <TestMethod codeBase="/tmp/fsgg-coordination-123/tests/FS.GG.Coordination.UnitTests/bin/Release/net10.0/FS.GG.Coordination.UnitTests.dll" adapterTypeName="executor://xunit/VsTestRunner3/netcore/" className="FS.GG.Coordination.QualificationManifestTests" name="complete qualification manifest is canonical deterministic and self bound" />
    </UnitTest>
    <UnitTest name="FS.GG.Coordination.GitHubTransportTests.revision and rate state preserve unknown stale and exhausted meaning" storage="/tmp/fsgg-coordination-123/tests/fs.gg.coordination.unittests/bin/release/net10.0/fs.gg.coordination.unittests.dll" id="ac94a4d8-9280-1838-b939-0d6ee340b32f">
      <Execution id="05b8285a-3104-468c-ab54-4b1af6d9fabf" />
      <TestMethod codeBase="/tmp/fsgg-coordination-123/tests/FS.GG.Coordination.UnitTests/bin/Release/net10.0/FS.GG.Coordination.UnitTests.dll" adapterTypeName="executor://xunit/VsTestRunner3/netcore/" className="FS.GG.Coordination.GitHubTransportTests" name="revision and rate state preserve unknown stale and exhausted meaning" />
    </UnitTest>
    <UnitTest name="FS.GG.Coordination.UnitTests.altered published Quint kernel manifest is refused by digest and identity" storage="/tmp/fsgg-coordination-123/tests/fs.gg.coordination.unittests/bin/release/net10.0/fs.gg.coordination.unittests.dll" id="af634480-f99a-44a3-5b8d-9cf3e90e0b48">
      <Execution id="0ceccc93-7098-4a8f-a3d9-f343003618a4" />
      <TestMethod codeBase="/tmp/fsgg-coordination-123/tests/FS.GG.Coordination.UnitTests/bin/Release/net10.0/FS.GG.Coordination.UnitTests.dll" adapterTypeName="executor://xunit/VsTestRunner3/netcore/" className="FS.GG.Coordination.UnitTests" name="altered published Quint kernel manifest is refused by digest and identity" />
    </UnitTest>
    <UnitTest name="FS.GG.Coordination.CritiqueEvidenceTests.absent stale duplicate forged truncated and prose only bundles are red" storage="/tmp/fsgg-coordination-123/tests/fs.gg.coordination.unittests/bin/release/net10.0/fs.gg.coordination.unittests.dll" id="b998af87-0cf0-728f-702d-6bbf6e3903c0">
      <Execution id="d4a644f6-bc6d-4583-87d6-35c38761e61b" />
      <TestMethod codeBase="/tmp/fsgg-coordination-123/tests/FS.GG.Coordination.UnitTests/bin/Release/net10.0/FS.GG.Coordination.UnitTests.dll" adapterTypeName="executor://xunit/VsTestRunner3/netcore/" className="FS.GG.Coordination.CritiqueEvidenceTests" name="absent stale duplicate forged truncated and prose only bundles are red" />
    </UnitTest>
    <UnitTest name="FS.GG.Coordination.QualificationManifestTests.qualification manifest omissions substitutions and independence failures are red" storage="/tmp/fsgg-coordination-123/tests/fs.gg.coordination.unittests/bin/release/net10.0/fs.gg.coordination.unittests.dll" id="8f7fbbcb-cdcc-919c-10cc-b06d39ba99ae">
      <Execution id="3da71642-89cd-4290-8c6d-a6070102322f" />
      <TestMethod codeBase="/tmp/fsgg-coordination-123/tests/FS.GG.Coordination.UnitTests/bin/Release/net10.0/FS.GG.Coordination.UnitTests.dll" adapterTypeName="executor://xunit/VsTestRunner3/netcore/" className="FS.GG.Coordination.QualificationManifestTests" name="qualification manifest omissions substitutions and independence failures are red" />
    </UnitTest>
    <UnitTest name="FS.GG.Coordination.UnitTests.pure core declares only allowed inward dependencies" storage="/tmp/fsgg-coordination-123/tests/fs.gg.coordination.unittests/bin/release/net10.0/fs.gg.coordination.unittests.dll" id="4c695d88-2485-dbd5-4d1d-815a2487fa74">
      <Execution id="fe87975c-ad9d-4804-949b-d3f62b15b524" />
      <TestMethod codeBase="/tmp/fsgg-coordination-123/tests/FS.GG.Coordination.UnitTests/bin/Release/net10.0/FS.GG.Coordination.UnitTests.dll" adapterTypeName="executor://xunit/VsTestRunner3/netcore/" className="FS.GG.Coordination.UnitTests" name="pure core declares only allowed inward dependencies" />
    </UnitTest>
    <UnitTest name="FS.GG.Coordination.RoadmapWorkTests.missing duplicate rejected stale and tampered receipts fail closed" storage="/tmp/fsgg-coordination-123/tests/fs.gg.coordination.unittests/bin/release/net10.0/fs.gg.coordination.unittests.dll" id="da9c3699-c19d-05c4-6b5c-57570b41b5db">
      <Execution id="2e9d3cd5-ee7b-411f-9b9e-3ca44b3c2609" />
      <TestMethod codeBase="/tmp/fsgg-coordination-123/tests/FS.GG.Coordination.UnitTests/bin/Release/net10.0/FS.GG.Coordination.UnitTests.dll" adapterTypeName="executor://xunit/VsTestRunner3/netcore/" className="FS.GG.Coordination.RoadmapWorkTests" name="missing duplicate rejected stale and tampered receipts fail closed" />
    </UnitTest>
    <UnitTest name="FS.GG.Coordination.UnitTests.malformed published Quint kernel manifest is refused" storage="/tmp/fsgg-coordination-123/tests/fs.gg.coordination.unittests/bin/release/net10.0/fs.gg.coordination.unittests.dll" id="61bed709-d51c-4546-1e19-d28244e22284">
      <Execution id="8234197f-546a-487d-8e6a-56d1d84902be" />
      <TestMethod codeBase="/tmp/fsgg-coordination-123/tests/FS.GG.Coordination.UnitTests/bin/Release/net10.0/FS.GG.Coordination.UnitTests.dll" adapterTypeName="executor://xunit/VsTestRunner3/netcore/" className="FS.GG.Coordination.UnitTests" name="malformed published Quint kernel manifest is refused" />
    </UnitTest>
    <UnitTest name="FS.GG.Coordination.UnitTests.generated protocol contract exposes stable profile-2 identities" storage="/tmp/fsgg-coordination-123/tests/fs.gg.coordination.unittests/bin/release/net10.0/fs.gg.coordination.unittests.dll" id="55045b65-427f-d4f9-98ee-3bd2668df296">
      <Execution id="e5b94a99-26c2-45bb-84c5-b47aeb23fc4b" />
      <TestMethod codeBase="/tmp/fsgg-coordination-123/tests/FS.GG.Coordination.UnitTests/bin/Release/net10.0/FS.GG.Coordination.UnitTests.dll" adapterTypeName="executor://xunit/VsTestRunner3/netcore/" className="FS.GG.Coordination.UnitTests" name="generated protocol contract exposes stable profile-2 identities" />
    </UnitTest>
    <UnitTest name="FS.GG.Coordination.RoadmapWorkTests.manifest creation requires one canonical UTC instant form" storage="/tmp/fsgg-coordination-123/tests/fs.gg.coordination.unittests/bin/release/net10.0/fs.gg.coordination.unittests.dll" id="32efae01-4715-95f5-9ff2-199cc469668a">
      <Execution id="540dfef6-5879-463b-82c1-cd763abb5405" />
      <TestMethod codeBase="/tmp/fsgg-coordination-123/tests/FS.GG.Coordination.UnitTests/bin/Release/net10.0/FS.GG.Coordination.UnitTests.dll" adapterTypeName="executor://xunit/VsTestRunner3/netcore/" className="FS.GG.Coordination.RoadmapWorkTests" name="manifest creation requires one canonical UTC instant form" />
    </UnitTest>
    <UnitTest name="FS.GG.Coordination.RoadmapWorkTests.known unit inspection is bound to exact roadmap bytes" storage="/tmp/fsgg-coordination-123/tests/fs.gg.coordination.unittests/bin/release/net10.0/fs.gg.coordination.unittests.dll" id="453fd9e2-6016-3f5e-a73e-7c8f2b5cd39d">
      <Execution id="59378328-312f-42c3-b476-6139e40e9e6d" />
      <TestMethod codeBase="/tmp/fsgg-coordination-123/tests/FS.GG.Coordination.UnitTests/bin/Release/net10.0/FS.GG.Coordination.UnitTests.dll" adapterTypeName="executor://xunit/VsTestRunner3/netcore/" className="FS.GG.Coordination.RoadmapWorkTests" name="known unit inspection is bound to exact roadmap bytes" />
    </UnitTest>
    <UnitTest name="FS.GG.Coordination.GitHubTransportTests.REST and GraphQL traversal require terminal completeness" storage="/tmp/fsgg-coordination-123/tests/fs.gg.coordination.unittests/bin/release/net10.0/fs.gg.coordination.unittests.dll" id="8708375f-c756-e690-ff37-4dd96ac5475a">
      <Execution id="a7c8641e-89c7-4c9b-8f2f-9e1abddf73e1" />
      <TestMethod codeBase="/tmp/fsgg-coordination-123/tests/FS.GG.Coordination.UnitTests/bin/Release/net10.0/FS.GG.Coordination.UnitTests.dll" adapterTypeName="executor://xunit/VsTestRunner3/netcore/" className="FS.GG.Coordination.GitHubTransportTests" name="REST and GraphQL traversal require terminal completeness" />
    </UnitTest>
    <UnitTest name="FS.GG.Coordination.RoadmapWorkTests.gate catalog arguments are pinned independently and list-only mutation is refused" storage="/tmp/fsgg-coordination-123/tests/fs.gg.coordination.unittests/bin/release/net10.0/fs.gg.coordination.unittests.dll" id="f03df1bf-97b8-3b05-9eba-658137a2830c">
      <Execution id="f4fe6071-64a9-48c6-accd-e05eadfb6420" />
      <TestMethod codeBase="/tmp/fsgg-coordination-123/tests/FS.GG.Coordination.UnitTests/bin/Release/net10.0/FS.GG.Coordination.UnitTests.dll" adapterTypeName="executor://xunit/VsTestRunner3/netcore/" className="FS.GG.Coordination.RoadmapWorkTests" name="gate catalog arguments are pinned independently and list-only mutation is refused" />
    </UnitTest>
    <UnitTest name="FS.GG.Coordination.UnitTests.protocol boundary has a stable initial identity" storage="/tmp/fsgg-coordination-123/tests/fs.gg.coordination.unittests/bin/release/net10.0/fs.gg.coordination.unittests.dll" id="d3cd4303-01d6-7feb-d596-2e241121b5d7">
      <Execution id="4d741d68-da31-4431-95aa-1ed1f77eaaa9" />
      <TestMethod codeBase="/tmp/fsgg-coordination-123/tests/FS.GG.Coordination.UnitTests/bin/Release/net10.0/FS.GG.Coordination.UnitTests.dll" adapterTypeName="executor://xunit/VsTestRunner3/netcore/" className="FS.GG.Coordination.UnitTests" name="protocol boundary has a stable initial identity" />
    </UnitTest>
    <UnitTest name="FS.GG.Coordination.RoadmapWorkTests.unknown qualification gate and JSON members are refused" storage="/tmp/fsgg-coordination-123/tests/fs.gg.coordination.unittests/bin/release/net10.0/fs.gg.coordination.unittests.dll" id="e180d8b1-d8f6-fe9c-2380-5cabfb589e47">
      <Execution id="ef1fc846-212f-4676-8ea2-d6b609992423" />
      <TestMethod codeBase="/tmp/fsgg-coordination-123/tests/FS.GG.Coordination.UnitTests/bin/Release/net10.0/FS.GG.Coordination.UnitTests.dll" adapterTypeName="executor://xunit/VsTestRunner3/netcore/" className="FS.GG.Coordination.RoadmapWorkTests" name="unknown qualification gate and JSON members are refused" />
    </UnitTest>
    <UnitTest name="FS.GG.Coordination.CritiqueEvidenceTests.invalid authority inventory phase evidence and time are refused before rendering" storage="/tmp/fsgg-coordination-123/tests/fs.gg.coordination.unittests/bin/release/net10.0/fs.gg.coordination.unittests.dll" id="3b1fc2e3-ee96-105f-ad0f-e9c11d9490be">
      <Execution id="dc5a251a-5b3b-43e3-84d0-bc921bfba3d8" />
      <TestMethod codeBase="/tmp/fsgg-coordination-123/tests/FS.GG.Coordination.UnitTests/bin/Release/net10.0/FS.GG.Coordination.UnitTests.dll" adapterTypeName="executor://xunit/VsTestRunner3/netcore/" className="FS.GG.Coordination.CritiqueEvidenceTests" name="invalid authority inventory phase evidence and time are refused before rendering" />
    </UnitTest>
    <UnitTest name="FS.GG.Coordination.GitHubTransportTests.API version and replay authority fail closed" storage="/tmp/fsgg-coordination-123/tests/fs.gg.coordination.unittests/bin/release/net10.0/fs.gg.coordination.unittests.dll" id="1ac10b01-5cd9-0000-5a9f-1624aa5a8838">
      <Execution id="d1b2e72a-5e41-486a-9d4c-6e457b9f7f8c" />
      <TestMethod codeBase="/tmp/fsgg-coordination-123/tests/FS.GG.Coordination.UnitTests/bin/Release/net10.0/FS.GG.Coordination.UnitTests.dll" adapterTypeName="executor://xunit/VsTestRunner3/netcore/" className="FS.GG.Coordination.GitHubTransportTests" name="API version and replay authority fail closed" />
    </UnitTest>
    <UnitTest name="FS.GG.Coordination.UnitTests.published Quint kernel manifest has the accepted identity and bundle digest" storage="/tmp/fsgg-coordination-123/tests/fs.gg.coordination.unittests/bin/release/net10.0/fs.gg.coordination.unittests.dll" id="25ab73f2-c36a-624e-368c-e3eb6ac9fcf4">
      <Execution id="225b2426-9896-4899-a326-2471c0bbc8d0" />
      <TestMethod codeBase="/tmp/fsgg-coordination-123/tests/FS.GG.Coordination.UnitTests/bin/Release/net10.0/FS.GG.Coordination.UnitTests.dll" adapterTypeName="executor://xunit/VsTestRunner3/netcore/" className="FS.GG.Coordination.UnitTests" name="published Quint kernel manifest has the accepted identity and bundle digest" />
    </UnitTest>
    <UnitTest name="FS.GG.Coordination.GitHubTransportTests.fixture projection is stable allow-listed and leak rejecting" storage="/tmp/fsgg-coordination-123/tests/fs.gg.coordination.unittests/bin/release/net10.0/fs.gg.coordination.unittests.dll" id="00e743bc-27bd-66df-6e4f-3908d69690e5">
      <Execution id="ae9fd8b6-6096-4744-a56b-f3ef990203c2" />
      <TestMethod codeBase="/tmp/fsgg-coordination-123/tests/FS.GG.Coordination.UnitTests/bin/Release/net10.0/FS.GG.Coordination.UnitTests.dll" adapterTypeName="executor://xunit/VsTestRunner3/netcore/" className="FS.GG.Coordination.GitHubTransportTests" name="fixture projection is stable allow-listed and leak rejecting" />
    </UnitTest>
    <UnitTest name="FS.GG.Coordination.CritiqueEvidenceTests.five perspectives generate one canonical derived green rollup" storage="/tmp/fsgg-coordination-123/tests/fs.gg.coordination.unittests/bin/release/net10.0/fs.gg.coordination.unittests.dll" id="0096c3b1-7ef2-465b-b28a-62bfbf61f789">
      <Execution id="9718c155-0a22-4ab3-bb1c-010c7c98a528" />
      <TestMethod codeBase="/tmp/fsgg-coordination-123/tests/FS.GG.Coordination.UnitTests/bin/Release/net10.0/FS.GG.Coordination.UnitTests.dll" adapterTypeName="executor://xunit/VsTestRunner3/netcore/" className="FS.GG.Coordination.CritiqueEvidenceTests" name="five perspectives generate one canonical derived green rollup" />
    </UnitTest>
    <UnitTest name="FS.GG.Coordination.RoadmapWorkTests.accepted exact prerequisite is ready" storage="/tmp/fsgg-coordination-123/tests/fs.gg.coordination.unittests/bin/release/net10.0/fs.gg.coordination.unittests.dll" id="0892fb94-202a-b0d4-2d11-72086f4774eb">
      <Execution id="e92220b9-058a-46b8-8d46-4b18dae18a48" />
      <TestMethod codeBase="/tmp/fsgg-coordination-123/tests/FS.GG.Coordination.UnitTests/bin/Release/net10.0/FS.GG.Coordination.UnitTests.dll" adapterTypeName="executor://xunit/VsTestRunner3/netcore/" className="FS.GG.Coordination.RoadmapWorkTests" name="accepted exact prerequisite is ready" />
    </UnitTest>
    <UnitTest name="FS.GG.Coordination.GitHubTransportTests.REST Link parsing preserves next relation and rejects ambiguous mapping" storage="/tmp/fsgg-coordination-123/tests/fs.gg.coordination.unittests/bin/release/net10.0/fs.gg.coordination.unittests.dll" id="7d64b838-8c5c-7918-f40d-6e360ef36539">
      <Execution id="1ef12366-29ba-4c09-a077-922e8707bfc2" />
      <TestMethod codeBase="/tmp/fsgg-coordination-123/tests/FS.GG.Coordination.UnitTests/bin/Release/net10.0/FS.GG.Coordination.UnitTests.dll" adapterTypeName="executor://xunit/VsTestRunner3/netcore/" className="FS.GG.Coordination.GitHubTransportTests" name="REST Link parsing preserves next relation and rejects ambiguous mapping" />
    </UnitTest>
    <UnitTest name="FS.GG.Coordination.CritiqueEvidenceTests.changes required remains valid evidence but cannot derive green" storage="/tmp/fsgg-coordination-123/tests/fs.gg.coordination.unittests/bin/release/net10.0/fs.gg.coordination.unittests.dll" id="deaef829-c3c1-63ef-1128-94114bfe098f">
      <Execution id="27048778-2348-4cb5-895e-3471c79eb221" />
      <TestMethod codeBase="/tmp/fsgg-coordination-123/tests/FS.GG.Coordination.UnitTests/bin/Release/net10.0/FS.GG.Coordination.UnitTests.dll" adapterTypeName="executor://xunit/VsTestRunner3/netcore/" className="FS.GG.Coordination.CritiqueEvidenceTests" name="changes required remains valid evidence but cannot derive green" />
    </UnitTest>
    <UnitTest name="FS.GG.Coordination.UnitTests.qualification contracts carry a typed result" storage="/tmp/fsgg-coordination-123/tests/fs.gg.coordination.unittests/bin/release/net10.0/fs.gg.coordination.unittests.dll" id="d7872e2d-f53e-d344-3042-f7681a4789db">
      <Execution id="cde6a77a-5dc2-4230-ba2b-7a6d77d70192" />
      <TestMethod codeBase="/tmp/fsgg-coordination-123/tests/FS.GG.Coordination.UnitTests/bin/Release/net10.0/FS.GG.Coordination.UnitTests.dll" adapterTypeName="executor://xunit/VsTestRunner3/netcore/" className="FS.GG.Coordination.UnitTests" name="qualification contracts carry a typed result" />
    </UnitTest>
    <UnitTest name="FS.GG.Coordination.GitHubTransportTests.qualification rejects producer gaps and accepts two closed inventories" storage="/tmp/fsgg-coordination-123/tests/fs.gg.coordination.unittests/bin/release/net10.0/fs.gg.coordination.unittests.dll" id="fe12808d-0506-6eab-eb05-77bd2e02ec15">
      <Execution id="ea3cb33e-f71b-422a-ba65-4ca633cf2463" />
      <TestMethod codeBase="/tmp/fsgg-coordination-123/tests/FS.GG.Coordination.UnitTests/bin/Release/net10.0/FS.GG.Coordination.UnitTests.dll" adapterTypeName="executor://xunit/VsTestRunner3/netcore/" className="FS.GG.Coordination.GitHubTransportTests" name="qualification rejects producer gaps and accepts two closed inventories" />
    </UnitTest>
    <UnitTest name="FS.GG.Coordination.QualificationManifestTests.generated producers cannot be the sole evidence for another gate class" storage="/tmp/fsgg-coordination-123/tests/fs.gg.coordination.unittests/bin/release/net10.0/fs.gg.coordination.unittests.dll" id="ad8f6f68-90d6-6cad-38f7-1f7be53d4f24">
      <Execution id="e7c5986b-0101-4a9d-8b28-454ed94f5c71" />
      <TestMethod codeBase="/tmp/fsgg-coordination-123/tests/FS.GG.Coordination.UnitTests/bin/Release/net10.0/FS.GG.Coordination.UnitTests.dll" adapterTypeName="executor://xunit/VsTestRunner3/netcore/" className="FS.GG.Coordination.QualificationManifestTests" name="generated producers cannot be the sole evidence for another gate class" />
    </UnitTest>
    <UnitTest name="FS.GG.Coordination.RoadmapWorkTests.manifest refuses traversal and validation refuses changed candidate" storage="/tmp/fsgg-coordination-123/tests/fs.gg.coordination.unittests/bin/release/net10.0/fs.gg.coordination.unittests.dll" id="00f8f62d-e0f2-cfca-7df2-e276009f44c7">
      <Execution id="81b90e34-d4b2-4c44-9ecd-082c0abe6004" />
      <TestMethod codeBase="/tmp/fsgg-coordination-123/tests/FS.GG.Coordination.UnitTests/bin/Release/net10.0/FS.GG.Coordination.UnitTests.dll" adapterTypeName="executor://xunit/VsTestRunner3/netcore/" className="FS.GG.Coordination.RoadmapWorkTests" name="manifest refuses traversal and validation refuses changed candidate" />
    </UnitTest>
  </TestDefinitions>
  <TestEntries>
    <TestEntry testId="d7872e2d-f53e-d344-3042-f7681a4789db" executionId="cde6a77a-5dc2-4230-ba2b-7a6d77d70192" testListId="8c84fa94-04c1-424b-9868-57a2d4851a1d" />
    <TestEntry testId="00e743bc-27bd-66df-6e4f-3908d69690e5" executionId="ae9fd8b6-6096-4744-a56b-f3ef990203c2" testListId="8c84fa94-04c1-424b-9868-57a2d4851a1d" />
    <TestEntry testId="ac94a4d8-9280-1838-b939-0d6ee340b32f" executionId="05b8285a-3104-468c-ab54-4b1af6d9fabf" testListId="8c84fa94-04c1-424b-9868-57a2d4851a1d" />
    <TestEntry testId="32efae01-4715-95f5-9ff2-199cc469668a" executionId="540dfef6-5879-463b-82c1-cd763abb5405" testListId="8c84fa94-04c1-424b-9868-57a2d4851a1d" />
    <TestEntry testId="6db2c0c3-3f05-10d4-3ea3-c5102bdce5db" executionId="66284079-b72f-4478-a729-775bdf41b182" testListId="8c84fa94-04c1-424b-9868-57a2d4851a1d" />
    <TestEntry testId="3b1fc2e3-ee96-105f-ad0f-e9c11d9490be" executionId="dc5a251a-5b3b-43e3-84d0-bc921bfba3d8" testListId="8c84fa94-04c1-424b-9868-57a2d4851a1d" />
    <TestEntry testId="b998af87-0cf0-728f-702d-6bbf6e3903c0" executionId="d4a644f6-bc6d-4583-87d6-35c38761e61b" testListId="8c84fa94-04c1-424b-9868-57a2d4851a1d" />
    <TestEntry testId="4c695d88-2485-dbd5-4d1d-815a2487fa74" executionId="fe87975c-ad9d-4804-949b-d3f62b15b524" testListId="8c84fa94-04c1-424b-9868-57a2d4851a1d" />
    <TestEntry testId="0096c3b1-7ef2-465b-b28a-62bfbf61f789" executionId="9718c155-0a22-4ab3-bb1c-010c7c98a528" testListId="8c84fa94-04c1-424b-9868-57a2d4851a1d" />
    <TestEntry testId="0892fb94-202a-b0d4-2d11-72086f4774eb" executionId="e92220b9-058a-46b8-8d46-4b18dae18a48" testListId="8c84fa94-04c1-424b-9868-57a2d4851a1d" />
    <TestEntry testId="f3529ae4-e62a-83e3-8fb6-1b6d60f162bd" executionId="3ffa835b-3ee9-4601-b014-7b2788f52981" testListId="8c84fa94-04c1-424b-9868-57a2d4851a1d" />
    <TestEntry testId="453fd9e2-6016-3f5e-a73e-7c8f2b5cd39d" executionId="59378328-312f-42c3-b476-6139e40e9e6d" testListId="8c84fa94-04c1-424b-9868-57a2d4851a1d" />
    <TestEntry testId="da9c3699-c19d-05c4-6b5c-57570b41b5db" executionId="2e9d3cd5-ee7b-411f-9b9e-3ca44b3c2609" testListId="8c84fa94-04c1-424b-9868-57a2d4851a1d" />
    <TestEntry testId="f03df1bf-97b8-3b05-9eba-658137a2830c" executionId="f4fe6071-64a9-48c6-accd-e05eadfb6420" testListId="8c84fa94-04c1-424b-9868-57a2d4851a1d" />
    <TestEntry testId="55045b65-427f-d4f9-98ee-3bd2668df296" executionId="e5b94a99-26c2-45bb-84c5-b47aeb23fc4b" testListId="8c84fa94-04c1-424b-9868-57a2d4851a1d" />
    <TestEntry testId="2747ae7f-aa47-9fb1-a156-779aabc305e5" executionId="e00b31de-7044-473a-be2d-3114d69e6917" testListId="8c84fa94-04c1-424b-9868-57a2d4851a1d" />
    <TestEntry testId="8f7fbbcb-cdcc-919c-10cc-b06d39ba99ae" executionId="3da71642-89cd-4290-8c6d-a6070102322f" testListId="8c84fa94-04c1-424b-9868-57a2d4851a1d" />
    <TestEntry testId="c9a7ceca-bc8a-248e-7214-f31cfe8112b4" executionId="3bceb4a8-61f1-4583-8fb7-85cd54f6ce57" testListId="8c84fa94-04c1-424b-9868-57a2d4851a1d" />
    <TestEntry testId="dba848b9-fd6f-8cd1-9530-478b4c0d4aa7" executionId="a5305a05-f532-4e53-a577-4d6e3c7e893d" testListId="8c84fa94-04c1-424b-9868-57a2d4851a1d" />
    <TestEntry testId="00f8f62d-e0f2-cfca-7df2-e276009f44c7" executionId="81b90e34-d4b2-4c44-9ecd-082c0abe6004" testListId="8c84fa94-04c1-424b-9868-57a2d4851a1d" />
    <TestEntry testId="af634480-f99a-44a3-5b8d-9cf3e90e0b48" executionId="0ceccc93-7098-4a8f-a3d9-f343003618a4" testListId="8c84fa94-04c1-424b-9868-57a2d4851a1d" />
    <TestEntry testId="61bed709-d51c-4546-1e19-d28244e22284" executionId="8234197f-546a-487d-8e6a-56d1d84902be" testListId="8c84fa94-04c1-424b-9868-57a2d4851a1d" />
    <TestEntry testId="fe12808d-0506-6eab-eb05-77bd2e02ec15" executionId="ea3cb33e-f71b-422a-ba65-4ca633cf2463" testListId="8c84fa94-04c1-424b-9868-57a2d4851a1d" />
    <TestEntry testId="d3cd4303-01d6-7feb-d596-2e241121b5d7" executionId="4d741d68-da31-4431-95aa-1ed1f77eaaa9" testListId="8c84fa94-04c1-424b-9868-57a2d4851a1d" />
    <TestEntry testId="8708375f-c756-e690-ff37-4dd96ac5475a" executionId="a7c8641e-89c7-4c9b-8f2f-9e1abddf73e1" testListId="8c84fa94-04c1-424b-9868-57a2d4851a1d" />
    <TestEntry testId="ad8f6f68-90d6-6cad-38f7-1f7be53d4f24" executionId="e7c5986b-0101-4a9d-8b28-454ed94f5c71" testListId="8c84fa94-04c1-424b-9868-57a2d4851a1d" />
    <TestEntry testId="1ac10b01-5cd9-0000-5a9f-1624aa5a8838" executionId="d1b2e72a-5e41-486a-9d4c-6e457b9f7f8c" testListId="8c84fa94-04c1-424b-9868-57a2d4851a1d" />
    <TestEntry testId="7d64b838-8c5c-7918-f40d-6e360ef36539" executionId="1ef12366-29ba-4c09-a077-922e8707bfc2" testListId="8c84fa94-04c1-424b-9868-57a2d4851a1d" />
    <TestEntry testId="96d0a3f6-0243-2c4d-0d2d-6e36cb59bca9" executionId="a5a74007-4e5a-4bc6-b22d-d1590a549ed5" testListId="8c84fa94-04c1-424b-9868-57a2d4851a1d" />
    <TestEntry testId="deaef829-c3c1-63ef-1128-94114bfe098f" executionId="27048778-2348-4cb5-895e-3471c79eb221" testListId="8c84fa94-04c1-424b-9868-57a2d4851a1d" />
    <TestEntry testId="495add0d-b1de-9680-8b6c-0653c6468de1" executionId="e13905d1-3c0b-4f9c-9e99-cbf5707dcaae" testListId="8c84fa94-04c1-424b-9868-57a2d4851a1d" />
    <TestEntry testId="e180d8b1-d8f6-fe9c-2380-5cabfb589e47" executionId="ef1fc846-212f-4676-8ea2-d6b609992423" testListId="8c84fa94-04c1-424b-9868-57a2d4851a1d" />
    <TestEntry testId="25ab73f2-c36a-624e-368c-e3eb6ac9fcf4" executionId="225b2426-9896-4899-a326-2471c0bbc8d0" testListId="8c84fa94-04c1-424b-9868-57a2d4851a1d" />
    <TestEntry testId="60aa9a0b-42df-bd98-cb91-770ba8a1d572" executionId="f0241c6f-fc4e-4901-b721-21f5cc5e140e" testListId="8c84fa94-04c1-424b-9868-57a2d4851a1d" />
  </TestEntries>
  <TestLists>
    <TestList name="Results Not in a List" id="8c84fa94-04c1-424b-9868-57a2d4851a1d" />
    <TestList name="All Loaded Results" id="19431567-8539-422a-85d7-44ee4e166bda" />
  </TestLists>
  <ResultSummary outcome="Completed">
    <Counters total="34" executed="34" passed="34" failed="0" error="0" timeout="0" aborted="0" inconclusive="0" passedButRunAborted="0" notRunnable="0" notExecuted="0" disconnected="0" warning="0" completed="0" inProgress="0" pending="0" />
    <Output>
      <StdOut>[xUnit.net 00:00:00.00] xUnit.net VSTest Adapter v3.1.5+1b188a7b0a (64-bit .NET 10.0.11)
[xUnit.net 00:00:00.04]   Discovering: FS.GG.Coordination.UnitTests
[xUnit.net 00:00:00.07]   Discovered:  FS.GG.Coordination.UnitTests
[xUnit.net 00:00:00.08]   Starting:    FS.GG.Coordination.UnitTests
[xUnit.net 00:00:00.29]   Finished:    FS.GG.Coordination.UnitTests
</StdOut>
    </Output>
  </ResultSummary>
</TestRun>