<?xml version="1.0" encoding="utf-8"?>
<TestRun id="04980231-4198-4e01-a496-9d10140dda75" name="@04f35f7c357d 2026-09-06 15:57:23" xmlns="http://microsoft.com/schemas/VisualStudio/TeamTest/2010">
  <Times creation="2026-09-06T15:57:23.0618269+02:00" queuing="2026-09-06T15:57:23.0618269+02:00" start="2026-09-06T15:57:22.6809743+02:00" finish="2026-09-06T15:57:23.0657523+02:00" />
  <TestSettings name="default" id="12c0926b-43e8-4b79-b8bc-55ee28aa9cc2">
    <Deployment runDeploymentRoot="_04f35f7c357d_2026-09-06_15_57_23" />
  </TestSettings>
  <Results>
    <UnitTestResult executionId="4d488f86-7310-4ab9-8616-ca06df04fd14" testId="040a0490-d78d-46e5-b2d8-83bcfeaeec54" testName="FS.GG.Coordination.GitHubEventSecurityTests.installation and repository scopes are exact" computerName="04f35f7c357d" duration="00:00:00.0005294" startTime="2026-09-06T15:57:23.0048809+02:00" endTime="2026-09-06T15:57:23.0050405+02:00" testType="13cdc9d9-ddb5-4fa4-a97d-d965ccfc6d4b" outcome="Passed" testListId="8c84fa94-04c1-424b-9868-57a2d4851a1d" relativeResultsDirectory="4d488f86-7310-4ab9-8616-ca06df04fd14" />
    <UnitTestResult executionId="f864915b-dfda-4720-b00d-c6733efb4525" testId="6a8b8a9e-5f3d-dde7-e824-ebbfeab7fc6d" testName="FS.GG.Coordination.GitHubEventSecurityTests.signature authenticates exact raw bytes and canonical header" computerName="04f35f7c357d" duration="00:00:00.0002773" startTime="2026-09-06T15:57:23.0051317+02:00" endTime="2026-09-06T15:57:23.0053443+02:00" testType="13cdc9d9-ddb5-4fa4-a97d-d965ccfc6d4b" outcome="Passed" testListId="8c84fa94-04c1-424b-9868-57a2d4851a1d" relativeResultsDirectory="f864915b-dfda-4720-b00d-c6733efb4525" />
    <UnitTestResult executionId="fae6426a-4e6f-48b7-ac55-875892dd0e01" testId="6a30d12f-8ae4-3768-c17d-6a0c1e4b08fc" testName="FS.GG.Coordination.GitHubEventSecurityTests.replay window is inclusive and duplicates are rejected" computerName="04f35f7c357d" duration="00:00:00.0005148" startTime="2026-09-06T15:57:23.0085003+02:00" endTime="2026-09-06T15:57:23.0089624+02:00" testType="13cdc9d9-ddb5-4fa4-a97d-d965ccfc6d4b" outcome="Passed" testListId="8c84fa94-04c1-424b-9868-57a2d4851a1d" relativeResultsDirectory="fae6426a-4e6f-48b7-ac55-875892dd0e01" />
    <UnitTestResult executionId="f83237bd-a953-4753-a46f-de09ac607ee5" testId="f3159d19-bf51-0f8e-20cb-907fcca69447" testName="FS.GG.Coordination.GitHubEventSecurityTests.least privilege is exact and canonical" computerName="04f35f7c357d" duration="00:00:00.0005522" startTime="2026-09-06T15:57:23.0090402+02:00" endTime="2026-09-06T15:57:23.0095468+02:00" testType="13cdc9d9-ddb5-4fa4-a97d-d965ccfc6d4b" outcome="Passed" testListId="8c84fa94-04c1-424b-9868-57a2d4851a1d" relativeResultsDirectory="f83237bd-a953-4753-a46f-de09ac607ee5" />
    <UnitTestResult executionId="86fe0d7a-3d1a-4fa0-ba45-137eb98023fa" testId="7bd622e3-2edb-8fb8-4a54-ff0d19a05000" testName="FS.GG.Coordination.GitHubEventSecurityTests.direct derived write is refused" computerName="04f35f7c357d" duration="00:00:00.0001303" startTime="2026-09-06T15:57:23.0054159+02:00" endTime="2026-09-06T15:57:23.0055042+02:00" testType="13cdc9d9-ddb5-4fa4-a97d-d965ccfc6d4b" outcome="Passed" testListId="8c84fa94-04c1-424b-9868-57a2d4851a1d" relativeResultsDirectory="86fe0d7a-3d1a-4fa0-ba45-137eb98023fa" />
    <UnitTestResult executionId="e169e455-4a67-4bce-88f5-7b9b4ad3a61e" testId="1d79664a-7223-e8e5-aeeb-3385e5dff079" testName="FS.GG.Coordination.GitHubEventSecurityTests.payload and API authority must agree exactly" computerName="04f35f7c357d" duration="00:00:00.0002035" startTime="2026-09-06T15:57:23.0096577+02:00" endTime="2026-09-06T15:57:23.0097896+02:00" testType="13cdc9d9-ddb5-4fa4-a97d-d965ccfc6d4b" outcome="Passed" testListId="8c84fa94-04c1-424b-9868-57a2d4851a1d" relativeResultsDirectory="e169e455-4a67-4bce-88f5-7b9b4ad3a61e" />
    <UnitTestResult executionId="5b578ae5-d7ec-4f5b-8638-b539756b6b33" testId="8bef4cf0-89cd-f505-0502-b576b5590e1e" testName="FS.GG.Coordination.GitHubEventSecurityTests.control inventory mutation is detected" computerName="04f35f7c357d" duration="00:00:00.0136964" startTime="2026-09-06T15:57:22.9729148+02:00" endTime="2026-09-06T15:57:22.9920996+02:00" testType="13cdc9d9-ddb5-4fa4-a97d-d965ccfc6d4b" outcome="Passed" testListId="8c84fa94-04c1-424b-9868-57a2d4851a1d" relativeResultsDirectory="5b578ae5-d7ec-4f5b-8638-b539756b6b33" />
    <UnitTestResult executionId="f4c254cf-9da3-4ad0-8f04-5672cc3dc74a" testId="b9c1485e-e06b-f6a0-ad83-6ed5ae465576" testName="FS.GG.Coordination.GitHubEventSecurityTests.seal canonical serialization and replay fail closed" computerName="04f35f7c357d" duration="00:00:00.0124361" startTime="2026-09-06T15:57:22.9974066+02:00" endTime="2026-09-06T15:57:23.0045027+02:00" testType="13cdc9d9-ddb5-4fa4-a97d-d965ccfc6d4b" outcome="Passed" testListId="8c84fa94-04c1-424b-9868-57a2d4851a1d" relativeResultsDirectory="f4c254cf-9da3-4ad0-8f04-5672cc3dc74a" />
    <UnitTestResult executionId="34427af7-3e60-4500-b541-f98dddf36d9a" testId="fbcd05d2-5736-fecd-b23b-c15b30ecdbcd" testName="FS.GG.Coordination.GitHubEventSecurityTests.valid signed event emits only a reconciliation schedule" computerName="04f35f7c357d" duration="00:00:00.0028953" startTime="2026-09-06T15:57:23.0055804+02:00" endTime="2026-09-06T15:57:23.0084213+02:00" testType="13cdc9d9-ddb5-4fa4-a97d-d965ccfc6d4b" outcome="Passed" testListId="8c84fa94-04c1-424b-9868-57a2d4851a1d" relativeResultsDirectory="34427af7-3e60-4500-b541-f98dddf36d9a" />
  </Results>
  <TestDefinitions>
    <UnitTest name="FS.GG.Coordination.GitHubEventSecurityTests.valid signed event emits only a reconciliation schedule" storage="/home/developer/projects/fs.gg.coordination-gs2074.ynfif3/tests/fs.gg.coordination.unittests/bin/release/net10.0/fs.gg.coordination.unittests.dll" id="fbcd05d2-5736-fecd-b23b-c15b30ecdbcd">
      <Execution id="34427af7-3e60-4500-b541-f98dddf36d9a" />
      <TestMethod codeBase="/home/developer/projects/FS.GG.Coordination-gs2074.yNfIF3/tests/FS.GG.Coordination.UnitTests/bin/Release/net10.0/FS.GG.Coordination.UnitTests.dll" adapterTypeName="executor://xunit/VsTestRunner3/netcore/" className="FS.GG.Coordination.GitHubEventSecurityTests" name="valid signed event emits only a reconciliation schedule" />
    </UnitTest>
    <UnitTest name="FS.GG.Coordination.GitHubEventSecurityTests.direct derived write is refused" storage="/home/developer/projects/fs.gg.coordination-gs2074.ynfif3/tests/fs.gg.coordination.unittests/bin/release/net10.0/fs.gg.coordination.unittests.dll" id="7bd622e3-2edb-8fb8-4a54-ff0d19a05000">
      <Execution id="86fe0d7a-3d1a-4fa0-ba45-137eb98023fa" />
      <TestMethod codeBase="/home/developer/projects/FS.GG.Coordination-gs2074.yNfIF3/tests/FS.GG.Coordination.UnitTests/bin/Release/net10.0/FS.GG.Coordination.UnitTests.dll" adapterTypeName="executor://xunit/VsTestRunner3/netcore/" className="FS.GG.Coordination.GitHubEventSecurityTests" name="direct derived write is refused" />
    </UnitTest>
    <UnitTest name="FS.GG.Coordination.GitHubEventSecurityTests.seal canonical serialization and replay fail closed" storage="/home/developer/projects/fs.gg.coordination-gs2074.ynfif3/tests/fs.gg.coordination.unittests/bin/release/net10.0/fs.gg.coordination.unittests.dll" id="b9c1485e-e06b-f6a0-ad83-6ed5ae465576">
      <Execution id="f4c254cf-9da3-4ad0-8f04-5672cc3dc74a" />
      <TestMethod codeBase="/home/developer/projects/FS.GG.Coordination-gs2074.yNfIF3/tests/FS.GG.Coordination.UnitTests/bin/Release/net10.0/FS.GG.Coordination.UnitTests.dll" adapterTypeName="executor://xunit/VsTestRunner3/netcore/" className="FS.GG.Coordination.GitHubEventSecurityTests" name="seal canonical serialization and replay fail closed" />
    </UnitTest>
    <UnitTest name="FS.GG.Coordination.GitHubEventSecurityTests.replay window is inclusive and duplicates are rejected" storage="/home/developer/projects/fs.gg.coordination-gs2074.ynfif3/tests/fs.gg.coordination.unittests/bin/release/net10.0/fs.gg.coordination.unittests.dll" id="6a30d12f-8ae4-3768-c17d-6a0c1e4b08fc">
      <Execution id="fae6426a-4e6f-48b7-ac55-875892dd0e01" />
      <TestMethod codeBase="/home/developer/projects/FS.GG.Coordination-gs2074.yNfIF3/tests/FS.GG.Coordination.UnitTests/bin/Release/net10.0/FS.GG.Coordination.UnitTests.dll" adapterTypeName="executor://xunit/VsTestRunner3/netcore/" className="FS.GG.Coordination.GitHubEventSecurityTests" name="replay window is inclusive and duplicates are rejected" />
    </UnitTest>
    <UnitTest name="FS.GG.Coordination.GitHubEventSecurityTests.control inventory mutation is detected" storage="/home/developer/projects/fs.gg.coordination-gs2074.ynfif3/tests/fs.gg.coordination.unittests/bin/release/net10.0/fs.gg.coordination.unittests.dll" id="8bef4cf0-89cd-f505-0502-b576b5590e1e">
      <Execution id="5b578ae5-d7ec-4f5b-8638-b539756b6b33" />
      <TestMethod codeBase="/home/developer/projects/FS.GG.Coordination-gs2074.yNfIF3/tests/FS.GG.Coordination.UnitTests/bin/Release/net10.0/FS.GG.Coordination.UnitTests.dll" adapterTypeName="executor://xunit/VsTestRunner3/netcore/" className="FS.GG.Coordination.GitHubEventSecurityTests" name="control inventory mutation is detected" />
    </UnitTest>
    <UnitTest name="FS.GG.Coordination.GitHubEventSecurityTests.least privilege is exact and canonical" storage="/home/developer/projects/fs.gg.coordination-gs2074.ynfif3/tests/fs.gg.coordination.unittests/bin/release/net10.0/fs.gg.coordination.unittests.dll" id="f3159d19-bf51-0f8e-20cb-907fcca69447">
      <Execution id="f83237bd-a953-4753-a46f-de09ac607ee5" />
      <TestMethod codeBase="/home/developer/projects/FS.GG.Coordination-gs2074.yNfIF3/tests/FS.GG.Coordination.UnitTests/bin/Release/net10.0/FS.GG.Coordination.UnitTests.dll" adapterTypeName="executor://xunit/VsTestRunner3/netcore/" className="FS.GG.Coordination.GitHubEventSecurityTests" name="least privilege is exact and canonical" />
    </UnitTest>
    <UnitTest name="FS.GG.Coordination.GitHubEventSecurityTests.payload and API authority must agree exactly" storage="/home/developer/projects/fs.gg.coordination-gs2074.ynfif3/tests/fs.gg.coordination.unittests/bin/release/net10.0/fs.gg.coordination.unittests.dll" id="1d79664a-7223-e8e5-aeeb-3385e5dff079">
      <Execution id="e169e455-4a67-4bce-88f5-7b9b4ad3a61e" />
      <TestMethod codeBase="/home/developer/projects/FS.GG.Coordination-gs2074.yNfIF3/tests/FS.GG.Coordination.UnitTests/bin/Release/net10.0/FS.GG.Coordination.UnitTests.dll" adapterTypeName="executor://xunit/VsTestRunner3/netcore/" className="FS.GG.Coordination.GitHubEventSecurityTests" name="payload and API authority must agree exactly" />
    </UnitTest>
    <UnitTest name="FS.GG.Coordination.GitHubEventSecurityTests.signature authenticates exact raw bytes and canonical header" storage="/home/developer/projects/fs.gg.coordination-gs2074.ynfif3/tests/fs.gg.coordination.unittests/bin/release/net10.0/fs.gg.coordination.unittests.dll" id="6a8b8a9e-5f3d-dde7-e824-ebbfeab7fc6d">
      <Execution id="f864915b-dfda-4720-b00d-c6733efb4525" />
      <TestMethod codeBase="/home/developer/projects/FS.GG.Coordination-gs2074.yNfIF3/tests/FS.GG.Coordination.UnitTests/bin/Release/net10.0/FS.GG.Coordination.UnitTests.dll" adapterTypeName="executor://xunit/VsTestRunner3/netcore/" className="FS.GG.Coordination.GitHubEventSecurityTests" name="signature authenticates exact raw bytes and canonical header" />
    </UnitTest>
    <UnitTest name="FS.GG.Coordination.GitHubEventSecurityTests.installation and repository scopes are exact" storage="/home/developer/projects/fs.gg.coordination-gs2074.ynfif3/tests/fs.gg.coordination.unittests/bin/release/net10.0/fs.gg.coordination.unittests.dll" id="040a0490-d78d-46e5-b2d8-83bcfeaeec54">
      <Execution id="4d488f86-7310-4ab9-8616-ca06df04fd14" />
      <TestMethod codeBase="/home/developer/projects/FS.GG.Coordination-gs2074.yNfIF3/tests/FS.GG.Coordination.UnitTests/bin/Release/net10.0/FS.GG.Coordination.UnitTests.dll" adapterTypeName="executor://xunit/VsTestRunner3/netcore/" className="FS.GG.Coordination.GitHubEventSecurityTests" name="installation and repository scopes are exact" />
    </UnitTest>
  </TestDefinitions>
  <TestEntries>
    <TestEntry testId="040a0490-d78d-46e5-b2d8-83bcfeaeec54" executionId="4d488f86-7310-4ab9-8616-ca06df04fd14" testListId="8c84fa94-04c1-424b-9868-57a2d4851a1d" />
    <TestEntry testId="6a8b8a9e-5f3d-dde7-e824-ebbfeab7fc6d" executionId="f864915b-dfda-4720-b00d-c6733efb4525" testListId="8c84fa94-04c1-424b-9868-57a2d4851a1d" />
    <TestEntry testId="6a30d12f-8ae4-3768-c17d-6a0c1e4b08fc" executionId="fae6426a-4e6f-48b7-ac55-875892dd0e01" testListId="8c84fa94-04c1-424b-9868-57a2d4851a1d" />
    <TestEntry testId="f3159d19-bf51-0f8e-20cb-907fcca69447" executionId="f83237bd-a953-4753-a46f-de09ac607ee5" testListId="8c84fa94-04c1-424b-9868-57a2d4851a1d" />
    <TestEntry testId="7bd622e3-2edb-8fb8-4a54-ff0d19a05000" executionId="86fe0d7a-3d1a-4fa0-ba45-137eb98023fa" testListId="8c84fa94-04c1-424b-9868-57a2d4851a1d" />
    <TestEntry testId="1d79664a-7223-e8e5-aeeb-3385e5dff079" executionId="e169e455-4a67-4bce-88f5-7b9b4ad3a61e" testListId="8c84fa94-04c1-424b-9868-57a2d4851a1d" />
    <TestEntry testId="8bef4cf0-89cd-f505-0502-b576b5590e1e" executionId="5b578ae5-d7ec-4f5b-8638-b539756b6b33" testListId="8c84fa94-04c1-424b-9868-57a2d4851a1d" />
    <TestEntry testId="b9c1485e-e06b-f6a0-ad83-6ed5ae465576" executionId="f4c254cf-9da3-4ad0-8f04-5672cc3dc74a" testListId="8c84fa94-04c1-424b-9868-57a2d4851a1d" />
    <TestEntry testId="fbcd05d2-5736-fecd-b23b-c15b30ecdbcd" executionId="34427af7-3e60-4500-b541-f98dddf36d9a" testListId="8c84fa94-04c1-424b-9868-57a2d4851a1d" />
  </TestEntries>
  <TestLists>
    <TestList name="Results Not in a List" id="8c84fa94-04c1-424b-9868-57a2d4851a1d" />
    <TestList name="All Loaded Results" id="19431567-8539-422a-85d7-44ee4e166bda" />
  </TestLists>
  <ResultSummary outcome="Completed">
    <Counters total="9" executed="9" passed="9" failed="0" error="0" timeout="0" aborted="0" inconclusive="0" passedButRunAborted="0" notRunnable="0" notExecuted="0" disconnected="0" warning="0" completed="0" inProgress="0" pending="0" />
    <Output>
      <StdOut>[xUnit.net 00:00:00.00] xUnit.net VSTest Adapter v3.1.5+1b188a7b0a (64-bit .NET 10.0.11)
[xUnit.net 00:00:00.05]   Discovering: FS.GG.Coordination.UnitTests
[xUnit.net 00:00:00.08]   Discovered:  FS.GG.Coordination.UnitTests
[xUnit.net 00:00:00.10]   Starting:    FS.GG.Coordination.UnitTests
[xUnit.net 00:00:00.15]   Finished:    FS.GG.Coordination.UnitTests
</StdOut>
    </Output>
  </ResultSummary>
</TestRun>