<?xml version="1.0" encoding="utf-8"?>
<TestRun id="05d424cf-84a4-4870-82fc-801076cf59da" name="@04f35f7c357d 2026-09-07 23:14:36" xmlns="http://microsoft.com/schemas/VisualStudio/TeamTest/2010">
  <Times creation="2026-09-07T23:14:36.9493524+02:00" queuing="2026-09-07T23:14:36.9493524+02:00" start="2026-09-07T23:14:36.5524898+02:00" finish="2026-09-07T23:14:36.9527224+02:00" />
  <TestSettings name="default" id="0665947c-8662-4160-95f9-1d94b1fefa4a">
    <Deployment runDeploymentRoot="_04f35f7c357d_2026-09-07_23_14_36" />
  </TestSettings>
  <Results>
    <UnitTestResult executionId="caa9c057-8e74-47fd-a4c2-704019726ab9" testId="1aaccd37-6665-48a3-feb3-607afdb59b7e" testName="FS.GG.Coordination.GitHubQueueSandboxTests.recovery requires sealed resume deterministic retry reverse compensation and cleanup" computerName="04f35f7c357d" duration="00:00:00.0047148" startTime="2026-09-07T23:14:36.8772152+02:00" endTime="2026-09-07T23:14:36.8818359+02:00" testType="13cdc9d9-ddb5-4fa4-a97d-d965ccfc6d4b" outcome="Passed" testListId="8c84fa94-04c1-424b-9868-57a2d4851a1d" relativeResultsDirectory="caa9c057-8e74-47fd-a4c2-704019726ab9" />
    <UnitTestResult executionId="0e8d3a20-2b09-4666-9e98-57bdb0569800" testId="b28c2137-438c-ba17-9870-9e6becd814e2" testName="FS.GG.Coordination.GitHubQueueSandboxTests.pilot serialization seal and replay are exact" computerName="04f35f7c357d" duration="00:00:00.0042220" startTime="2026-09-07T23:14:36.8907752+02:00" endTime="2026-09-07T23:14:36.8948470+02:00" testType="13cdc9d9-ddb5-4fa4-a97d-d965ccfc6d4b" outcome="Passed" testListId="8c84fa94-04c1-424b-9868-57a2d4851a1d" relativeResultsDirectory="0e8d3a20-2b09-4666-9e98-57bdb0569800" />
    <UnitTestResult executionId="586d840a-0267-4e14-bf99-1853d62a9728" testId="c27f0739-387d-5194-1ab0-368f6a6b3c37" testName="FS.GG.Coordination.GitHubQueueSandboxTests.pilot refuses capability prestate visibility identity and authority drift" computerName="04f35f7c357d" duration="00:00:00.0008827" startTime="2026-09-07T23:14:36.8660928+02:00" endTime="2026-09-07T23:14:36.8666282+02:00" testType="13cdc9d9-ddb5-4fa4-a97d-d965ccfc6d4b" outcome="Passed" testListId="8c84fa94-04c1-424b-9868-57a2d4851a1d" relativeResultsDirectory="586d840a-0267-4e14-bf99-1853d62a9728" />
    <UnitTestResult executionId="eaf102cc-0a96-4d88-b3c3-796faaa585e4" testId="f65a520b-c643-ac57-135d-3df33e89c94b" testName="FS.GG.Coordination.GitHubQueueSandboxTests.routine burst refuses cancellation lost subjects missing contexts stale green and absent movement" computerName="04f35f7c357d" duration="00:00:00.0005913" startTime="2026-09-07T23:14:36.8819259+02:00" endTime="2026-09-07T23:14:36.8824385+02:00" testType="13cdc9d9-ddb5-4fa4-a97d-d965ccfc6d4b" outcome="Passed" testListId="8c84fa94-04c1-424b-9868-57a2d4851a1d" relativeResultsDirectory="eaf102cc-0a96-4d88-b3c3-796faaa585e4" />
    <UnitTestResult executionId="c0c6e64f-3294-44e4-9a5b-8ad90b3d28e6" testId="9b60b37f-c320-de33-2408-2cb272acb52f" testName="FS.GG.Coordination.GitHubQueueSandboxTests.pilot binds distinct candidate and merge-group heads plus forward base and grown checks" computerName="04f35f7c357d" duration="00:00:00.0089668" startTime="2026-09-07T23:14:36.8622163+02:00" endTime="2026-09-07T23:14:36.8657179+02:00" testType="13cdc9d9-ddb5-4fa4-a97d-d965ccfc6d4b" outcome="Passed" testListId="8c84fa94-04c1-424b-9868-57a2d4851a1d" relativeResultsDirectory="c0c6e64f-3294-44e4-9a5b-8ad90b3d28e6" />
    <UnitTestResult executionId="9f255392-47a0-4efc-a7f2-fd4dbedba9fc" testId="38f62470-1ec6-4579-3fe1-ec96c53a2114" testName="FS.GG.Coordination.GitHubQueueSandboxTests.recovery serialization seal replay and control inventory are exact" computerName="04f35f7c357d" duration="00:00:00.0081083" startTime="2026-09-07T23:14:36.8825112+02:00" endTime="2026-09-07T23:14:36.8906119+02:00" testType="13cdc9d9-ddb5-4fa4-a97d-d965ccfc6d4b" outcome="Passed" testListId="8c84fa94-04c1-424b-9868-57a2d4851a1d" relativeResultsDirectory="9f255392-47a0-4efc-a7f2-fd4dbedba9fc" />
    <UnitTestResult executionId="981d2f03-bfc3-443d-b698-689613236b33" testId="098e2c1a-58b6-1c78-c190-1282ef69a676" testName="FS.GG.Coordination.GitHubQueueSandboxTests.pilot refuses stale base incomplete or unsuccessful grown checks and expiry" computerName="04f35f7c357d" duration="00:00:00.0134746" startTime="2026-09-07T23:14:36.8404787+02:00" endTime="2026-09-07T23:14:36.8568064+02:00" testType="13cdc9d9-ddb5-4fa4-a97d-d965ccfc6d4b" outcome="Passed" testListId="8c84fa94-04c1-424b-9868-57a2d4851a1d" relativeResultsDirectory="981d2f03-bfc3-443d-b698-689613236b33" />
    <UnitTestResult executionId="461b346f-d646-4be2-9192-bbb6171ca812" testId="b3141caf-3484-9e9a-6210-bc2541f2efa8" testName="FS.GG.Coordination.GitHubQueueSandboxTests.routine burst preserves distinct subjects and current authorization while coalescing hints" computerName="04f35f7c357d" duration="00:00:00.0104315" startTime="2026-09-07T23:14:36.8667417+02:00" endTime="2026-09-07T23:14:36.8770938+02:00" testType="13cdc9d9-ddb5-4fa4-a97d-d965ccfc6d4b" outcome="Passed" testListId="8c84fa94-04c1-424b-9868-57a2d4851a1d" relativeResultsDirectory="461b346f-d646-4be2-9192-bbb6171ca812" />
  </Results>
  <TestDefinitions>
    <UnitTest name="FS.GG.Coordination.GitHubQueueSandboxTests.routine burst refuses cancellation lost subjects missing contexts stale green and absent movement" storage="/tmp/fsgg-320-gs2-07-6-recovery.lbz2nv/tests/fs.gg.coordination.unittests/bin/release/net10.0/fs.gg.coordination.unittests.dll" id="f65a520b-c643-ac57-135d-3df33e89c94b">
      <Execution id="eaf102cc-0a96-4d88-b3c3-796faaa585e4" />
      <TestMethod codeBase="/tmp/fsgg-320-gs2-07-6-recovery.LBz2NV/tests/FS.GG.Coordination.UnitTests/bin/Release/net10.0/FS.GG.Coordination.UnitTests.dll" adapterTypeName="executor://xunit/VsTestRunner3/netcore/" className="FS.GG.Coordination.GitHubQueueSandboxTests" name="routine burst refuses cancellation lost subjects missing contexts stale green and absent movement" />
    </UnitTest>
    <UnitTest name="FS.GG.Coordination.GitHubQueueSandboxTests.pilot serialization seal and replay are exact" storage="/tmp/fsgg-320-gs2-07-6-recovery.lbz2nv/tests/fs.gg.coordination.unittests/bin/release/net10.0/fs.gg.coordination.unittests.dll" id="b28c2137-438c-ba17-9870-9e6becd814e2">
      <Execution id="0e8d3a20-2b09-4666-9e98-57bdb0569800" />
      <TestMethod codeBase="/tmp/fsgg-320-gs2-07-6-recovery.LBz2NV/tests/FS.GG.Coordination.UnitTests/bin/Release/net10.0/FS.GG.Coordination.UnitTests.dll" adapterTypeName="executor://xunit/VsTestRunner3/netcore/" className="FS.GG.Coordination.GitHubQueueSandboxTests" name="pilot serialization seal and replay are exact" />
    </UnitTest>
    <UnitTest name="FS.GG.Coordination.GitHubQueueSandboxTests.pilot refuses capability prestate visibility identity and authority drift" storage="/tmp/fsgg-320-gs2-07-6-recovery.lbz2nv/tests/fs.gg.coordination.unittests/bin/release/net10.0/fs.gg.coordination.unittests.dll" id="c27f0739-387d-5194-1ab0-368f6a6b3c37">
      <Execution id="586d840a-0267-4e14-bf99-1853d62a9728" />
      <TestMethod codeBase="/tmp/fsgg-320-gs2-07-6-recovery.LBz2NV/tests/FS.GG.Coordination.UnitTests/bin/Release/net10.0/FS.GG.Coordination.UnitTests.dll" adapterTypeName="executor://xunit/VsTestRunner3/netcore/" className="FS.GG.Coordination.GitHubQueueSandboxTests" name="pilot refuses capability prestate visibility identity and authority drift" />
    </UnitTest>
    <UnitTest name="FS.GG.Coordination.GitHubQueueSandboxTests.pilot binds distinct candidate and merge-group heads plus forward base and grown checks" storage="/tmp/fsgg-320-gs2-07-6-recovery.lbz2nv/tests/fs.gg.coordination.unittests/bin/release/net10.0/fs.gg.coordination.unittests.dll" id="9b60b37f-c320-de33-2408-2cb272acb52f">
      <Execution id="c0c6e64f-3294-44e4-9a5b-8ad90b3d28e6" />
      <TestMethod codeBase="/tmp/fsgg-320-gs2-07-6-recovery.LBz2NV/tests/FS.GG.Coordination.UnitTests/bin/Release/net10.0/FS.GG.Coordination.UnitTests.dll" adapterTypeName="executor://xunit/VsTestRunner3/netcore/" className="FS.GG.Coordination.GitHubQueueSandboxTests" name="pilot binds distinct candidate and merge-group heads plus forward base and grown checks" />
    </UnitTest>
    <UnitTest name="FS.GG.Coordination.GitHubQueueSandboxTests.recovery requires sealed resume deterministic retry reverse compensation and cleanup" storage="/tmp/fsgg-320-gs2-07-6-recovery.lbz2nv/tests/fs.gg.coordination.unittests/bin/release/net10.0/fs.gg.coordination.unittests.dll" id="1aaccd37-6665-48a3-feb3-607afdb59b7e">
      <Execution id="caa9c057-8e74-47fd-a4c2-704019726ab9" />
      <TestMethod codeBase="/tmp/fsgg-320-gs2-07-6-recovery.LBz2NV/tests/FS.GG.Coordination.UnitTests/bin/Release/net10.0/FS.GG.Coordination.UnitTests.dll" adapterTypeName="executor://xunit/VsTestRunner3/netcore/" className="FS.GG.Coordination.GitHubQueueSandboxTests" name="recovery requires sealed resume deterministic retry reverse compensation and cleanup" />
    </UnitTest>
    <UnitTest name="FS.GG.Coordination.GitHubQueueSandboxTests.recovery serialization seal replay and control inventory are exact" storage="/tmp/fsgg-320-gs2-07-6-recovery.lbz2nv/tests/fs.gg.coordination.unittests/bin/release/net10.0/fs.gg.coordination.unittests.dll" id="38f62470-1ec6-4579-3fe1-ec96c53a2114">
      <Execution id="9f255392-47a0-4efc-a7f2-fd4dbedba9fc" />
      <TestMethod codeBase="/tmp/fsgg-320-gs2-07-6-recovery.LBz2NV/tests/FS.GG.Coordination.UnitTests/bin/Release/net10.0/FS.GG.Coordination.UnitTests.dll" adapterTypeName="executor://xunit/VsTestRunner3/netcore/" className="FS.GG.Coordination.GitHubQueueSandboxTests" name="recovery serialization seal replay and control inventory are exact" />
    </UnitTest>
    <UnitTest name="FS.GG.Coordination.GitHubQueueSandboxTests.routine burst preserves distinct subjects and current authorization while coalescing hints" storage="/tmp/fsgg-320-gs2-07-6-recovery.lbz2nv/tests/fs.gg.coordination.unittests/bin/release/net10.0/fs.gg.coordination.unittests.dll" id="b3141caf-3484-9e9a-6210-bc2541f2efa8">
      <Execution id="461b346f-d646-4be2-9192-bbb6171ca812" />
      <TestMethod codeBase="/tmp/fsgg-320-gs2-07-6-recovery.LBz2NV/tests/FS.GG.Coordination.UnitTests/bin/Release/net10.0/FS.GG.Coordination.UnitTests.dll" adapterTypeName="executor://xunit/VsTestRunner3/netcore/" className="FS.GG.Coordination.GitHubQueueSandboxTests" name="routine burst preserves distinct subjects and current authorization while coalescing hints" />
    </UnitTest>
    <UnitTest name="FS.GG.Coordination.GitHubQueueSandboxTests.pilot refuses stale base incomplete or unsuccessful grown checks and expiry" storage="/tmp/fsgg-320-gs2-07-6-recovery.lbz2nv/tests/fs.gg.coordination.unittests/bin/release/net10.0/fs.gg.coordination.unittests.dll" id="098e2c1a-58b6-1c78-c190-1282ef69a676">
      <Execution id="981d2f03-bfc3-443d-b698-689613236b33" />
      <TestMethod codeBase="/tmp/fsgg-320-gs2-07-6-recovery.LBz2NV/tests/FS.GG.Coordination.UnitTests/bin/Release/net10.0/FS.GG.Coordination.UnitTests.dll" adapterTypeName="executor://xunit/VsTestRunner3/netcore/" className="FS.GG.Coordination.GitHubQueueSandboxTests" name="pilot refuses stale base incomplete or unsuccessful grown checks and expiry" />
    </UnitTest>
  </TestDefinitions>
  <TestEntries>
    <TestEntry testId="1aaccd37-6665-48a3-feb3-607afdb59b7e" executionId="caa9c057-8e74-47fd-a4c2-704019726ab9" testListId="8c84fa94-04c1-424b-9868-57a2d4851a1d" />
    <TestEntry testId="b28c2137-438c-ba17-9870-9e6becd814e2" executionId="0e8d3a20-2b09-4666-9e98-57bdb0569800" testListId="8c84fa94-04c1-424b-9868-57a2d4851a1d" />
    <TestEntry testId="c27f0739-387d-5194-1ab0-368f6a6b3c37" executionId="586d840a-0267-4e14-bf99-1853d62a9728" testListId="8c84fa94-04c1-424b-9868-57a2d4851a1d" />
    <TestEntry testId="f65a520b-c643-ac57-135d-3df33e89c94b" executionId="eaf102cc-0a96-4d88-b3c3-796faaa585e4" testListId="8c84fa94-04c1-424b-9868-57a2d4851a1d" />
    <TestEntry testId="9b60b37f-c320-de33-2408-2cb272acb52f" executionId="c0c6e64f-3294-44e4-9a5b-8ad90b3d28e6" testListId="8c84fa94-04c1-424b-9868-57a2d4851a1d" />
    <TestEntry testId="38f62470-1ec6-4579-3fe1-ec96c53a2114" executionId="9f255392-47a0-4efc-a7f2-fd4dbedba9fc" testListId="8c84fa94-04c1-424b-9868-57a2d4851a1d" />
    <TestEntry testId="098e2c1a-58b6-1c78-c190-1282ef69a676" executionId="981d2f03-bfc3-443d-b698-689613236b33" testListId="8c84fa94-04c1-424b-9868-57a2d4851a1d" />
    <TestEntry testId="b3141caf-3484-9e9a-6210-bc2541f2efa8" executionId="461b346f-d646-4be2-9192-bbb6171ca812" testListId="8c84fa94-04c1-424b-9868-57a2d4851a1d" />
  </TestEntries>
  <TestLists>
    <TestList name="Results Not in a List" id="8c84fa94-04c1-424b-9868-57a2d4851a1d" />
    <TestList name="All Loaded Results" id="19431567-8539-422a-85d7-44ee4e166bda" />
  </TestLists>
  <ResultSummary outcome="Completed">
    <Counters total="8" executed="8" passed="8" failed="0" error="0" timeout="0" aborted="0" inconclusive="0" passedButRunAborted="0" notRunnable="0" notExecuted="0" disconnected="0" warning="0" completed="0" inProgress="0" pending="0" />
    <Output>
      <StdOut>[xUnit.net 00:00:00.00] xUnit.net VSTest Adapter v3.1.5+1b188a7b0a (64-bit .NET 10.0.11)
[xUnit.net 00:00:00.05]   Discovering: FS.GG.Coordination.UnitTests
[xUnit.net 00:00:00.08]   Discovered:  FS.GG.Coordination.UnitTests
[xUnit.net 00:00:00.10]   Starting:    FS.GG.Coordination.UnitTests
[xUnit.net 00:00:00.16]   Finished:    FS.GG.Coordination.UnitTests
</StdOut>
    </Output>
  </ResultSummary>
</TestRun>
