<?xml version="1.0" encoding="utf-8"?>
<TestRun id="d899cdbb-15d0-4293-a32a-dccef8150968" name="@b0472e9cae0d 2026-09-05 19:53:08" xmlns="http://microsoft.com/schemas/VisualStudio/TeamTest/2010">
  <Times creation="2026-09-05T19:53:08.4512093+02:00" queuing="2026-09-05T19:53:08.4512111+02:00" start="2026-09-05T19:53:06.5910123+02:00" finish="2026-09-05T19:53:09.3450348+02:00" />
  <TestSettings name="default" id="2d81e873-23d9-4173-9af9-7af4ee7cb105">
    <Deployment runDeploymentRoot="_b0472e9cae0d_2026-09-05_19_53_08" />
  </TestSettings>
  <Results>
    <UnitTestResult executionId="6f582859-dc0c-46db-9790-9a04e3419133" testId="8f02e9b7-b32e-6c60-6d78-ae2a83381b49" testName="FS.GG.Coordination.GitHubAuditRepairArchitectureTests.Q3 audit repair validator executes all controls" computerName="b0472e9cae0d" duration="00:00:01.9697511" startTime="2026-09-05T19:53:07.3188530+02:00" endTime="2026-09-05T19:53:09.2883443+02:00" testType="13cdc9d9-ddb5-4fa4-a97d-d965ccfc6d4b" outcome="Passed" testListId="8c84fa94-04c1-424b-9868-57a2d4851a1d" relativeResultsDirectory="6f582859-dc0c-46db-9790-9a04e3419133" />
    <UnitTestResult executionId="139937bf-cb9d-4c3b-8843-7e464dbbc749" testId="eff78203-cf0d-7583-f0d4-5d7ddad408d3" testName="FS.GG.Coordination.GitHubAuditRepairArchitectureTests.retained audit writer classification and control inventories are exact" computerName="b0472e9cae0d" duration="00:00:00.0193816" startTime="2026-09-05T19:53:07.2963895+02:00" endTime="2026-09-05T19:53:07.3040610+02:00" testType="13cdc9d9-ddb5-4fa4-a97d-d965ccfc6d4b" outcome="Passed" testListId="8c84fa94-04c1-424b-9868-57a2d4851a1d" relativeResultsDirectory="139937bf-cb9d-4c3b-8843-7e464dbbc749" />
    <UnitTestResult executionId="d91fdb82-1e08-4396-b84e-c08b825b9214" testId="3328511b-9bed-e3bb-bdef-b32e0f177de1" testName="FS.GG.Coordination.GitHubAuditRepairArchitectureTests.Q3 keeps generated and independent audit execution paths separate" computerName="b0472e9cae0d" duration="00:00:00.0044561" startTime="2026-09-05T19:53:07.2749642+02:00" endTime="2026-09-05T19:53:07.2844757+02:00" testType="13cdc9d9-ddb5-4fa4-a97d-d965ccfc6d4b" outcome="Passed" testListId="8c84fa94-04c1-424b-9868-57a2d4851a1d" relativeResultsDirectory="d91fdb82-1e08-4396-b84e-c08b825b9214" />
    <UnitTestResult executionId="6dec679c-4d8b-46a7-8b75-51ec47ffed6a" testId="41580971-1189-ad2c-f5d1-f4e667e74ae4" testName="FS.GG.Coordination.GitHubAuditRepairArchitectureTests.audit repair surface remains pure and repository local" computerName="b0472e9cae0d" duration="00:00:00.0142852" startTime="2026-09-05T19:53:07.3051869+02:00" endTime="2026-09-05T19:53:07.3184433+02:00" testType="13cdc9d9-ddb5-4fa4-a97d-d965ccfc6d4b" outcome="Passed" testListId="8c84fa94-04c1-424b-9868-57a2d4851a1d" relativeResultsDirectory="6dec679c-4d8b-46a7-8b75-51ec47ffed6a" />
  </Results>
  <TestDefinitions>
    <UnitTest name="FS.GG.Coordination.GitHubAuditRepairArchitectureTests.Q3 audit repair validator executes all controls" storage="/home/developer/projects/fs.gg.coordination-worktrees/item-304-gs2-07-3-audit-repair/tests/fs.gg.coordination.architecturetests/bin/release/net10.0/fs.gg.coordination.architecturetests.dll" id="8f02e9b7-b32e-6c60-6d78-ae2a83381b49">
      <Execution id="6f582859-dc0c-46db-9790-9a04e3419133" />
      <TestMethod codeBase="/home/developer/projects/FS.GG.Coordination-worktrees/item-304-gs2-07-3-audit-repair/tests/FS.GG.Coordination.ArchitectureTests/bin/Release/net10.0/FS.GG.Coordination.ArchitectureTests.dll" adapterTypeName="executor://xunit/VsTestRunner3/netcore/" className="FS.GG.Coordination.GitHubAuditRepairArchitectureTests" name="Q3 audit repair validator executes all controls" />
    </UnitTest>
    <UnitTest name="FS.GG.Coordination.GitHubAuditRepairArchitectureTests.audit repair surface remains pure and repository local" storage="/home/developer/projects/fs.gg.coordination-worktrees/item-304-gs2-07-3-audit-repair/tests/fs.gg.coordination.architecturetests/bin/release/net10.0/fs.gg.coordination.architecturetests.dll" id="41580971-1189-ad2c-f5d1-f4e667e74ae4">
      <Execution id="6dec679c-4d8b-46a7-8b75-51ec47ffed6a" />
      <TestMethod codeBase="/home/developer/projects/FS.GG.Coordination-worktrees/item-304-gs2-07-3-audit-repair/tests/FS.GG.Coordination.ArchitectureTests/bin/Release/net10.0/FS.GG.Coordination.ArchitectureTests.dll" adapterTypeName="executor://xunit/VsTestRunner3/netcore/" className="FS.GG.Coordination.GitHubAuditRepairArchitectureTests" name="audit repair surface remains pure and repository local" />
    </UnitTest>
    <UnitTest name="FS.GG.Coordination.GitHubAuditRepairArchitectureTests.Q3 keeps generated and independent audit execution paths separate" storage="/home/developer/projects/fs.gg.coordination-worktrees/item-304-gs2-07-3-audit-repair/tests/fs.gg.coordination.architecturetests/bin/release/net10.0/fs.gg.coordination.architecturetests.dll" id="3328511b-9bed-e3bb-bdef-b32e0f177de1">
      <Execution id="d91fdb82-1e08-4396-b84e-c08b825b9214" />
      <TestMethod codeBase="/home/developer/projects/FS.GG.Coordination-worktrees/item-304-gs2-07-3-audit-repair/tests/FS.GG.Coordination.ArchitectureTests/bin/Release/net10.0/FS.GG.Coordination.ArchitectureTests.dll" adapterTypeName="executor://xunit/VsTestRunner3/netcore/" className="FS.GG.Coordination.GitHubAuditRepairArchitectureTests" name="Q3 keeps generated and independent audit execution paths separate" />
    </UnitTest>
    <UnitTest name="FS.GG.Coordination.GitHubAuditRepairArchitectureTests.retained audit writer classification and control inventories are exact" storage="/home/developer/projects/fs.gg.coordination-worktrees/item-304-gs2-07-3-audit-repair/tests/fs.gg.coordination.architecturetests/bin/release/net10.0/fs.gg.coordination.architecturetests.dll" id="eff78203-cf0d-7583-f0d4-5d7ddad408d3">
      <Execution id="139937bf-cb9d-4c3b-8843-7e464dbbc749" />
      <TestMethod codeBase="/home/developer/projects/FS.GG.Coordination-worktrees/item-304-gs2-07-3-audit-repair/tests/FS.GG.Coordination.ArchitectureTests/bin/Release/net10.0/FS.GG.Coordination.ArchitectureTests.dll" adapterTypeName="executor://xunit/VsTestRunner3/netcore/" className="FS.GG.Coordination.GitHubAuditRepairArchitectureTests" name="retained audit writer classification and control inventories are exact" />
    </UnitTest>
  </TestDefinitions>
  <TestEntries>
    <TestEntry testId="8f02e9b7-b32e-6c60-6d78-ae2a83381b49" executionId="6f582859-dc0c-46db-9790-9a04e3419133" testListId="8c84fa94-04c1-424b-9868-57a2d4851a1d" />
    <TestEntry testId="eff78203-cf0d-7583-f0d4-5d7ddad408d3" executionId="139937bf-cb9d-4c3b-8843-7e464dbbc749" testListId="8c84fa94-04c1-424b-9868-57a2d4851a1d" />
    <TestEntry testId="3328511b-9bed-e3bb-bdef-b32e0f177de1" executionId="d91fdb82-1e08-4396-b84e-c08b825b9214" testListId="8c84fa94-04c1-424b-9868-57a2d4851a1d" />
    <TestEntry testId="41580971-1189-ad2c-f5d1-f4e667e74ae4" executionId="6dec679c-4d8b-46a7-8b75-51ec47ffed6a" testListId="8c84fa94-04c1-424b-9868-57a2d4851a1d" />
  </TestEntries>
  <TestLists>
    <TestList name="Results Not in a List" id="8c84fa94-04c1-424b-9868-57a2d4851a1d" />
    <TestList name="All Loaded Results" id="19431567-8539-422a-85d7-44ee4e166bda" />
  </TestLists>
  <ResultSummary outcome="Completed">
    <Counters total="4" executed="4" passed="4" failed="0" error="0" timeout="0" aborted="0" inconclusive="0" passedButRunAborted="0" notRunnable="0" notExecuted="0" disconnected="0" warning="0" completed="0" inProgress="0" pending="0" />
    <Output>
      <StdOut>[xUnit.net 00:00:00.00] xUnit.net VSTest Adapter v3.1.5+1b188a7b0a (64-bit .NET 10.0.11)
[xUnit.net 00:00:00.13]   Discovering: FS.GG.Coordination.ArchitectureTests
[xUnit.net 00:00:00.24]   Discovered:  FS.GG.Coordination.ArchitectureTests
[xUnit.net 00:00:00.27]   Starting:    FS.GG.Coordination.ArchitectureTests
[xUnit.net 00:00:02.32]   Finished:    FS.GG.Coordination.ArchitectureTests
</StdOut>
    </Output>
  </ResultSummary>
</TestRun>